../Drivers/STM32G4xx_HAL_Driver/Src/stm32g4xx_hal_i2s.c:1815:26:I2S_WaitFlagStateUntilTimeout	24	static
../Drivers/STM32G4xx_HAL_Driver/Src/stm32g4xx_hal_i2s.c:473:13:HAL_I2S_MspInit	0	static
../Drivers/STM32G4xx_HAL_Driver/Src/stm32g4xx_hal_i2s.c:264:19:HAL_I2S_Init	16	static
../Drivers/STM32G4xx_HAL_Driver/Src/stm32g4xx_hal_i2s.c:489:13:HAL_I2S_MspDeInit	0	static
../Drivers/STM32G4xx_HAL_Driver/Src/stm32g4xx_hal_i2s.c:429:19:HAL_I2S_DeInit	8	static
../Drivers/STM32G4xx_HAL_Driver/Src/stm32g4xx_hal_i2s.c:752:19:HAL_I2S_Transmit	32	static
../Drivers/STM32G4xx_HAL_Driver/Src/stm32g4xx_hal_i2s.c:870:19:HAL_I2S_Receive	24	static
../Drivers/STM32G4xx_HAL_Driver/Src/stm32g4xx_hal_i2s.c:967:19:HAL_I2S_Transmit_IT	8	static
../Drivers/STM32G4xx_HAL_Driver/Src/stm32g4xx_hal_i2s.c:1033:19:HAL_I2S_Receive_IT	8	static
../Drivers/STM32G4xx_HAL_Driver/Src/stm32g4xx_hal_i2s.c:1097:19:HAL_I2S_Transmit_DMA	16	static
../Drivers/STM32G4xx_HAL_Driver/Src/stm32g4xx_hal_i2s.c:1188:19:HAL_I2S_Receive_DMA	24	static
../Drivers/STM32G4xx_HAL_Driver/Src/stm32g4xx_hal_i2s.c:1277:19:HAL_I2S_DMAPause	0	static
../Drivers/STM32G4xx_HAL_Driver/Src/stm32g4xx_hal_i2s.c:1309:19:HAL_I2S_DMAResume	0	static
../Drivers/STM32G4xx_HAL_Driver/Src/stm32g4xx_hal_i2s.c:1348:19:HAL_I2S_DMAStop	24	static
../Drivers/STM32G4xx_HAL_Driver/Src/stm32g4xx_hal_i2s.c:1509:13:HAL_I2S_TxHalfCpltCallback	0	static
../Drivers/STM32G4xx_HAL_Driver/Src/stm32g4xx_hal_i2s.c:1667:13:I2S_DMATxHalfCplt	8	static
../Drivers/STM32G4xx_HAL_Driver/Src/stm32g4xx_hal_i2s.c:1525:13:HAL_I2S_TxCpltCallback	0	static
../Drivers/STM32G4xx_HAL_Driver/Src/stm32g4xx_hal_i2s.c:1640:13:I2S_DMATxCplt	8	static
../Drivers/STM32G4xx_HAL_Driver/Src/stm32g4xx_hal_i2s.c:1541:13:HAL_I2S_RxHalfCpltCallback	0	static
../Drivers/STM32G4xx_HAL_Driver/Src/stm32g4xx_hal_i2s.c:1711:13:I2S_DMARxHalfCplt	8	static
../Drivers/STM32G4xx_HAL_Driver/Src/stm32g4xx_hal_i2s.c:1557:13:HAL_I2S_RxCpltCallback	0	static
../Drivers/STM32G4xx_HAL_Driver/Src/stm32g4xx_hal_i2s.c:1685:13:I2S_DMARxCplt	8	static
../Drivers/STM32G4xx_HAL_Driver/Src/stm32g4xx_hal_i2s.c:1573:13:HAL_I2S_ErrorCallback	0	static
../Drivers/STM32G4xx_HAL_Driver/Src/stm32g4xx_hal_i2s.c:1729:13:I2S_DMAError	8	static
../Drivers/STM32G4xx_HAL_Driver/Src/stm32g4xx_hal_i2s.c:1448:6:HAL_I2S_IRQHandler	16	static
../Drivers/STM32G4xx_HAL_Driver/Src/stm32g4xx_hal_i2s.c:1608:22:HAL_I2S_GetState	0	static
../Drivers/STM32G4xx_HAL_Driver/Src/stm32g4xx_hal_i2s.c:1619:10:HAL_I2S_GetError	0	static
