../Core/Src/main.c:315:6:SystemClock_Config	104	static,ignoring_inline_asm
../Core/Src/main.c:678:6:HAL_TIM_PeriodElapsedCallback	8	static
../Core/Src/main.c:686:6:medirVoltage	8	static
../Core/Src/main.c:693:6:medirCorriente	8	static
../Core/Src/main.c:703:6:medirPotencia	8	static
../Core/Src/main.c:714:6:Control_Estabilizar	32	static
../Core/Src/main.c:768:6:PWM_set_Freq_DutyCycle	32	static
../Core/Src/main.c:110:5:main	144	static,ignoring_inline_asm
../Core/Src/main.c:790:6:Error_Handler	0	static,ignoring_inline_asm
