2026-03-07 15:10:05,653 [INFO] Activator:176 - 


2026-03-07 15:10:05,664 [INFO] Activator:177 - !SESSION log4j initialized
2026-03-07 15:10:55,508 [INFO] LogOutputStream:77 - [STDOUT_REDIRECT] 
2026-03-07 15:10:59,746 [ERROR] ConfigurationRetriever:142 - IOException on connection: Read timed out
2026-03-07 15:11:10,163 [INFO] ApplicationProperties:184 - Using Application install path: F:\Program Files\ST\STM32CubeIDE_1.19.0\STM32CubeIDE\plugins\com.st.stm32cube.common.mx_6.15.0.202507011659
2026-03-07 15:11:10,593 [INFO] DbMcusXml:78 - Set database path to: F:\Program Files\ST\STM32CubeIDE_1.19.0\STM32CubeIDE\plugins\com.st.stm32cube.common.mx_6.15.0.202507011659\\db\/mcu/
2026-03-07 15:11:10,593 [INFO] ApiDb:274 - Set plugin database path to: F:\Program Files\ST\STM32CubeIDE_1.19.0\STM32CubeIDE\plugins\com.st.stm32cube.common.mx_6.15.0.202507011659\\db\/plugins/boardmanager/
2026-03-07 15:11:10,594 [WARN] ApiDb:259 - Overriding images path with different value:  => F:\Program Files\ST\STM32CubeIDE_1.19.0\STM32CubeIDE\plugins\com.st.stm32cube.common.mx_6.15.0.202507011659\\db\/plugins/mcufinder/images/
2026-03-07 15:11:10,750 [INFO] ApiDb:250 - Set database path to: C:\Users\PC\.stmcufinder\plugins\mcufinder//mcu/
2026-03-07 15:11:10,754 [INFO] DbMcusAds:125 - Set database path to: C:\Users\PC\.stmcufinder\plugins\mcufinder//mcu/
2026-03-07 15:11:10,831 [INFO] CrossReferenceDbSqlite:203 - Set database path to: C:\Users\PC\.stmcufinder\plugins\mcufinder//mcu/cs/
2026-03-07 15:11:11,498 [INFO] RulesReader:64 - Compatibility file has been processed (317 Rules)
2026-03-07 15:11:13,618 [INFO] DbMcusXml:78 - Set database path to: F:\Program Files\ST\STM32CubeIDE_1.19.0\STM32CubeIDE\plugins\com.st.stm32cube.common.mx_6.15.0.202507011659\\db\/mcu/
2026-03-07 15:11:13,618 [INFO] ApiDb:274 - Set plugin database path to: F:\Program Files\ST\STM32CubeIDE_1.19.0\STM32CubeIDE\plugins\com.st.stm32cube.common.mx_6.15.0.202507011659\\db\/plugins/boardmanager/
2026-03-07 15:11:13,618 [INFO] ApiDb:261 - Set plugin images path to: F:\Program Files\ST\STM32CubeIDE_1.19.0\STM32CubeIDE\plugins\com.st.stm32cube.common.mx_6.15.0.202507011659\\db\/plugins/mcufinder/images/
2026-03-07 15:11:13,619 [WARN] DbFile:41 - Overriding database path with different value: C:\Users\PC\.stmcufinder\plugins\mcufinder/ => C:\Users\PC\.stmcufinder\plugins\mcufinder
2026-03-07 15:11:13,619 [INFO] ApiDb:250 - Set database path to: C:\Users\PC\.stmcufinder\plugins\mcufinder//mcu/
2026-03-07 15:11:13,619 [WARN] DbFile:41 - Overriding database path with different value: C:\Users\PC\.stmcufinder\plugins\mcufinder/ => C:\Users\PC\.stmcufinder\plugins\mcufinder
2026-03-07 15:11:13,619 [INFO] DbMcusAds:125 - Set database path to: C:\Users\PC\.stmcufinder\plugins\mcufinder//mcu/
2026-03-07 15:11:13,619 [WARN] DbFile:41 - Overriding database path with different value: C:\Users\PC\.stmcufinder\plugins\mcufinder/ => C:\Users\PC\.stmcufinder\plugins\mcufinder
2026-03-07 15:11:13,619 [WARN] DbFile:41 - Overriding database path with different value: C:\Users\PC\.stmcufinder\plugins\mcufinder/ => C:\Users\PC\.stmcufinder\plugins\mcufinder
2026-03-07 15:11:13,620 [INFO] CrossReferenceDbSqlite:203 - Set database path to: C:\Users\PC\.stmcufinder\plugins\mcufinder//mcu/cs/
2026-03-07 15:11:14,972 [INFO] MainPanel:274 - HeapMemory: 268435456
2026-03-07 15:11:16,952 [INFO] DbMcusXml:78 - Set database path to: F:\Program Files\ST\STM32CubeIDE_1.19.0\STM32CubeIDE\plugins\com.st.stm32cube.common.mx_6.15.0.202507011659\\db\/mcu/
2026-03-07 15:11:16,952 [INFO] ApiDb:274 - Set plugin database path to: F:\Program Files\ST\STM32CubeIDE_1.19.0\STM32CubeIDE\plugins\com.st.stm32cube.common.mx_6.15.0.202507011659\\db\/plugins/boardmanager/
2026-03-07 15:11:16,952 [INFO] ApiDb:261 - Set plugin images path to: F:\Program Files\ST\STM32CubeIDE_1.19.0\STM32CubeIDE\plugins\com.st.stm32cube.common.mx_6.15.0.202507011659\\db\/plugins/mcufinder/images/
2026-03-07 15:11:16,953 [WARN] DbFile:41 - Overriding database path with different value: C:\Users\PC\.stmcufinder\plugins\mcufinder/ => C:\Users\PC\.stmcufinder\plugins\mcufinder
2026-03-07 15:11:16,953 [INFO] ApiDb:250 - Set database path to: C:\Users\PC\.stmcufinder\plugins\mcufinder//mcu/
2026-03-07 15:11:16,953 [WARN] DbFile:41 - Overriding database path with different value: C:\Users\PC\.stmcufinder\plugins\mcufinder/ => C:\Users\PC\.stmcufinder\plugins\mcufinder
2026-03-07 15:11:16,953 [INFO] DbMcusAds:125 - Set database path to: C:\Users\PC\.stmcufinder\plugins\mcufinder//mcu/
2026-03-07 15:11:16,953 [WARN] DbFile:41 - Overriding database path with different value: C:\Users\PC\.stmcufinder\plugins\mcufinder/ => C:\Users\PC\.stmcufinder\plugins\mcufinder
2026-03-07 15:11:16,953 [WARN] DbFile:41 - Overriding database path with different value: C:\Users\PC\.stmcufinder\plugins\mcufinder/ => C:\Users\PC\.stmcufinder\plugins\mcufinder
2026-03-07 15:11:16,954 [INFO] CrossReferenceDbSqlite:203 - Set database path to: C:\Users\PC\.stmcufinder\plugins\mcufinder//mcu/cs/
2026-03-07 15:11:17,067 [INFO] ApplicationProperties:184 - Using Application install path: F:\Program Files\ST\STM32CubeIDE_1.19.0\STM32CubeIDE\plugins\com.st.stm32cube.common.mx_6.15.0.202507011659
2026-03-07 15:11:17,068 [INFO] PluginManage:196 - Search for loadable plugins [exclusion list=, ]
2026-03-07 15:11:17,081 [INFO] PluginManage:310 - Check plugin analytics
2026-03-07 15:11:17,812 [INFO] AnalyticsPlugin:253 - Accepted Software Licenses: 
2026-03-07 15:11:17,813 [INFO] AnalyticsPlugin:255 - Accepted CMSIS Pack Licenses: 
2026-03-07 15:11:17,813 [INFO] AnalyticsPlugin:257 - Accepted Firmware Licenses: FW.G4.1.6.0,FW.F4.1.28.0
2026-03-07 15:11:17,818 [INFO] PluginManage:359 - Loaded plugin analytics (category:tool,tabindex:-1)
2026-03-07 15:11:17,818 [INFO] PluginManage:310 - Check plugin cadmodel
2026-03-07 15:11:17,971 [INFO] CADModel:105 - Init CAD model plugin
2026-03-07 15:11:17,971 [INFO] PluginManage:359 - Loaded plugin cadmodel (category:power,tabindex:5)
2026-03-07 15:11:17,972 [INFO] PluginManage:310 - Check plugin clock
2026-03-07 15:11:18,188 [INFO] PluginManage:359 - Loaded plugin clock (category:base,tabindex:2)
2026-03-07 15:11:18,189 [INFO] PluginManage:310 - Check plugin ddr
2026-03-07 15:11:18,238 [INFO] PluginManage:359 - Loaded plugin ddr (category:tool,tabindex:6)
2026-03-07 15:11:18,238 [INFO] PluginManage:310 - Check plugin filemanager
2026-03-07 15:11:20,505 [INFO] PluginManage:359 - Loaded plugin filemanager (category:base,tabindex:10)
2026-03-07 15:11:20,505 [INFO] PluginManage:310 - Check plugin ipmanager
2026-03-07 15:11:20,541 [INFO] PluginManage:359 - Loaded plugin ipmanager (category:base,tabindex:5)
2026-03-07 15:11:20,541 [INFO] PluginManage:310 - Check plugin lpbam
2026-03-07 15:11:20,626 [INFO] PluginManage:359 - Loaded plugin lpbam (category:base,tabindex:0)
2026-03-07 15:11:20,626 [INFO] PluginManage:310 - Check plugin memorymap
2026-03-07 15:11:20,800 [INFO] PluginManage:359 - Loaded plugin memorymap (category:base,tabindex:4)
2026-03-07 15:11:20,800 [INFO] PluginManage:310 - Check plugin pinoutandconfiguration
2026-03-07 15:11:20,865 [INFO] PluginManage:359 - Loaded plugin pinoutandconfiguration (category:base,tabindex:1)
2026-03-07 15:11:20,865 [INFO] PluginManage:310 - Check plugin pinoutconfig
2026-03-07 15:11:21,332 [WARN] SupportedApi:132 - Cannot load RTOS API schema: s4s-elt-must-match.1: The content of 'definitions' must match (annotation?, (simpleType | complexType)?, (unique | key | keyref)*)). A problem was found starting at: attribute.
2026-03-07 15:11:22,545 [INFO] PluginManage:359 - Loaded plugin pinoutconfig (category:base,tabindex:0)
2026-03-07 15:11:22,545 [INFO] PluginManage:310 - Check plugin power
2026-03-07 15:11:23,071 [INFO] PluginManage:359 - Loaded plugin power (category:power,tabindex:4)
2026-03-07 15:11:23,071 [INFO] PluginManage:310 - Check plugin projectmanager
2026-03-07 15:11:23,094 [INFO] PluginManage:359 - Loaded plugin projectmanager (category:projectmanager,tabindex:4)
2026-03-07 15:11:23,094 [INFO] PluginManage:310 - Check plugin rif
2026-03-07 15:11:23,283 [INFO] PluginManage:359 - Loaded plugin rif (category:base,tabindex:3)
2026-03-07 15:11:23,283 [INFO] PluginManage:310 - Check plugin thirdparty
2026-03-07 15:11:24,766 [INFO] PluginManage:359 - Loaded plugin thirdparty (category:base,tabindex:-1)
2026-03-07 15:11:24,766 [WARN] IntegrityCheckThread:84 - waiting for thirdparty lock release [integrity check]
2026-03-07 15:11:24,766 [INFO] PluginManage:310 - Check plugin tools
2026-03-07 15:11:24,767 [INFO] IntegrityCheckThread:86 - entering critical section [integrity check]
2026-03-07 15:11:24,767 [INFO] ThirdPartyUpdaterWithRetryManager:70 - Updater plugin not ready yet. [1/15]
2026-03-07 15:11:24,778 [INFO] PluginManage:359 - Loaded plugin tools (category:base,tabindex:7)
2026-03-07 15:11:24,778 [INFO] PluginManage:310 - Check plugin tutovideos
2026-03-07 15:11:25,596 [INFO] PluginManage:359 - Loaded plugin tutovideos (category:base,tabindex:-1)
2026-03-07 15:11:25,596 [INFO] PluginManage:310 - Check plugin updater
2026-03-07 15:11:25,910 [INFO] PluginManage:359 - Loaded plugin updater (category:base,tabindex:12)
2026-03-07 15:11:25,910 [INFO] PluginManage:310 - Check plugin userauth
2026-03-07 15:11:25,963 [INFO] UserAuth:118 - Init User Auth plugin
2026-03-07 15:11:25,965 [INFO] PluginManage:359 - Loaded plugin userauth (category:base,tabindex:14)
2026-03-07 15:11:25,965 [INFO] PluginManage:283 - PluginManage : Loaded plugins [18]
2026-03-07 15:11:26,951 [INFO] PinOutPanel:1589 - setPackage(No Configuration,No Configuration)
2026-03-07 15:11:27,343 [INFO] CADModel:165 - CPN selected for project level
2026-03-07 15:11:27,343 [INFO] CADModel:114 - Register for checkConnection events
2026-03-07 15:11:27,398 [INFO] IPUIPlugin:80 - create IPUIPlugin
2026-03-07 15:11:27,398 [INFO] PluginManager:220 - loadIPPluginJar : add adc
2026-03-07 15:11:27,402 [INFO] IPUIPlugin:80 - create IPUIPlugin
2026-03-07 15:11:27,402 [INFO] PluginManager:220 - loadIPPluginJar : add aes
2026-03-07 15:11:27,406 [INFO] IPUIPlugin:80 - create IPUIPlugin
2026-03-07 15:11:27,407 [INFO] PluginManager:220 - loadIPPluginJar : add can
2026-03-07 15:11:27,409 [INFO] IPUIPlugin:80 - create IPUIPlugin
2026-03-07 15:11:27,409 [INFO] PluginManager:220 - loadIPPluginJar : add comp
2026-03-07 15:11:27,413 [INFO] IPUIPlugin:80 - create IPUIPlugin
2026-03-07 15:11:27,413 [INFO] PluginManager:220 - loadIPPluginJar : add cryp
2026-03-07 15:11:27,429 [INFO] IPUIPlugin:80 - create IPUIPlugin
2026-03-07 15:11:27,429 [INFO] PluginManager:220 - loadIPPluginJar : add ddr_ctrl_phy
2026-03-07 15:11:27,455 [INFO] IPUIPlugin:80 - create IPUIPlugin
2026-03-07 15:11:27,456 [INFO] PluginManager:220 - loadIPPluginJar : add dfsdm
2026-03-07 15:11:27,470 [INFO] IPUIPlugin:80 - create IPUIPlugin
2026-03-07 15:11:27,471 [INFO] PluginManager:220 - loadIPPluginJar : add dma
2026-03-07 15:11:27,506 [INFO] IPUIPlugin:80 - create IPUIPlugin
2026-03-07 15:11:27,507 [INFO] PluginManager:220 - loadIPPluginJar : add dma3
2026-03-07 15:11:27,538 [INFO] IPUIPlugin:80 - create IPUIPlugin
2026-03-07 15:11:27,538 [INFO] PluginManager:220 - loadIPPluginJar : add extmemmanager
2026-03-07 15:11:27,547 [INFO] IPUIPlugin:80 - create IPUIPlugin
2026-03-07 15:11:27,547 [INFO] PluginManager:220 - loadIPPluginJar : add fatfs
2026-03-07 15:11:27,554 [INFO] IPUIPlugin:80 - create IPUIPlugin
2026-03-07 15:11:27,554 [INFO] PluginManager:220 - loadIPPluginJar : add fmc
2026-03-07 15:11:27,594 [INFO] IPUIPlugin:80 - create IPUIPlugin
2026-03-07 15:11:27,595 [INFO] PluginManager:220 - loadIPPluginJar : add freertos
2026-03-07 15:11:27,601 [INFO] IPUIPlugin:80 - create IPUIPlugin
2026-03-07 15:11:27,602 [INFO] PluginManager:220 - loadIPPluginJar : add genericplugin
2026-03-07 15:11:27,625 [INFO] IPUIPlugin:80 - create IPUIPlugin
2026-03-07 15:11:27,625 [INFO] PluginManager:220 - loadIPPluginJar : add gfxmmu
2026-03-07 15:11:27,643 [INFO] IPUIPlugin:80 - create IPUIPlugin
2026-03-07 15:11:27,643 [INFO] PluginManager:220 - loadIPPluginJar : add gic
2026-03-07 15:11:27,672 [INFO] IPUIPlugin:80 - create IPUIPlugin
2026-03-07 15:11:27,673 [INFO] PluginManager:220 - loadIPPluginJar : add gpio
2026-03-07 15:11:27,686 [INFO] IPUIPlugin:80 - create IPUIPlugin
2026-03-07 15:11:27,687 [INFO] PluginManager:220 - loadIPPluginJar : add gtzc
2026-03-07 15:11:27,695 [INFO] IPUIPlugin:80 - create IPUIPlugin
2026-03-07 15:11:27,695 [INFO] PluginManager:220 - loadIPPluginJar : add hash
2026-03-07 15:11:27,713 [INFO] IPUIPlugin:80 - create IPUIPlugin
2026-03-07 15:11:27,714 [INFO] PluginManager:220 - loadIPPluginJar : add i2c
2026-03-07 15:11:27,732 [INFO] IPUIPlugin:80 - create IPUIPlugin
2026-03-07 15:11:27,733 [INFO] PluginManager:220 - loadIPPluginJar : add i2s
2026-03-07 15:11:27,747 [INFO] IPUIPlugin:80 - create IPUIPlugin
2026-03-07 15:11:27,747 [INFO] PluginManager:220 - loadIPPluginJar : add i3c
2026-03-07 15:11:27,758 [INFO] IPUIPlugin:80 - create IPUIPlugin
2026-03-07 15:11:27,758 [INFO] PluginManager:220 - loadIPPluginJar : add ipddr
2026-03-07 15:11:27,769 [INFO] ThirdPartyUpdaterWithRetryManager:70 - Updater plugin not ready yet. [2/15]
2026-03-07 15:11:27,787 [INFO] IPUIPlugin:80 - create IPUIPlugin
2026-03-07 15:11:27,788 [INFO] PluginManager:220 - loadIPPluginJar : add linkedlist
2026-03-07 15:11:27,796 [INFO] IPUIPlugin:80 - create IPUIPlugin
2026-03-07 15:11:27,796 [INFO] PluginManager:220 - loadIPPluginJar : add lorawan
2026-03-07 15:11:27,803 [INFO] IPUIPlugin:80 - create IPUIPlugin
2026-03-07 15:11:27,804 [INFO] PluginManager:220 - loadIPPluginJar : add ltdc
2026-03-07 15:11:27,852 [INFO] IPUIPlugin:80 - create IPUIPlugin
2026-03-07 15:11:27,852 [INFO] PluginManager:220 - loadIPPluginJar : add mdma
2026-03-07 15:11:27,986 [INFO] IPUIPlugin:80 - create IPUIPlugin
2026-03-07 15:11:27,986 [INFO] PluginManager:220 - loadIPPluginJar : add nvic
2026-03-07 15:11:28,050 [INFO] IPUIPlugin:80 - create IPUIPlugin
2026-03-07 15:11:28,051 [INFO] PluginManager:220 - loadIPPluginJar : add opamp
2026-03-07 15:11:28,058 [INFO] IPUIPlugin:80 - create IPUIPlugin
2026-03-07 15:11:28,059 [INFO] PluginManager:220 - loadIPPluginJar : add openamp
2026-03-07 15:11:28,101 [INFO] IPUIPlugin:80 - create IPUIPlugin
2026-03-07 15:11:28,101 [INFO] PluginManager:220 - loadIPPluginJar : add pdm2pcm
2026-03-07 15:11:28,145 [INFO] IPUIPlugin:80 - create IPUIPlugin
2026-03-07 15:11:28,149 [INFO] PluginManager:220 - loadIPPluginJar : add plateformsettings
2026-03-07 15:11:28,161 [INFO] IPUIPlugin:80 - create IPUIPlugin
2026-03-07 15:11:28,161 [INFO] PluginManager:220 - loadIPPluginJar : add quadspi
2026-03-07 15:11:28,168 [INFO] IPUIPlugin:80 - create IPUIPlugin
2026-03-07 15:11:28,169 [INFO] PluginManager:220 - loadIPPluginJar : add radio
2026-03-07 15:11:28,284 [INFO] IPUIPlugin:80 - create IPUIPlugin
2026-03-07 15:11:28,285 [INFO] PluginManager:220 - loadIPPluginJar : add resmgrutility
2026-03-07 15:11:28,306 [INFO] IPUIPlugin:80 - create IPUIPlugin
2026-03-07 15:11:28,306 [INFO] PluginManager:220 - loadIPPluginJar : add sai
2026-03-07 15:11:28,344 [INFO] IPUIPlugin:80 - create IPUIPlugin
2026-03-07 15:11:28,344 [INFO] PluginManager:220 - loadIPPluginJar : add spi
2026-03-07 15:11:28,355 [INFO] IPUIPlugin:80 - create IPUIPlugin
2026-03-07 15:11:28,355 [INFO] PluginManager:220 - loadIPPluginJar : add stm32_wpan
2026-03-07 15:11:28,359 [INFO] IPUIPlugin:80 - create IPUIPlugin
2026-03-07 15:11:28,359 [INFO] PluginManager:220 - loadIPPluginJar : add tim
2026-03-07 15:11:28,375 [INFO] IPUIPlugin:80 - create IPUIPlugin
2026-03-07 15:11:28,375 [INFO] PluginManager:220 - loadIPPluginJar : add touchsensing
2026-03-07 15:11:28,381 [INFO] IPUIPlugin:80 - create IPUIPlugin
2026-03-07 15:11:28,382 [INFO] PluginManager:220 - loadIPPluginJar : add tracer_emb
2026-03-07 15:11:28,391 [INFO] IPUIPlugin:80 - create IPUIPlugin
2026-03-07 15:11:28,391 [INFO] PluginManager:220 - loadIPPluginJar : add ts
2026-03-07 15:11:28,435 [INFO] IPUIPlugin:80 - create IPUIPlugin
2026-03-07 15:11:28,436 [INFO] PluginManager:220 - loadIPPluginJar : add tsc
2026-03-07 15:11:28,444 [INFO] IPUIPlugin:80 - create IPUIPlugin
2026-03-07 15:11:28,444 [INFO] PluginManager:220 - loadIPPluginJar : add ucpd
2026-03-07 15:11:28,451 [INFO] IPUIPlugin:80 - create IPUIPlugin
2026-03-07 15:11:28,451 [INFO] PluginManager:220 - loadIPPluginJar : add usart
2026-03-07 15:11:28,461 [INFO] IPUIPlugin:80 - create IPUIPlugin
2026-03-07 15:11:28,462 [INFO] PluginManager:220 - loadIPPluginJar : add usbx
2026-03-07 15:11:28,715 [FATAL] Updater:351 - Updater called before beeing initialized
2026-03-07 15:11:28,783 [INFO] RulesReader:64 - Compatibility file has been processed (317 Rules)
2026-03-07 15:11:28,802 [INFO] RulesReader:64 - Compatibility file has been processed (317 Rules)
2026-03-07 15:11:28,815 [INFO] CADModel:165 - CPN selected for project level
2026-03-07 15:11:28,815 [INFO] CADModel:114 - Register for checkConnection events
2026-03-07 15:11:28,815 [FATAL] Updater:351 - Updater called before beeing initialized
2026-03-07 15:11:28,815 [ERROR] CADModel:125 - Updater not yet initialized, retry later 
2026-03-07 15:11:29,344 [FATAL] Updater:351 - Updater called before beeing initialized
2026-03-07 15:11:29,351 [INFO] CADModel:165 - CPN selected for project level
2026-03-07 15:11:29,351 [INFO] CADModel:114 - Register for checkConnection events
2026-03-07 15:11:29,351 [FATAL] Updater:351 - Updater called before beeing initialized
2026-03-07 15:11:29,351 [ERROR] CADModel:125 - Updater not yet initialized, retry later 
2026-03-07 15:11:29,356 [FATAL] Updater:351 - Updater called before beeing initialized
2026-03-07 15:11:29,726 [FATAL] Updater:351 - Updater called before beeing initialized
2026-03-07 15:11:29,733 [INFO] DbMcusAds:53 - JSON generation date=Mon Dec 15 18:11:46 PET 2025 (1765840306209)
2026-03-07 15:11:29,733 [FATAL] Updater:351 - Updater called before beeing initialized
2026-03-07 15:11:30,132 [WARN] DetailPanel:346 - Failed to get advertising image, set to default
2026-03-07 15:11:30,771 [INFO] ThirdPartyUpdaterWithRetryManager:70 - Updater plugin not ready yet. [3/15]
2026-03-07 15:11:31,336 [FATAL] Updater:351 - Updater called before beeing initialized
2026-03-07 15:11:31,339 [FATAL] Updater:351 - Updater called before beeing initialized
2026-03-07 15:11:31,339 [FATAL] Updater:351 - Updater called before beeing initialized
2026-03-07 15:11:31,339 [WARN] DetailPanel:346 - Failed to get advertising image, set to default
2026-03-07 15:11:31,340 [FATAL] Updater:351 - Updater called before beeing initialized
2026-03-07 15:11:31,502 [ERROR] Updater:1198 - MainUpdater not yet initialized. External WinMGr cannot be set.
2026-03-07 15:11:31,519 [INFO] Updater:1134 - Updater Version found : 6.15.0
2026-03-07 15:11:32,138 [INFO] ApplicationProperties:184 - Using Application install path: F:\Program Files\ST\STM32CubeIDE_1.19.0\STM32CubeIDE\plugins\com.st.stm32cube.common.mx_6.15.0.202507011659
2026-03-07 15:11:33,773 [FATAL] Updater:351 - Updater called before beeing initialized
2026-03-07 15:11:33,774 [ERROR] IntegrityCheckThread:130 - Cannot retrieve database content from updater: error 21
2026-03-07 15:11:33,774 [INFO] ThirdParty:978 - Integrity check success = false
2026-03-07 15:11:33,774 [INFO] IntegrityCheckThread:100 - exiting critical section [integrity check]
2026-03-07 15:11:33,774 [INFO] IntegrityCheckThread:103 - End integrity checks thread
2026-03-07 15:11:33,874 [ERROR] LogOutputStream:75 - [STDERR_REDIRECT] Mar 07, 2026 3:11:33 PM java.util.prefs.WindowsPreferences <init>
2026-03-07 15:11:33,878 [ERROR] LogOutputStream:75 - [STDERR_REDIRECT] WARNING: Could not open/create prefs root node Software\JavaSoft\Prefs at root 0xffffffff80000002. Windows RegCreateKeyEx(...) returned error code 5.
2026-03-07 15:11:33,878 [ERROR] LogOutputStream:75 - [STDERR_REDIRECT] 
2026-03-07 15:11:37,784 [INFO] MainUpdater:2872 - connection check result : 10
2026-03-07 15:11:37,784 [INFO] MainUpdater:3604 - Updater definition file requires update
2026-03-07 15:11:37,785 [INFO] MainUpdater:289 - Updater Check For Update Now.
2026-03-07 15:11:37,786 [INFO] MicroXplorer:498 - Change Database Version : DB.6.0.150
2026-03-07 15:11:37,877 [INFO] McuFinderGlobals:63 - Set McuFinder mode to 2 (CubeIDE integrated)
2026-03-07 15:11:37,882 [INFO] UserAuth:487 - Internet connection configuration mode: 1
2026-03-07 15:11:38,075 [INFO] ServerAccessManage:452 - Complete download http(s) 200
2026-03-07 15:11:38,076 [INFO] ServerAccessManage:509 - Download File updaters.zip
2026-03-07 15:11:38,410 [INFO] JxBrowserEngine:152 - Initiate JxBrowser Engine with user profile folder
2026-03-07 15:11:38,991 [INFO] FileExtend:248 - Unzip File : updaters.zip
2026-03-07 15:11:38,992 [INFO] FileExtend:263 - Standard Zip Deflate
2026-03-07 15:11:41,805 [INFO] ServerAccessManage:452 - Complete download http(s) 200
2026-03-07 15:11:41,805 [INFO] ServerAccessManage:509 - Download File PacksControlFlags.xml
2026-03-07 15:11:42,456 [INFO] ServerAccessManage:452 - Complete download http(s) 200
2026-03-07 15:11:42,457 [INFO] ServerAccessManage:509 - Download File cubemx.pidx
2026-03-07 15:11:46,122 [INFO] ServerAccessManage:452 - Complete download http(s) 200
2026-03-07 15:11:46,122 [INFO] ServerAccessManage:509 - Download File STMicroelectronics.FP-SNS-MOTENVWB1.pdsc
2026-03-07 15:11:49,036 [INFO] ServerAccessManage:452 - Complete download http(s) 200
2026-03-07 15:11:49,036 [INFO] ServerAccessManage:509 - Download File STMicroelectronics.X-CUBE-FREERTOS.pdsc
2026-03-07 15:13:40,609 [INFO] ServerAccessManage:452 - Complete download http(s) 200
2026-03-07 15:13:40,610 [INFO] ServerAccessManage:509 - Download File STMicroelectronics.X-CUBE-TOUCHGFX.pdsc
2026-03-07 15:13:46,452 [INFO] ServerAccessManage:452 - Complete download http(s) 200
2026-03-07 15:13:46,453 [INFO] ServerAccessManage:509 - Download File STMicroelectronics.X-CUBE-AZRTOS-H7.pdsc
2026-03-07 15:14:02,185 [INFO] WebApp:169 - Instantiating new browser for Auth
2026-03-07 15:14:05,374 [INFO] CheckServerUpdateThread:120 - End of CheckServer Thread
2026-03-07 15:14:05,585 [WARN] PackLoader:240 - Cannot read IP mode file for STMicroelectronics.FP-SNS-MOTENVWB1.1.5.0
2026-03-07 15:14:05,798 [WARN] PackLoader:240 - Cannot read IP mode file for STMicroelectronics.X-CUBE-FREERTOS.1.5.0
2026-03-07 15:14:05,879 [WARN] PackLoader:240 - Cannot read IP mode file for STMicroelectronics.X-CUBE-TOUCHGFX.4.26.1
2026-03-07 15:14:05,986 [WARN] PackLoader:240 - Cannot read IP mode file for STMicroelectronics.X-CUBE-AZRTOS-H7.3.5.0
2026-03-07 15:14:05,994 [INFO] PopulateThirdPartyThread:66 - Ending populate Thread
2026-03-07 15:14:06,031 [INFO] ThirdParty:1030 - CMSIS Pack Vendor :STMicroelectronics X-CUBE-FREERTOS 1.5.0
2026-03-07 15:14:06,031 [INFO] ThirdParty:1030 - CMSIS Pack Vendor :STMicroelectronics X-CUBE-AZRTOS-H7 3.5.0
2026-03-07 15:14:06,031 [INFO] ThirdParty:1030 - CMSIS Pack Vendor :STMicroelectronics FP-SNS-MOTENVWB1 1.5.0
2026-03-07 15:14:06,031 [INFO] ThirdParty:1030 - CMSIS Pack Vendor :STMicroelectronics X-CUBE-TOUCHGFX 4.26.1
2026-03-07 15:14:06,032 [INFO] LoadServerUpdatesThread:375 - End of LoadServerUpdate Thread
2026-03-07 15:14:10,659 [INFO] WebApp:463 - Apply proxy settings
2026-03-07 15:14:10,659 [INFO] WebApp:548 - Chromium requires no authentication
2026-03-07 15:14:11,031 [INFO] WebApp:491 - Direct internet connection detected
2026-03-07 15:14:11,250 [INFO] WebApp:900 - Register for checkConnection events
2026-03-07 15:14:11,251 [INFO] WebApp:463 - Apply proxy settings
2026-03-07 15:14:11,251 [INFO] WebApp:548 - Chromium requires no authentication
2026-03-07 15:14:11,252 [INFO] WebApp:491 - Direct internet connection detected
2026-03-07 15:14:13,604 [INFO] WebApp:191 - Connection restablished
2026-03-07 15:14:15,741 [INFO] WebApp:225 - Starting web application
2026-03-07 15:14:15,742 [INFO] WebApp:593 - Web application path used F:\Program Files\ST\STM32CubeIDE_1.19.0\STM32CubeIDE\plugins\com.st.stm32cube.common.mx_6.15.0.202507011659\db\plugins\mcufinder\reactClient1\index.html
2026-03-07 15:14:16,315 [INFO] UserAuth:487 - Internet connection configuration mode: 1
2026-03-07 15:16:35,262 [ERROR] LogOutputStream:75 - [STDERR_REDIRECT] 
2026-03-07 15:16:35,263 [ERROR] LogOutputStream:75 - [STDERR_REDIRECT] 
