2026-02-11 17:04:15,982 [INFO] Activator:176 - 


2026-02-11 17:04:15,990 [INFO] Activator:177 - !SESSION log4j initialized
2026-02-11 17:04:27,602 [INFO] LogOutputStream:77 - [STDOUT_REDIRECT] 
2026-02-11 17:04:30,088 [INFO] ApplicationProperties:184 - Using Application install path: F:\Program Files\ST\STM32CubeIDE_1.19.0\STM32CubeIDE\plugins\com.st.stm32cube.common.mx_6.15.0.202507011659
2026-02-11 17:04:30,112 [INFO] DbMcusXml:78 - Set database path to: F:\Program Files\ST\STM32CubeIDE_1.19.0\STM32CubeIDE\plugins\com.st.stm32cube.common.mx_6.15.0.202507011659\\db\/mcu/
2026-02-11 17:04:30,113 [INFO] ApiDb:274 - Set plugin database path to: F:\Program Files\ST\STM32CubeIDE_1.19.0\STM32CubeIDE\plugins\com.st.stm32cube.common.mx_6.15.0.202507011659\\db\/plugins/boardmanager/
2026-02-11 17:04:30,113 [WARN] ApiDb:259 - Overriding images path with different value:  => F:\Program Files\ST\STM32CubeIDE_1.19.0\STM32CubeIDE\plugins\com.st.stm32cube.common.mx_6.15.0.202507011659\\db\/plugins/mcufinder/images/
2026-02-11 17:04:30,120 [INFO] ApiDb:250 - Set database path to: C:\Users\PC\.stmcufinder\plugins\mcufinder//mcu/
2026-02-11 17:04:30,122 [INFO] DbMcusAds:125 - Set database path to: C:\Users\PC\.stmcufinder\plugins\mcufinder//mcu/
2026-02-11 17:04:30,130 [INFO] CrossReferenceDbSqlite:203 - Set database path to: C:\Users\PC\.stmcufinder\plugins\mcufinder//mcu/cs/
2026-02-11 17:04:30,387 [INFO] RulesReader:64 - Compatibility file has been processed (317 Rules)
2026-02-11 17:04:30,545 [INFO] DbMcusXml:78 - Set database path to: F:\Program Files\ST\STM32CubeIDE_1.19.0\STM32CubeIDE\plugins\com.st.stm32cube.common.mx_6.15.0.202507011659\\db\/mcu/
2026-02-11 17:04:30,546 [INFO] ApiDb:274 - Set plugin database path to: F:\Program Files\ST\STM32CubeIDE_1.19.0\STM32CubeIDE\plugins\com.st.stm32cube.common.mx_6.15.0.202507011659\\db\/plugins/boardmanager/
2026-02-11 17:04:30,546 [INFO] ApiDb:261 - Set plugin images path to: F:\Program Files\ST\STM32CubeIDE_1.19.0\STM32CubeIDE\plugins\com.st.stm32cube.common.mx_6.15.0.202507011659\\db\/plugins/mcufinder/images/
2026-02-11 17:04:30,546 [WARN] DbFile:41 - Overriding database path with different value: C:\Users\PC\.stmcufinder\plugins\mcufinder/ => C:\Users\PC\.stmcufinder\plugins\mcufinder
2026-02-11 17:04:30,547 [INFO] ApiDb:250 - Set database path to: C:\Users\PC\.stmcufinder\plugins\mcufinder//mcu/
2026-02-11 17:04:30,547 [WARN] DbFile:41 - Overriding database path with different value: C:\Users\PC\.stmcufinder\plugins\mcufinder/ => C:\Users\PC\.stmcufinder\plugins\mcufinder
2026-02-11 17:04:30,547 [INFO] DbMcusAds:125 - Set database path to: C:\Users\PC\.stmcufinder\plugins\mcufinder//mcu/
2026-02-11 17:04:30,547 [WARN] DbFile:41 - Overriding database path with different value: C:\Users\PC\.stmcufinder\plugins\mcufinder/ => C:\Users\PC\.stmcufinder\plugins\mcufinder
2026-02-11 17:04:30,547 [WARN] DbFile:41 - Overriding database path with different value: C:\Users\PC\.stmcufinder\plugins\mcufinder/ => C:\Users\PC\.stmcufinder\plugins\mcufinder
2026-02-11 17:04:30,547 [INFO] CrossReferenceDbSqlite:203 - Set database path to: C:\Users\PC\.stmcufinder\plugins\mcufinder//mcu/cs/
2026-02-11 17:04:30,651 [INFO] MainPanel:274 - HeapMemory: 268435456
2026-02-11 17:04:30,791 [INFO] DbMcusXml:78 - Set database path to: F:\Program Files\ST\STM32CubeIDE_1.19.0\STM32CubeIDE\plugins\com.st.stm32cube.common.mx_6.15.0.202507011659\\db\/mcu/
2026-02-11 17:04:30,791 [INFO] ApiDb:274 - Set plugin database path to: F:\Program Files\ST\STM32CubeIDE_1.19.0\STM32CubeIDE\plugins\com.st.stm32cube.common.mx_6.15.0.202507011659\\db\/plugins/boardmanager/
2026-02-11 17:04:30,791 [INFO] ApiDb:261 - Set plugin images path to: F:\Program Files\ST\STM32CubeIDE_1.19.0\STM32CubeIDE\plugins\com.st.stm32cube.common.mx_6.15.0.202507011659\\db\/plugins/mcufinder/images/
2026-02-11 17:04:30,792 [WARN] DbFile:41 - Overriding database path with different value: C:\Users\PC\.stmcufinder\plugins\mcufinder/ => C:\Users\PC\.stmcufinder\plugins\mcufinder
2026-02-11 17:04:30,792 [INFO] ApiDb:250 - Set database path to: C:\Users\PC\.stmcufinder\plugins\mcufinder//mcu/
2026-02-11 17:04:30,792 [WARN] DbFile:41 - Overriding database path with different value: C:\Users\PC\.stmcufinder\plugins\mcufinder/ => C:\Users\PC\.stmcufinder\plugins\mcufinder
2026-02-11 17:04:30,792 [INFO] DbMcusAds:125 - Set database path to: C:\Users\PC\.stmcufinder\plugins\mcufinder//mcu/
2026-02-11 17:04:30,793 [WARN] DbFile:41 - Overriding database path with different value: C:\Users\PC\.stmcufinder\plugins\mcufinder/ => C:\Users\PC\.stmcufinder\plugins\mcufinder
2026-02-11 17:04:30,793 [WARN] DbFile:41 - Overriding database path with different value: C:\Users\PC\.stmcufinder\plugins\mcufinder/ => C:\Users\PC\.stmcufinder\plugins\mcufinder
2026-02-11 17:04:30,793 [INFO] CrossReferenceDbSqlite:203 - Set database path to: C:\Users\PC\.stmcufinder\plugins\mcufinder//mcu/cs/
2026-02-11 17:04:30,818 [INFO] ApplicationProperties:184 - Using Application install path: F:\Program Files\ST\STM32CubeIDE_1.19.0\STM32CubeIDE\plugins\com.st.stm32cube.common.mx_6.15.0.202507011659
2026-02-11 17:04:30,820 [INFO] PluginManage:196 - Search for loadable plugins [exclusion list=, ]
2026-02-11 17:04:30,822 [INFO] PluginManage:310 - Check plugin analytics
2026-02-11 17:04:31,102 [INFO] AnalyticsPlugin:253 - Accepted Software Licenses: 
2026-02-11 17:04:31,102 [INFO] AnalyticsPlugin:255 - Accepted CMSIS Pack Licenses: 
2026-02-11 17:04:31,102 [INFO] AnalyticsPlugin:257 - Accepted Firmware Licenses: FW.G4.1.6.0,FW.F4.1.28.0
2026-02-11 17:04:31,106 [INFO] PluginManage:359 - Loaded plugin analytics (category:tool,tabindex:-1)
2026-02-11 17:04:31,106 [INFO] PluginManage:310 - Check plugin cadmodel
2026-02-11 17:04:31,112 [INFO] CADModel:105 - Init CAD model plugin
2026-02-11 17:04:31,112 [INFO] PluginManage:359 - Loaded plugin cadmodel (category:power,tabindex:5)
2026-02-11 17:04:31,113 [INFO] PluginManage:310 - Check plugin clock
2026-02-11 17:04:31,127 [INFO] PluginManage:359 - Loaded plugin clock (category:base,tabindex:2)
2026-02-11 17:04:31,127 [INFO] PluginManage:310 - Check plugin ddr
2026-02-11 17:04:31,130 [INFO] PluginManage:359 - Loaded plugin ddr (category:tool,tabindex:6)
2026-02-11 17:04:31,130 [INFO] PluginManage:310 - Check plugin filemanager
2026-02-11 17:04:31,359 [INFO] PluginManage:359 - Loaded plugin filemanager (category:base,tabindex:10)
2026-02-11 17:04:31,359 [INFO] PluginManage:310 - Check plugin ipmanager
2026-02-11 17:04:31,370 [INFO] PluginManage:359 - Loaded plugin ipmanager (category:base,tabindex:5)
2026-02-11 17:04:31,370 [INFO] PluginManage:310 - Check plugin lpbam
2026-02-11 17:04:31,384 [INFO] PluginManage:359 - Loaded plugin lpbam (category:base,tabindex:0)
2026-02-11 17:04:31,384 [INFO] PluginManage:310 - Check plugin memorymap
2026-02-11 17:04:31,400 [INFO] PluginManage:359 - Loaded plugin memorymap (category:base,tabindex:4)
2026-02-11 17:04:31,400 [INFO] PluginManage:310 - Check plugin pinoutandconfiguration
2026-02-11 17:04:31,412 [INFO] PluginManage:359 - Loaded plugin pinoutandconfiguration (category:base,tabindex:1)
2026-02-11 17:04:31,412 [INFO] PluginManage:310 - Check plugin pinoutconfig
2026-02-11 17:04:31,576 [WARN] SupportedApi:132 - Cannot load RTOS API schema: s4s-elt-must-match.1: The content of 'definitions' must match (annotation?, (simpleType | complexType)?, (unique | key | keyref)*)). A problem was found starting at: attribute.
2026-02-11 17:04:31,776 [INFO] PluginManage:359 - Loaded plugin pinoutconfig (category:base,tabindex:0)
2026-02-11 17:04:31,776 [INFO] PluginManage:310 - Check plugin power
2026-02-11 17:04:31,788 [INFO] PluginManage:359 - Loaded plugin power (category:power,tabindex:4)
2026-02-11 17:04:31,788 [INFO] PluginManage:310 - Check plugin projectmanager
2026-02-11 17:04:31,812 [INFO] PluginManage:359 - Loaded plugin projectmanager (category:projectmanager,tabindex:4)
2026-02-11 17:04:31,813 [INFO] PluginManage:310 - Check plugin rif
2026-02-11 17:04:31,823 [INFO] PluginManage:359 - Loaded plugin rif (category:base,tabindex:3)
2026-02-11 17:04:31,824 [INFO] PluginManage:310 - Check plugin thirdparty
2026-02-11 17:04:32,021 [WARN] IntegrityCheckThread:84 - waiting for thirdparty lock release [integrity check]
2026-02-11 17:04:32,022 [INFO] IntegrityCheckThread:86 - entering critical section [integrity check]
2026-02-11 17:04:32,022 [INFO] ThirdPartyUpdaterWithRetryManager:70 - Updater plugin not ready yet. [1/15]
2026-02-11 17:04:32,024 [INFO] PluginManage:359 - Loaded plugin thirdparty (category:base,tabindex:-1)
2026-02-11 17:04:32,024 [INFO] PluginManage:310 - Check plugin tools
2026-02-11 17:04:32,027 [INFO] PluginManage:359 - Loaded plugin tools (category:base,tabindex:7)
2026-02-11 17:04:32,027 [INFO] PluginManage:310 - Check plugin tutovideos
2026-02-11 17:04:32,311 [INFO] PluginManage:359 - Loaded plugin tutovideos (category:base,tabindex:-1)
2026-02-11 17:04:32,311 [INFO] PluginManage:310 - Check plugin updater
2026-02-11 17:04:32,344 [INFO] PluginManage:359 - Loaded plugin updater (category:base,tabindex:12)
2026-02-11 17:04:32,344 [INFO] PluginManage:310 - Check plugin userauth
2026-02-11 17:04:32,348 [INFO] UserAuth:118 - Init User Auth plugin
2026-02-11 17:04:32,350 [INFO] PluginManage:359 - Loaded plugin userauth (category:base,tabindex:14)
2026-02-11 17:04:32,351 [INFO] PluginManage:283 - PluginManage : Loaded plugins [18]
2026-02-11 17:04:32,658 [INFO] PinOutPanel:1589 - setPackage(No Configuration,No Configuration)
2026-02-11 17:04:32,807 [INFO] CADModel:165 - CPN selected for project level
2026-02-11 17:04:32,807 [INFO] CADModel:114 - Register for checkConnection events
2026-02-11 17:04:32,831 [INFO] IPUIPlugin:80 - create IPUIPlugin
2026-02-11 17:04:32,832 [INFO] PluginManager:220 - loadIPPluginJar : add adc
2026-02-11 17:04:32,836 [INFO] IPUIPlugin:80 - create IPUIPlugin
2026-02-11 17:04:32,836 [INFO] PluginManager:220 - loadIPPluginJar : add aes
2026-02-11 17:04:32,846 [INFO] IPUIPlugin:80 - create IPUIPlugin
2026-02-11 17:04:32,848 [INFO] PluginManager:220 - loadIPPluginJar : add can
2026-02-11 17:04:32,850 [INFO] IPUIPlugin:80 - create IPUIPlugin
2026-02-11 17:04:32,851 [INFO] PluginManager:220 - loadIPPluginJar : add comp
2026-02-11 17:04:32,854 [INFO] IPUIPlugin:80 - create IPUIPlugin
2026-02-11 17:04:32,855 [INFO] PluginManager:220 - loadIPPluginJar : add cryp
2026-02-11 17:04:32,859 [INFO] IPUIPlugin:80 - create IPUIPlugin
2026-02-11 17:04:32,859 [INFO] PluginManager:220 - loadIPPluginJar : add ddr_ctrl_phy
2026-02-11 17:04:32,862 [INFO] IPUIPlugin:80 - create IPUIPlugin
2026-02-11 17:04:32,863 [INFO] PluginManager:220 - loadIPPluginJar : add dfsdm
2026-02-11 17:04:32,870 [INFO] IPUIPlugin:80 - create IPUIPlugin
2026-02-11 17:04:32,871 [INFO] PluginManager:220 - loadIPPluginJar : add dma
2026-02-11 17:04:32,875 [INFO] IPUIPlugin:80 - create IPUIPlugin
2026-02-11 17:04:32,875 [INFO] PluginManager:220 - loadIPPluginJar : add dma3
2026-02-11 17:04:32,880 [INFO] IPUIPlugin:80 - create IPUIPlugin
2026-02-11 17:04:32,880 [INFO] PluginManager:220 - loadIPPluginJar : add extmemmanager
2026-02-11 17:04:32,882 [INFO] IPUIPlugin:80 - create IPUIPlugin
2026-02-11 17:04:32,883 [INFO] PluginManager:220 - loadIPPluginJar : add fatfs
2026-02-11 17:04:32,890 [INFO] IPUIPlugin:80 - create IPUIPlugin
2026-02-11 17:04:32,890 [INFO] PluginManager:220 - loadIPPluginJar : add fmc
2026-02-11 17:04:32,897 [INFO] IPUIPlugin:80 - create IPUIPlugin
2026-02-11 17:04:32,897 [INFO] PluginManager:220 - loadIPPluginJar : add freertos
2026-02-11 17:04:32,899 [INFO] IPUIPlugin:80 - create IPUIPlugin
2026-02-11 17:04:32,899 [INFO] PluginManager:220 - loadIPPluginJar : add genericplugin
2026-02-11 17:04:32,902 [INFO] IPUIPlugin:80 - create IPUIPlugin
2026-02-11 17:04:32,902 [INFO] PluginManager:220 - loadIPPluginJar : add gfxmmu
2026-02-11 17:04:32,909 [INFO] IPUIPlugin:80 - create IPUIPlugin
2026-02-11 17:04:32,909 [INFO] PluginManager:220 - loadIPPluginJar : add gic
2026-02-11 17:04:32,914 [INFO] IPUIPlugin:80 - create IPUIPlugin
2026-02-11 17:04:32,915 [INFO] PluginManager:220 - loadIPPluginJar : add gpio
2026-02-11 17:04:32,918 [INFO] IPUIPlugin:80 - create IPUIPlugin
2026-02-11 17:04:32,919 [INFO] PluginManager:220 - loadIPPluginJar : add gtzc
2026-02-11 17:04:32,923 [INFO] IPUIPlugin:80 - create IPUIPlugin
2026-02-11 17:04:32,924 [INFO] PluginManager:220 - loadIPPluginJar : add hash
2026-02-11 17:04:32,928 [INFO] IPUIPlugin:80 - create IPUIPlugin
2026-02-11 17:04:32,928 [INFO] PluginManager:220 - loadIPPluginJar : add i2c
2026-02-11 17:04:32,932 [INFO] IPUIPlugin:80 - create IPUIPlugin
2026-02-11 17:04:32,933 [INFO] PluginManager:220 - loadIPPluginJar : add i2s
2026-02-11 17:04:32,943 [INFO] IPUIPlugin:80 - create IPUIPlugin
2026-02-11 17:04:32,943 [INFO] PluginManager:220 - loadIPPluginJar : add i3c
2026-02-11 17:04:32,947 [INFO] IPUIPlugin:80 - create IPUIPlugin
2026-02-11 17:04:32,948 [INFO] PluginManager:220 - loadIPPluginJar : add ipddr
2026-02-11 17:04:32,962 [INFO] IPUIPlugin:80 - create IPUIPlugin
2026-02-11 17:04:32,965 [INFO] PluginManager:220 - loadIPPluginJar : add linkedlist
2026-02-11 17:04:32,971 [INFO] IPUIPlugin:80 - create IPUIPlugin
2026-02-11 17:04:32,972 [INFO] PluginManager:220 - loadIPPluginJar : add lorawan
2026-02-11 17:04:32,974 [INFO] IPUIPlugin:80 - create IPUIPlugin
2026-02-11 17:04:32,974 [INFO] PluginManager:220 - loadIPPluginJar : add ltdc
2026-02-11 17:04:32,982 [INFO] IPUIPlugin:80 - create IPUIPlugin
2026-02-11 17:04:32,982 [INFO] PluginManager:220 - loadIPPluginJar : add mdma
2026-02-11 17:04:32,987 [INFO] IPUIPlugin:80 - create IPUIPlugin
2026-02-11 17:04:32,987 [INFO] PluginManager:220 - loadIPPluginJar : add nvic
2026-02-11 17:04:32,991 [INFO] IPUIPlugin:80 - create IPUIPlugin
2026-02-11 17:04:32,991 [INFO] PluginManager:220 - loadIPPluginJar : add opamp
2026-02-11 17:04:32,995 [INFO] IPUIPlugin:80 - create IPUIPlugin
2026-02-11 17:04:32,996 [INFO] PluginManager:220 - loadIPPluginJar : add openamp
2026-02-11 17:04:33,000 [INFO] IPUIPlugin:80 - create IPUIPlugin
2026-02-11 17:04:33,000 [INFO] PluginManager:220 - loadIPPluginJar : add pdm2pcm
2026-02-11 17:04:33,009 [INFO] IPUIPlugin:80 - create IPUIPlugin
2026-02-11 17:04:33,015 [INFO] PluginManager:220 - loadIPPluginJar : add plateformsettings
2026-02-11 17:04:33,018 [INFO] IPUIPlugin:80 - create IPUIPlugin
2026-02-11 17:04:33,018 [INFO] PluginManager:220 - loadIPPluginJar : add quadspi
2026-02-11 17:04:33,021 [INFO] IPUIPlugin:80 - create IPUIPlugin
2026-02-11 17:04:33,022 [INFO] PluginManager:220 - loadIPPluginJar : add radio
2026-02-11 17:04:33,027 [INFO] IPUIPlugin:80 - create IPUIPlugin
2026-02-11 17:04:33,027 [INFO] PluginManager:220 - loadIPPluginJar : add resmgrutility
2026-02-11 17:04:33,031 [INFO] IPUIPlugin:80 - create IPUIPlugin
2026-02-11 17:04:33,032 [INFO] PluginManager:220 - loadIPPluginJar : add sai
2026-02-11 17:04:33,035 [INFO] IPUIPlugin:80 - create IPUIPlugin
2026-02-11 17:04:33,037 [INFO] PluginManager:220 - loadIPPluginJar : add spi
2026-02-11 17:04:33,047 [INFO] IPUIPlugin:80 - create IPUIPlugin
2026-02-11 17:04:33,047 [INFO] PluginManager:220 - loadIPPluginJar : add stm32_wpan
2026-02-11 17:04:33,050 [INFO] IPUIPlugin:80 - create IPUIPlugin
2026-02-11 17:04:33,051 [INFO] PluginManager:220 - loadIPPluginJar : add tim
2026-02-11 17:04:33,056 [INFO] IPUIPlugin:80 - create IPUIPlugin
2026-02-11 17:04:33,057 [INFO] PluginManager:220 - loadIPPluginJar : add touchsensing
2026-02-11 17:04:33,059 [INFO] IPUIPlugin:80 - create IPUIPlugin
2026-02-11 17:04:33,060 [INFO] PluginManager:220 - loadIPPluginJar : add tracer_emb
2026-02-11 17:04:33,066 [INFO] IPUIPlugin:80 - create IPUIPlugin
2026-02-11 17:04:33,066 [INFO] PluginManager:220 - loadIPPluginJar : add ts
2026-02-11 17:04:33,069 [INFO] IPUIPlugin:80 - create IPUIPlugin
2026-02-11 17:04:33,070 [INFO] PluginManager:220 - loadIPPluginJar : add tsc
2026-02-11 17:04:33,074 [INFO] IPUIPlugin:80 - create IPUIPlugin
2026-02-11 17:04:33,074 [INFO] PluginManager:220 - loadIPPluginJar : add ucpd
2026-02-11 17:04:33,078 [INFO] IPUIPlugin:80 - create IPUIPlugin
2026-02-11 17:04:33,079 [INFO] PluginManager:220 - loadIPPluginJar : add usart
2026-02-11 17:04:33,084 [INFO] IPUIPlugin:80 - create IPUIPlugin
2026-02-11 17:04:33,084 [INFO] PluginManager:220 - loadIPPluginJar : add usbx
2026-02-11 17:04:33,251 [FATAL] Updater:351 - Updater called before beeing initialized
2026-02-11 17:04:33,299 [INFO] RulesReader:64 - Compatibility file has been processed (317 Rules)
2026-02-11 17:04:33,318 [INFO] RulesReader:64 - Compatibility file has been processed (317 Rules)
2026-02-11 17:04:33,332 [INFO] CADModel:165 - CPN selected for project level
2026-02-11 17:04:33,332 [INFO] CADModel:114 - Register for checkConnection events
2026-02-11 17:04:33,332 [FATAL] Updater:351 - Updater called before beeing initialized
2026-02-11 17:04:33,332 [ERROR] CADModel:125 - Updater not yet initialized, retry later 
2026-02-11 17:04:33,566 [FATAL] Updater:351 - Updater called before beeing initialized
2026-02-11 17:04:33,569 [INFO] CADModel:165 - CPN selected for project level
2026-02-11 17:04:33,569 [INFO] CADModel:114 - Register for checkConnection events
2026-02-11 17:04:33,569 [FATAL] Updater:351 - Updater called before beeing initialized
2026-02-11 17:04:33,569 [ERROR] CADModel:125 - Updater not yet initialized, retry later 
2026-02-11 17:04:33,576 [FATAL] Updater:351 - Updater called before beeing initialized
2026-02-11 17:04:33,905 [FATAL] Updater:351 - Updater called before beeing initialized
2026-02-11 17:04:33,911 [INFO] DbMcusAds:53 - JSON generation date=Mon Dec 15 18:11:46 PET 2025 (1765840306209)
2026-02-11 17:04:33,911 [FATAL] Updater:351 - Updater called before beeing initialized
2026-02-11 17:04:33,970 [WARN] DetailPanel:346 - Failed to get advertising image, set to default
2026-02-11 17:04:34,119 [FATAL] Updater:351 - Updater called before beeing initialized
2026-02-11 17:04:34,121 [FATAL] Updater:351 - Updater called before beeing initialized
2026-02-11 17:04:34,121 [FATAL] Updater:351 - Updater called before beeing initialized
2026-02-11 17:04:34,121 [WARN] DetailPanel:346 - Failed to get advertising image, set to default
2026-02-11 17:04:34,123 [FATAL] Updater:351 - Updater called before beeing initialized
2026-02-11 17:04:34,185 [ERROR] Updater:1198 - MainUpdater not yet initialized. External WinMGr cannot be set.
2026-02-11 17:04:34,187 [INFO] Updater:1134 - Updater Version found : 6.15.0
2026-02-11 17:04:34,207 [INFO] ApplicationProperties:184 - Using Application install path: F:\Program Files\ST\STM32CubeIDE_1.19.0\STM32CubeIDE\plugins\com.st.stm32cube.common.mx_6.15.0.202507011659
2026-02-11 17:04:35,024 [INFO] ThirdPartyUpdaterWithRetryManager:70 - Updater plugin not ready yet. [2/15]
2026-02-11 17:04:35,786 [ERROR] LogOutputStream:75 - [STDERR_REDIRECT] Feb 11, 2026 5:04:35 PM java.util.prefs.WindowsPreferences <init>
2026-02-11 17:04:35,790 [ERROR] LogOutputStream:75 - [STDERR_REDIRECT] WARNING: Could not open/create prefs root node Software\JavaSoft\Prefs at root 0xffffffff80000002. Windows RegCreateKeyEx(...) returned error code 5.
2026-02-11 17:04:35,790 [ERROR] LogOutputStream:75 - [STDERR_REDIRECT] 
2026-02-11 17:04:36,175 [INFO] MainUpdater:2872 - connection check result : 10
2026-02-11 17:04:36,176 [INFO] MainUpdater:289 - Updater Check For Update Now.
2026-02-11 17:04:36,176 [INFO] MicroXplorer:498 - Change Database Version : DB.6.0.150
2026-02-11 17:04:36,183 [INFO] McuFinderGlobals:63 - Set McuFinder mode to 2 (CubeIDE integrated)
2026-02-11 17:04:36,184 [INFO] UserAuth:487 - Internet connection configuration mode: 1
2026-02-11 17:04:36,239 [INFO] JxBrowserEngine:152 - Initiate JxBrowser Engine with user profile folder
2026-02-11 17:04:36,504 [INFO] CheckServerUpdateThread:120 - End of CheckServer Thread
2026-02-11 17:04:36,983 [INFO] WebApp:169 - Instantiating new browser for Auth
2026-02-11 17:04:38,489 [INFO] WebApp:463 - Apply proxy settings
2026-02-11 17:04:38,490 [INFO] WebApp:548 - Chromium requires no authentication
2026-02-11 17:04:38,499 [INFO] WebApp:491 - Direct internet connection detected
2026-02-11 17:04:38,543 [INFO] WebApp:900 - Register for checkConnection events
2026-02-11 17:04:38,543 [INFO] WebApp:463 - Apply proxy settings
2026-02-11 17:04:38,544 [INFO] WebApp:548 - Chromium requires no authentication
2026-02-11 17:04:38,544 [INFO] WebApp:491 - Direct internet connection detected
2026-02-11 17:04:38,615 [WARN] PackLoader:240 - Cannot read IP mode file for STMicroelectronics.FP-SNS-MOTENVWB1.1.4.0
2026-02-11 17:04:38,627 [WARN] PackLoader:240 - Cannot read IP mode file for STMicroelectronics.FP-ATR-ASTRA1.2.0.2
2026-02-11 17:04:38,633 [WARN] PackLoader:240 - Cannot read IP mode file for STMicroelectronics.FP-ATR-ASTRA1.2.0.1
2026-02-11 17:04:38,649 [WARN] PackLoader:240 - Cannot read IP mode file for STMicroelectronics.X-CUBE-SMBUS.2.1.0
2026-02-11 17:04:38,662 [WARN] PackLoader:240 - Cannot read IP mode file for STMicroelectronics.X-CUBE-WB05N.1.1.0
2026-02-11 17:04:38,672 [WARN] PackLoader:240 - Cannot read IP mode file for STMicroelectronics.X-CUBE-ST60.1.0.0
2026-02-11 17:04:38,680 [WARN] PackLoader:240 - Cannot read IP mode file for STMicroelectronics.X-CUBE-TOUCHGFX.4.23.0
2026-02-11 17:04:38,684 [WARN] PackLoader:240 - Cannot read IP mode file for STMicroelectronics.X-CUBE-TOUCHGFX.4.23.2
2026-02-11 17:04:38,728 [WARN] PackLoader:240 - Cannot read IP mode file for STMicroelectronics.X-CUBE-AZRTOS-F7.1.1.0
2026-02-11 17:04:38,741 [ERROR] RealEvaluatedCondition:428 - Found unsupported composite condition: CLASS='Data Exchange' GROUP='STM32_MetaDataManager'
2026-02-11 17:04:38,741 [ERROR] RealEvaluatedCondition:428 - Found unsupported composite condition: GROUP='STM32_MetaDataManager' CLASS='Data Exchange'
2026-02-11 17:04:38,743 [WARN] PackLoader:240 - Cannot read IP mode file for STMicroelectronics.FP-SNS-MOTENV1.4.3.0
2026-02-11 17:04:38,781 [WARN] PackLoader:240 - Cannot read IP mode file for STMicroelectronics.FP-SNS-MOTENV1.4.3.2
2026-02-11 17:04:38,796 [WARN] PackLoader:240 - Cannot read IP mode file for STMicroelectronics.FP-SNS-FLIGHT1.5.0.0
2026-02-11 17:04:38,804 [ERROR] RealEvaluatedCondition:428 - Found unsupported composite condition: CLASS='Data Exchange' GROUP='STM32_MetaDataManager'
2026-02-11 17:04:38,804 [ERROR] RealEvaluatedCondition:428 - Found unsupported composite condition: GROUP='STM32_MetaDataManager' CLASS='Data Exchange'
2026-02-11 17:04:38,808 [WARN] PackLoader:240 - Cannot read IP mode file for STMicroelectronics.FP-SNS-MOTENV1.4.3.1
2026-02-11 17:04:38,816 [WARN] PackLoader:240 - Cannot read IP mode file for STMicroelectronics.FP-SNS-FLIGHT1.5.0.1
2026-02-11 17:04:38,923 [WARN] PackLoader:240 - Cannot read IP mode file for STMicroelectronics.X-CUBE-MEMS1.11.0.0
2026-02-11 17:04:39,122 [INFO] WebApp:225 - Starting web application
2026-02-11 17:04:39,123 [INFO] WebApp:593 - Web application path used F:\Program Files\ST\STM32CubeIDE_1.19.0\STM32CubeIDE\plugins\com.st.stm32cube.common.mx_6.15.0.202507011659\db\plugins\mcufinder\reactClient1\index.html
2026-02-11 17:04:39,274 [WARN] PackLoader:240 - Cannot read IP mode file for STMicroelectronics.X-CUBE-BLE1.6.2.4
2026-02-11 17:04:39,280 [WARN] PackLoader:240 - Cannot read IP mode file for STMicroelectronics.FP-SNS-MOTENV1.5.1.0
2026-02-11 17:04:39,287 [WARN] PackLoader:240 - Cannot read IP mode file for STMicroelectronics.FP-SNS-FLIGHT1.5.0.2
2026-02-11 17:04:39,319 [WARN] PackLoader:240 - Cannot read IP mode file for STMicroelectronics.X-CUBE-AZRTOS-H7.3.4.0
2026-02-11 17:04:39,334 [WARN] PackLoader:240 - Cannot read IP mode file for STMicroelectronics.X-CUBE-DISPLAY.3.0.0
2026-02-11 17:04:39,389 [WARN] PackLoader:240 - Cannot read IP mode file for STMicroelectronics.X-CUBE-BLE1.7.0.0
2026-02-11 17:04:39,404 [WARN] PackLoader:240 - Cannot read IP mode file for STMicroelectronics.X-CUBE-NFC10.1.0.0
2026-02-11 17:04:39,419 [WARN] PackLoader:240 - Cannot read IP mode file for STMicroelectronics.X-CUBE-BLEMGR.4.0.0
2026-02-11 17:04:39,431 [WARN] PackLoader:240 - Cannot read IP mode file for STMicroelectronics.X-CUBE-ST60.1.1.0
2026-02-11 17:04:39,437 [WARN] PackLoader:240 - Cannot read IP mode file for STMicroelectronics.X-CUBE-TOUCHGFX.4.22.0
2026-02-11 17:04:39,444 [WARN] PackLoader:240 - Cannot read IP mode file for STMicroelectronics.X-CUBE-GNSS1.7.1.0
2026-02-11 17:04:39,449 [WARN] PackLoader:240 - Cannot read IP mode file for STMicroelectronics.X-CUBE-TOUCHGFX.4.22.1
2026-02-11 17:04:39,461 [WARN] PackLoader:240 - Cannot read IP mode file for STMicroelectronics.X-CUBE-BLEMGR.3.1.0
2026-02-11 17:04:39,470 [WARN] PackLoader:240 - Cannot read IP mode file for STMicroelectronics.X-CUBE-AI.10.0.0
2026-02-11 17:04:39,492 [WARN] PackLoader:240 - Cannot read IP mode file for STMicroelectronics.FP-SNS-STBOX1.2.1.0
2026-02-11 17:04:39,502 [WARN] PackLoader:240 - Cannot read IP mode file for STMicroelectronics.FP-SNS-SMARTAG2.1.2.0
2026-02-11 17:04:39,523 [WARN] PackLoader:240 - Cannot read IP mode file for STMicroelectronics.FP-SNS-FLIGHT1.5.1.0
2026-02-11 17:04:39,608 [WARN] PackLoader:240 - Cannot read IP mode file for STMicroelectronics.X-CUBE-MEMS1.11.1.0
2026-02-11 17:04:39,992 [INFO] LogOutputStream:77 - [STDOUT_REDIRECT] 1 : Invalid condition id : UX_CORESTACK_Condition cause : null
2026-02-11 17:04:39,993 [INFO] LogOutputStream:77 - [STDOUT_REDIRECT] 1 : Invalid condition id : UX_CORESTACK_Condition cause : null
2026-02-11 17:04:39,995 [INFO] LogOutputStream:77 - [STDOUT_REDIRECT] 1 : Invalid condition id : UX_CORESTACK_Condition cause : null
2026-02-11 17:04:39,996 [INFO] LogOutputStream:77 - [STDOUT_REDIRECT] 1 : Invalid condition id : UX_CORESTACK_Condition cause : null
2026-02-11 17:04:39,998 [INFO] LogOutputStream:77 - [STDOUT_REDIRECT] 1 : Invalid condition id : UX_CORESTACK_Condition cause : null
2026-02-11 17:04:40,023 [INFO] UserAuth:487 - Internet connection configuration mode: 1
2026-02-11 17:04:40,033 [WARN] PackLoader:240 - Cannot read IP mode file for STMicroelectronics.X-CUBE-AZRTOS-WL.2.0.0
2026-02-11 17:04:40,046 [WARN] PackLoader:240 - Cannot read IP mode file for STMicroelectronics.FP-SNS-MOTENV1.5.0.0
2026-02-11 17:04:40,092 [WARN] PackLoader:240 - Cannot read IP mode file for STMicroelectronics.X-CUBE-AZRTOS-H7RS.1.2.0
2026-02-11 17:04:40,104 [WARN] PackLoader:240 - Cannot read IP mode file for wolfSSL.I-CUBE-wolfMQTT.1.19.0
2026-02-11 17:04:40,114 [WARN] PackLoader:240 - Cannot read IP mode file for WES.I-CUBE-Cesium.1.3.0
2026-02-11 17:04:40,121 [WARN] PackLoader:240 - Cannot read IP mode file for STMicroelectronics.X-CUBE-BLE2.3.3.0
2026-02-11 17:04:40,175 [WARN] PackLoader:240 - Cannot read IP mode file for STMicroelectronics.X-CUBE-DISPLAY.2.2.0
2026-02-11 17:04:40,199 [WARN] PackLoader:240 - Cannot read IP mode file for STMicroelectronics.X-CUBE-TOF1.3.2.0
2026-02-11 17:04:40,221 [WARN] PackLoader:240 - Cannot read IP mode file for STMicroelectronics.X-CUBE-NFC9.1.0.0
2026-02-11 17:04:40,231 [WARN] PackLoader:240 - Cannot read IP mode file for STMicroelectronics.X-CUBE-BLE1.7.1.0
2026-02-11 17:04:40,244 [WARN] PackLoader:240 - Cannot read IP mode file for STMicroelectronics.X-CUBE-TCPP.4.1.0
2026-02-11 17:04:40,259 [WARN] PackLoader:240 - Cannot read IP mode file for STMicroelectronics.X-CUBE-FREERTOS.1.4.0
2026-02-11 17:04:40,270 [WARN] PackLoader:240 - Cannot read IP mode file for STMicroelectronics.X-CUBE-EEPRMA1.5.2.0
2026-02-11 17:04:40,277 [WARN] PackLoader:240 - Cannot read IP mode file for STMicroelectronics.X-CUBE-TOUCHGFX.4.21.1
2026-02-11 17:04:40,284 [WARN] PackLoader:240 - Cannot read IP mode file for STMicroelectronics.X-CUBE-TOUCHGFX.4.21.0
2026-02-11 17:04:40,290 [WARN] PackLoader:240 - Cannot read IP mode file for STMicroelectronics.X-CUBE-TOUCHGFX.4.21.3
2026-02-11 17:04:40,295 [WARN] PackLoader:240 - Cannot read IP mode file for STMicroelectronics.X-CUBE-TOUCHGFX.4.21.4
2026-02-11 17:04:40,357 [WARN] PackLoader:240 - Cannot read IP mode file for STMicroelectronics.X-CUBE-MEMS1.9.4.0
2026-02-11 17:04:40,593 [WARN] PackLoader:240 - Cannot read IP mode file for STMicroelectronics.X-CUBE-AI.7.3.0
2026-02-11 17:04:40,607 [WARN] PackLoader:240 - Cannot read IP mode file for STMicroelectronics.X-CUBE-ST67W61.1.1.0
2026-02-11 17:04:40,615 [WARN] PackLoader:240 - Cannot read IP mode file for STMicroelectronics.X-CUBE-AI.10.1.0
2026-02-11 17:04:40,676 [WARN] PackLoader:240 - Cannot read IP mode file for STMicroelectronics.X-CUBE-MEMS1.12.0.0
2026-02-11 17:04:40,825 [WARN] PackLoader:240 - Cannot read IP mode file for STMicroelectronics.X-CUBE-ALGOBUILD.1.3.0
2026-02-11 17:04:40,895 [WARN] PackLoader:240 - Cannot read IP mode file for STMicroelectronics.X-CUBE-MEMS1.11.2.0
2026-02-11 17:04:41,126 [WARN] PackLoader:240 - Cannot read IP mode file for STMicroelectronics.X-CUBE-AZRTOS-G0.1.1.0
2026-02-11 17:04:41,136 [WARN] PackLoader:240 - Cannot read IP mode file for STMicroelectronics.X-CUBE-SAFEA1.1.2.2
2026-02-11 17:04:41,145 [WARN] PackLoader:240 - Cannot read IP mode file for STMicroelectronics.X-CUBE-NFC4.3.0.0
2026-02-11 17:04:41,161 [WARN] PackLoader:240 - Cannot read IP mode file for EmbeddedOffice.I-CUBE-FS-RTOS.1.0.1
2026-02-11 17:04:41,169 [WARN] PackLoader:240 - Cannot read IP mode file for STMicroelectronics.X-CUBE-WB05N.2.0.0
2026-02-11 17:04:41,183 [WARN] PackLoader:240 - Cannot read IP mode file for STMicroelectronics.X-CUBE-BLEMGR.3.0.0
2026-02-11 17:04:41,195 [WARN] PackLoader:240 - Cannot read IP mode file for STMicroelectronics.X-CUBE-BLEMGR.1.3.0
2026-02-11 17:04:41,211 [WARN] PackLoader:240 - Cannot read IP mode file for STMicroelectronics.X-CUBE-TCPP.4.2.0
2026-02-11 17:04:41,222 [WARN] PackLoader:240 - Cannot read IP mode file for RealThread.X-CUBE-RT-Thread_Nano.4.1.1
2026-02-11 17:04:41,229 [WARN] PackLoader:240 - Cannot read IP mode file for STMicroelectronics.FP-ATR-SIGFOX1.3.2.0
2026-02-11 17:04:41,235 [WARN] ConditionMgr:438 - getConditionDescription Invalid condition id : Cortex-A Device cause : null
2026-02-11 17:04:41,249 [WARN] ConditionMgr:1044 - genDependencies : Invalid condition id : Cortex-A Device cause : null
2026-02-11 17:04:41,250 [WARN] ConditionMgr:1044 - genDependencies : Invalid condition id : Cortex-A Device cause : null
2026-02-11 17:04:41,250 [WARN] ConditionMgr:1044 - genDependencies : Invalid condition id : Cortex-A Device cause : null
2026-02-11 17:04:41,257 [WARN] PackLoader:240 - Cannot read IP mode file for STMicroelectronics.X-CUBE-EEPRMA1.5.1.0
2026-02-11 17:04:41,268 [WARN] PackLoader:240 - Cannot read IP mode file for STMicroelectronics.X-CUBE-NFC6.3.2.0
2026-02-11 17:04:41,345 [WARN] PackLoader:240 - Cannot read IP mode file for STMicroelectronics.X-CUBE-MEMS1.9.5.0
2026-02-11 17:04:41,570 [WARN] PackLoader:240 - Cannot read IP mode file for STMicroelectronics.X-CUBE-ST67W61.1.0.0
2026-02-11 17:04:41,576 [WARN] PackLoader:240 - Cannot read IP mode file for STMicroelectronics.X-CUBE-AI.10.2.0
2026-02-11 17:04:41,633 [WARN] PackLoader:240 - Cannot read IP mode file for SEGGER.I-CUBE-embOS.1.3.1
2026-02-11 17:04:41,677 [WARN] PackLoader:240 - Cannot read IP mode file for STMicroelectronics.X-CUBE-ALGOBUILD.1.4.0
2026-02-11 17:04:41,776 [WARN] PackLoader:240 - Cannot read IP mode file for STMicroelectronics.X-CUBE-MEMS1.11.3.0
2026-02-11 17:04:42,094 [WARN] PackLoader:240 - Cannot read IP mode file for SEGGER.I-CUBE-embOS.1.3.0
2026-02-11 17:04:42,145 [WARN] PackLoader:240 - Cannot read IP mode file for STMicroelectronics.X-CUBE-AI.9.1.0
2026-02-11 17:04:42,155 [WARN] PackLoader:240 - Cannot read IP mode file for STMicroelectronics.X-CUBE-PM33A1.1.0.0
2026-02-11 17:04:42,162 [WARN] PackLoader:240 - Cannot read IP mode file for STMicroelectronics.X-CUBE-GNSS1.6.0.0
2026-02-11 17:04:42,212 [WARN] PackLoader:240 - Cannot read IP mode file for STMicroelectronics.X-CUBE-AZRTOS-F4.1.1.0
2026-02-11 17:04:42,221 [WARN] PackLoader:240 - Cannot read IP mode file for Avnet-IotConnect.X-CUBE-IoTC-DA16k-PMOD.1.0.0
2026-02-11 17:04:42,228 [WARN] PackLoader:240 - Cannot read IP mode file for STMicroelectronics.X-CUBE-ISPU.2.1.0
2026-02-11 17:04:42,251 [WARN] PackLoader:240 - Cannot read IP mode file for STMicroelectronics.X-CUBE-IPS.3.2.0
2026-02-11 17:04:42,270 [WARN] PackLoader:240 - Cannot read IP mode file for STMicroelectronics.X-CUBE-FREERTOS.1.2.0
2026-02-11 17:04:42,282 [WARN] PackLoader:240 - Cannot read IP mode file for STMicroelectronics.X-CUBE-NFC12.1.0.0
2026-02-11 17:04:42,330 [WARN] PackLoader:240 - Cannot read IP mode file for STMicroelectronics.X-CUBE-AZRTOS-L5.2.0.0
2026-02-11 17:04:42,394 [WARN] PackLoader:240 - Cannot read IP mode file for STMicroelectronics.X-CUBE-MEMS1.9.6.0
2026-02-11 17:04:42,608 [WARN] PackLoader:240 - Cannot read IP mode file for STMicroelectronics.X-CUBE-EEPRMA1.4.2.0
2026-02-11 17:04:42,616 [WARN] PackLoader:240 - Cannot read IP mode file for STMicroelectronics.X-CUBE-NFC6.3.1.0
2026-02-11 17:04:42,626 [WARN] PackLoader:240 - Cannot read IP mode file for ITTIA_DB.I-CUBE-ITTIADB.8.8.0
2026-02-11 17:04:42,634 [WARN] PackLoader:240 - Cannot read IP mode file for emotas.I-CUBE-CANOPEN.1.1.3
2026-02-11 17:04:42,642 [WARN] PackLoader:240 - Cannot read IP mode file for STMicroelectronics.X-CUBE-BLEMGR.2.0.0
2026-02-11 17:04:42,650 [WARN] PackLoader:240 - Cannot read IP mode file for STMicroelectronics.X-CUBE-DPower.1.2.0
2026-02-11 17:04:42,656 [WARN] PackLoader:240 - Cannot read IP mode file for STMicroelectronics.X-CUBE-NFC4.2.0.5
2026-02-11 17:04:42,661 [WARN] PackLoader:240 - Cannot read IP mode file for STMicroelectronics.X-CUBE-AI.9.0.0
2026-02-11 17:04:42,707 [WARN] ConditionMgr:438 - getConditionDescription Invalid condition id : UX DEVICE CLASS RTOS Condition cause : null
2026-02-11 17:04:42,708 [WARN] ConditionMgr:438 - getConditionDescription Invalid condition id : UX DEVICE CLASS RTOS Condition cause : null
2026-02-11 17:04:42,712 [WARN] PackLoader:240 - Cannot read IP mode file for STMicroelectronics.X-CUBE-AZRTOS-H7.3.1.0
2026-02-11 17:04:42,714 [WARN] ConditionMgr:1044 - genDependencies : Invalid condition id : UX DEVICE CLASS RTOS Condition cause : null
2026-02-11 17:04:42,714 [WARN] ConditionMgr:1044 - genDependencies : Invalid condition id : UX DEVICE CLASS RTOS Condition cause : null
2026-02-11 17:04:42,715 [WARN] ConditionMgr:1044 - genDependencies : Invalid condition id : UX DEVICE CLASS RTOS Condition cause : null
2026-02-11 17:04:42,715 [WARN] ConditionMgr:1044 - genDependencies : Invalid condition id : UX DEVICE CLASS RTOS Condition cause : null
2026-02-11 17:04:42,715 [WARN] ConditionMgr:1044 - genDependencies : Invalid condition id : UX DEVICE CLASS RTOS Condition cause : null
2026-02-11 17:04:42,726 [WARN] PackLoader:240 - Cannot read IP mode file for wolfSSL.I-CUBE-wolfSSL.5.5.3
2026-02-11 17:04:42,734 [WARN] PackLoader:240 - Cannot read IP mode file for STMicroelectronics.X-CUBE-FREERTOS.1.3.1
2026-02-11 17:04:42,740 [WARN] PackLoader:240 - Cannot read IP mode file for STMicroelectronics.X-CUBE-FREERTOS.1.3.0
2026-02-11 17:04:42,749 [WARN] PackLoader:240 - Cannot read IP mode file for STMicroelectronics.X-CUBE-NFC7.1.0.1
2026-02-11 17:04:42,755 [WARN] PackLoader:240 - Cannot read IP mode file for STMicroelectronics.X-CUBE-NFC7.1.0.0
2026-02-11 17:04:42,761 [WARN] PackLoader:240 - Cannot read IP mode file for wolfSSL.I-CUBE-wolfTPM.3.2.0
2026-02-11 17:04:42,764 [WARN] PackLoader:240 - Cannot read IP mode file for STMicroelectronics.X-CUBE-TOUCHGFX.4.26.0
2026-02-11 17:04:42,772 [WARN] PackLoader:240 - Cannot read IP mode file for STMicroelectronics.X-CUBE-NFC6.3.0.0
2026-02-11 17:04:42,780 [WARN] PackLoader:240 - Cannot read IP mode file for STMicroelectronics.X-CUBE-EEPRMA1.4.1.0
2026-02-11 17:04:42,788 [WARN] PackLoader:240 - Cannot read IP mode file for STMicroelectronics.FP-SNS-STAIOTCFT.1.0.0
2026-02-11 17:04:42,794 [WARN] PackLoader:240 - Cannot read IP mode file for STMicroelectronics.X-CUBE-DPower.1.3.0
2026-02-11 17:04:42,798 [WARN] PackLoader:240 - Cannot read IP mode file for STMicroelectronics.X-CUBE-AI.8.1.0
2026-02-11 17:04:42,844 [WARN] ConditionMgr:438 - getConditionDescription Invalid condition id : LAN8742 Phy interface Condition cause : null
2026-02-11 17:04:42,845 [WARN] PackLoader:240 - Cannot read IP mode file for STMicroelectronics.X-CUBE-AZRTOS-L4.2.0.0
2026-02-11 17:04:42,847 [WARN] ConditionMgr:1044 - genDependencies : Invalid condition id : LAN8742 Phy interface Condition cause : null
2026-02-11 17:04:42,847 [WARN] ConditionMgr:1044 - genDependencies : Invalid condition id : LAN8742 Phy interface Condition cause : null
2026-02-11 17:04:42,848 [WARN] ConditionMgr:1044 - genDependencies : Invalid condition id : LAN8742 Phy interface Condition cause : null
2026-02-11 17:04:42,857 [WARN] PackLoader:240 - Cannot read IP mode file for STMicroelectronics.X-CUBE-SFXS2LP1.4.0.0
2026-02-11 17:04:42,880 [WARN] PackLoader:240 - Cannot read IP mode file for STMicroelectronics.X-CUBE-AZRTOS-H7.3.0.0
2026-02-11 17:04:42,910 [WARN] PackLoader:240 - Cannot read IP mode file for STMicroelectronics.X-CUBE-ST67W61.1.2.0
2026-02-11 17:04:42,915 [WARN] PackLoader:240 - Cannot read IP mode file for STMicroelectronics.X-CUBE-ISPU.1.1.0
2026-02-11 17:04:42,939 [WARN] PackLoader:240 - Cannot read IP mode file for STMicroelectronics.X-CUBE-AZRTOS-H7.3.3.0
2026-02-11 17:04:42,976 [WARN] PackLoader:240 - Cannot read IP mode file for RoweBots.I-CUBE-UNISONRTOS.5.5.0-4
2026-02-11 17:04:42,992 [WARN] PackLoader:240 - Cannot read IP mode file for STMicroelectronics.X-CUBE-BLEMGR.4.1.0
2026-02-11 17:04:43,000 [WARN] PackLoader:240 - Cannot read IP mode file for STMicroelectronics.X-CUBE-AI.8.0.0
2026-02-11 17:04:43,010 [WARN] PackLoader:240 - Cannot read IP mode file for STMicroelectronics.X-CUBE-IPS.3.0.0
2026-02-11 17:04:43,032 [WARN] ConditionMgr:438 - getConditionDescription Invalid condition id : UX DEVICE CLASS RTOS Condition cause : null
2026-02-11 17:04:43,032 [WARN] ConditionMgr:438 - getConditionDescription Invalid condition id : UX DEVICE CLASS RTOS Condition cause : null
2026-02-11 17:04:43,036 [WARN] PackLoader:240 - Cannot read IP mode file for STMicroelectronics.X-CUBE-AZRTOS-WB.2.0.0
2026-02-11 17:04:43,037 [WARN] ConditionMgr:1044 - genDependencies : Invalid condition id : UX DEVICE CLASS RTOS Condition cause : null
2026-02-11 17:04:43,038 [WARN] ConditionMgr:1044 - genDependencies : Invalid condition id : UX DEVICE CLASS RTOS Condition cause : null
2026-02-11 17:04:43,038 [WARN] ConditionMgr:1044 - genDependencies : Invalid condition id : UX DEVICE CLASS RTOS Condition cause : null
2026-02-11 17:04:43,038 [WARN] ConditionMgr:1044 - genDependencies : Invalid condition id : UX DEVICE CLASS RTOS Condition cause : null
2026-02-11 17:04:43,039 [WARN] ConditionMgr:1044 - genDependencies : Invalid condition id : UX DEVICE CLASS RTOS Condition cause : null
2026-02-11 17:04:43,044 [WARN] PackLoader:240 - Cannot read IP mode file for STMicroelectronics.X-CUBE-FREERTOS.1.0.0
2026-02-11 17:04:43,052 [WARN] PackLoader:240 - Cannot read IP mode file for STMicroelectronics.X-CUBE-FREERTOS.1.0.1
2026-02-11 17:04:43,062 [WARN] PackLoader:240 - Cannot read IP mode file for STMicroelectronics.X-CUBE-GNSS1.7.0.0
2026-02-11 17:04:43,068 [WARN] PackLoader:240 - Cannot read IP mode file for STMicroelectronics.X-CUBE-GNSS1.7.0.1
2026-02-11 17:04:43,073 [WARN] PackLoader:240 - Cannot read IP mode file for STMicroelectronics.X-CUBE-TOUCHGFX.4.25.0
2026-02-11 17:04:43,079 [WARN] PackLoader:240 - Cannot read IP mode file for STMicroelectronics.FP-SNS-STBOX1.2.0.0
2026-02-11 17:04:43,111 [WARN] PackLoader:240 - Cannot read IP mode file for STMicroelectronics.X-CUBE-STSE01.2.0.0
2026-02-11 17:04:43,129 [WARN] PackLoader:240 - Cannot read IP mode file for STMicroelectronics.X-CUBE-AZRTOS-L5.1.1.0
2026-02-11 17:04:43,135 [WARN] PackLoader:240 - Cannot read IP mode file for STMicroelectronics.X-CUBE-AI.8.0.1
2026-02-11 17:04:43,148 [WARN] PackLoader:240 - Cannot read IP mode file for STMicroelectronics.X-CUBE-SUBG2.5.0.0
2026-02-11 17:04:43,175 [WARN] PackLoader:240 - Cannot read IP mode file for STMicroelectronics.X-CUBE-AZRTOS-H7RS.1.1.0
2026-02-11 17:04:43,184 [WARN] PackLoader:240 - Cannot read IP mode file for Cesanta.I-CUBE-Mongoose.7.13.0
2026-02-11 17:04:43,196 [WARN] PackLoader:240 - Cannot read IP mode file for STMicroelectronics.X-CUBE-TOF1.3.3.1
2026-02-11 17:04:43,247 [WARN] PackLoader:240 - Cannot read IP mode file for STMicroelectronics.X-CUBE-AZRTOS-G4.2.0.0
2026-02-11 17:04:43,261 [WARN] PackLoader:240 - Cannot read IP mode file for STMicroelectronics.X-CUBE-TOF1.3.3.0
2026-02-11 17:04:43,274 [WARN] PackLoader:240 - Cannot read IP mode file for STMicroelectronics.FP-ATR-ASTRA1.1.1.1
2026-02-11 17:04:43,289 [WARN] PackLoader:240 - Cannot read IP mode file for Infineon.AIROC-Wi-Fi-Bluetooth-STM32.1.5.1
2026-02-11 17:04:43,297 [WARN] PackLoader:240 - Cannot read IP mode file for STMicroelectronics.FP-SNS-MOTENVWB1.1.3.0
2026-02-11 17:04:43,303 [WARN] PackLoader:240 - Cannot read IP mode file for STMicroelectronics.X-CUBE-NFC7.2.0.0
2026-02-11 17:04:43,309 [WARN] PackLoader:240 - Cannot read IP mode file for STMicroelectronics.FP-SNS-MOTENVWB1.1.3.1
2026-02-11 17:04:43,327 [WARN] PackLoader:240 - Cannot read IP mode file for STMicroelectronics.X-CUBE-AZRTOS-G4.1.0.0
2026-02-11 17:04:43,376 [INFO] WebApp:191 - Connection restablished
2026-02-11 17:04:43,379 [WARN] PackLoader:240 - Cannot read IP mode file for STMicroelectronics.X-CUBE-AZRTOS-L4.1.0.0
2026-02-11 17:04:43,388 [WARN] PackLoader:240 - Cannot read IP mode file for STMicroelectronics.X-CUBE-ISPU.2.0.0
2026-02-11 17:04:43,401 [WARN] PackLoader:240 - Cannot read IP mode file for STMicroelectronics.X-CUBE-IPS.3.1.0
2026-02-11 17:04:43,415 [WARN] PackLoader:240 - Cannot read IP mode file for STMicroelectronics.X-CUBE-ALS.1.0.2
2026-02-11 17:04:43,461 [WARN] PackLoader:240 - Cannot read IP mode file for STMicroelectronics.X-CUBE-MEMS1.10.0.0
2026-02-11 17:04:43,640 [WARN] PackLoader:240 - Cannot read IP mode file for STMicroelectronics.X-CUBE-FREERTOS.1.1.0
2026-02-11 17:04:43,646 [WARN] PackLoader:240 - Cannot read IP mode file for STMicroelectronics.X-CUBE-TOUCHGFX.4.24.0
2026-02-11 17:04:43,651 [WARN] PackLoader:240 - Cannot read IP mode file for STMicroelectronics.X-CUBE-TOUCHGFX.4.24.2
2026-02-11 17:04:43,664 [WARN] PackLoader:240 - Cannot read IP mode file for STMicroelectronics.X-CUBE-AZRTOS-WL.1.0.0
2026-02-11 17:04:43,669 [WARN] PackLoader:240 - Cannot read IP mode file for STMicroelectronics.X-CUBE-TOUCHGFX.4.24.1
2026-02-11 17:04:43,675 [WARN] PackLoader:240 - Cannot read IP mode file for STMicroelectronics.X-CUBE-STSE01.1.0.0
2026-02-11 17:04:43,685 [WARN] PackLoader:240 - Cannot read IP mode file for portGmbH.I-Cube-SoM-uGOAL.1.1.0
2026-02-11 17:04:43,690 [WARN] PackLoader:240 - Cannot read IP mode file for STMicroelectronics.X-CUBE-ALS.1.0.1
2026-02-11 17:04:43,705 [WARN] PackLoader:240 - Cannot read IP mode file for STMicroelectronics.X-CUBE-AZRTOS-WB.1.1.0
2026-02-11 17:04:43,746 [WARN] PackLoader:240 - Cannot read IP mode file for STMicroelectronics.X-CUBE-AZRTOS-H7RS.1.0.0
2026-02-11 17:04:43,754 [WARN] PackLoader:240 - Cannot read IP mode file for STMicroelectronics.FP-ATR-ASTRA1.2.0.0
2026-02-11 17:04:43,765 [WARN] PackLoader:240 - Cannot read IP mode file for STMicroelectronics.X-CUBE-TOF1.3.4.2
2026-02-11 17:04:43,786 [WARN] PackLoader:240 - Cannot read IP mode file for STMicroelectronics.X-CUBE-TOF1.3.4.3
2026-02-11 17:04:43,811 [WARN] PackLoader:240 - Cannot read IP mode file for STMicroelectronics.X-CUBE-TOF1.3.4.0
2026-02-11 17:04:43,831 [WARN] PackLoader:240 - Cannot read IP mode file for STMicroelectronics.X-CUBE-TOF1.3.4.1
2026-02-11 17:04:43,903 [WARN] PackLoader:240 - Cannot read IP mode file for STMicroelectronics.X-CUBE-AZRTOS-H7.3.2.0
2026-02-11 17:04:43,913 [WARN] PackLoader:240 - Cannot read IP mode file for wolfSSL.I-CUBE-wolfSSH.1.4.17
2026-02-11 17:04:43,915 [INFO] ThirdParty:978 - Integrity check success = true
2026-02-11 17:04:43,915 [INFO] IntegrityCheckThread:100 - exiting critical section [integrity check]
2026-02-11 17:04:43,915 [INFO] IntegrityCheckThread:103 - End integrity checks thread
2026-02-11 17:30:30,718 [ERROR] LogOutputStream:75 - [STDERR_REDIRECT] 
2026-02-11 17:30:30,757 [ERROR] LogOutputStream:75 - [STDERR_REDIRECT] 
