12:53:13 **** Incremental Build of configuration Debug for project AD5290_100K ****
make -j4 all 
arm-none-eabi-gcc "../Core/Src/main.c" -mcpu=cortex-m4 -std=gnu11 -g3 -DDEBUG -DUSE_HAL_DRIVER -DSTM32F446xx -c -I../Core/Inc -I../Drivers/STM32F4xx_HAL_Driver/Inc -I../Drivers/STM32F4xx_HAL_Driver/Inc/Legacy -I../Drivers/CMSIS/Device/ST/STM32F4xx/Include -I../Drivers/CMSIS/Include -O0 -ffunction-sections -fdata-sections -Wall -fstack-usage -MMD -MP -MF"Core/Src/main.d" -MT"Core/Src/main.o" --specs=nano.specs -mfpu=fpv4-sp-d16 -mfloat-abi=hard -mthumb -o "Core/Src/main.o"
arm-none-eabi-gcc "../Core/Src/stm32f4xx_hal_msp.c" -mcpu=cortex-m4 -std=gnu11 -g3 -DDEBUG -DUSE_HAL_DRIVER -DSTM32F446xx -c -I../Core/Inc -I../Drivers/STM32F4xx_HAL_Driver/Inc -I../Drivers/STM32F4xx_HAL_Driver/Inc/Legacy -I../Drivers/CMSIS/Device/ST/STM32F4xx/Include -I../Drivers/CMSIS/Include -O0 -ffunction-sections -fdata-sections -Wall -fstack-usage -MMD -MP -MF"Core/Src/stm32f4xx_hal_msp.d" -MT"Core/Src/stm32f4xx_hal_msp.o" --specs=nano.specs -mfpu=fpv4-sp-d16 -mfloat-abi=hard -mthumb -o "Core/Src/stm32f4xx_hal_msp.o"
arm-none-eabi-gcc -o "AD5290_100K.elf" @"objects.list"   -mcpu=cortex-m4 -T"E:\GIOVANNY_TODO\SKETCHS\STM32\STM32F446RET\LIBRERIAS CON HAL\AD5290_100K\STM32F446RETX_FLASH.ld" --specs=nosys.specs -Wl,-Map="AD5290_100K.map" -Wl,--gc-sections -static --specs=nano.specs -mfpu=fpv4-sp-d16 -mfloat-abi=hard -mthumb -Wl,--start-group -lc -lm -Wl,--end-group
Finished building target: AD5290_100K.elf
 
arm-none-eabi-size   AD5290_100K.elf 
arm-none-eabi-objdump -h -S  AD5290_100K.elf  > "AD5290_100K.list"
   text	   data	    bss	    dec	    hex	filename
   8212	     20	   1660	   9892	   26a4	AD5290_100K.elf
Finished building: default.size.stdout
 
Finished building: AD5290_100K.list
 

12:53:14 Build Finished. 0 errors, 0 warnings. (took 1s.250ms)

