../Core/Src/stm32f0xx_hal_msp.c:63:6:HAL_MspInit	8	static
../Core/Src/stm32f0xx_hal_msp.c:85:6:HAL_ADC_MspInit	40	static
../Core/Src/stm32f0xx_hal_msp.c:118:6:HAL_ADC_MspDeInit	8	static
../Core/Src/stm32f0xx_hal_msp.c:146:6:HAL_DAC_MspInit	40	static
../Core/Src/stm32f0xx_hal_msp.c:182:6:HAL_DAC_MspDeInit	8	static
../Core/Src/stm32f0xx_hal_msp.c:219:6:HAL_I2C_MspInit	40	static
../Core/Src/stm32f0xx_hal_msp.c:255:6:HAL_I2C_MspDeInit	8	static
../Core/Src/stm32f0xx_hal_msp.c:286:6:HAL_TIM_Base_MspInit	16	static
../Core/Src/stm32f0xx_hal_msp.c:311:6:HAL_TIM_Base_MspDeInit	0	static
