13:12:16 **** Incremental Build of configuration Debug for project DELAY_MICROSECONDS ****
make -j4 all 
arm-none-eabi-gcc "../Core/Src/main.c" -mcpu=cortex-m4 -std=gnu11 -g3 -DDEBUG -DUSE_HAL_DRIVER -DSTM32F446xx -c -I../Core/Inc -I../Drivers/STM32F4xx_HAL_Driver/Inc -I../Drivers/STM32F4xx_HAL_Driver/Inc/Legacy -I../Drivers/CMSIS/Device/ST/STM32F4xx/Include -I../Drivers/CMSIS/Include -O0 -ffunction-sections -fdata-sections -Wall -fstack-usage -MMD -MP -MF"Core/Src/main.d" -MT"Core/Src/main.o" --specs=nano.specs -mfpu=fpv4-sp-d16 -mfloat-abi=hard -mthumb -o "Core/Src/main.o"
arm-none-eabi-gcc -o "DELAY_MICROSECONDS.elf" @"objects.list"   -mcpu=cortex-m4 -T"E:\GIOVANNY_TODO\SKETCHS\STM32\FUNCIONES COMPLEMENTARIAS\DELAY_MICROSECONDS\STM32F446RETX_FLASH.ld" --specs=nosys.specs -Wl,-Map="DELAY_MICROSECONDS.map" -Wl,--gc-sections -static --specs=nano.specs -mfpu=fpv4-sp-d16 -mfloat-abi=hard -mthumb -Wl,--start-group -lc -lm -Wl,--end-group
Finished building target: DELAY_MICROSECONDS.elf
 
arm-none-eabi-size   DELAY_MICROSECONDS.elf 
arm-none-eabi-objdump -h -S  DELAY_MICROSECONDS.elf  > "DELAY_MICROSECONDS.list"
   text	   data	    bss	    dec	    hex	filename
   6528	     20	   1572	   8120	   1fb8	DELAY_MICROSECONDS.elf
Finished building: default.size.stdout
 
Finished building: DELAY_MICROSECONDS.list
 

13:12:17 Build Finished. 0 errors, 0 warnings. (took 1s.81ms)

