../Core/Src/main.c:110:5:main	8	static
../Core/Src/main.c:210:6:SystemClock_Config	88	static
../Core/Src/main.c:251:13:MX_ADC1_Init	24	static
../Core/Src/main.c:310:13:MX_GPIO_Init	48	static
../Core/Src/main.c:367:6:HAL_ADC_ConvCpltCallback	16	static
../Core/Src/main.c:373:7:Refresh_ADC_Value	8	static
../Core/Src/main.c:380:6:ControlLeds	16	static
../Core/Src/main.c:411:6:Barrido1	32	static
../Core/Src/main.c:419:6:Encender_1_Led	24	static
../Core/Src/main.c:429:6:Encender_1_Led_2	24	static
../Core/Src/main.c:439:6:Encender_1_Led_3	24	static
../Core/Src/main.c:449:6:Encender_1_Led_4	24	static
../Core/Src/main.c:459:6:AbrirApagar	32	static
../Core/Src/main.c:504:6:CerrarApagar	32	static
../Core/Src/main.c:547:6:Girar	32	static
../Core/Src/main.c:554:6:VolumenAbrir	32	static
../Core/Src/main.c:573:6:VolumenCerrar	32	static
../Core/Src/main.c:591:6:ArmarIzquierda	32	static
../Core/Src/main.c:620:6:EncenderAleatorio	48	static
../Core/Src/main.c:666:6:Blink	32	static
../Core/Src/main.c:684:6:Error_Handler	8	static,ignoring_inline_asm
