../Core/Src/main.c:110:5:main	8	static
../Core/Src/main.c:244:6:SystemClock_Config	88	static
../Core/Src/main.c:285:13:MX_ADC1_Init	24	static
../Core/Src/main.c:344:13:MX_GPIO_Init	48	static
../Core/Src/main.c:405:6:HAL_ADC_ConvCpltCallback	16	static
../Core/Src/main.c:411:7:Refresh_ADC_Value	8	static
../Core/Src/main.c:418:6:ControlLeds	16	static
../Core/Src/main.c:449:6:Barrido1	32	static
../Core/Src/main.c:457:6:Encender_1_Led	24	static
../Core/Src/main.c:467:6:Encender_1_Led_2	24	static
../Core/Src/main.c:477:6:Encender_1_Led_3	24	static
../Core/Src/main.c:487:6:Encender_1_Led_4	24	static
../Core/Src/main.c:497:6:AbrirApagar	32	static
../Core/Src/main.c:542:6:CerrarApagar	32	static
../Core/Src/main.c:585:6:Girar	32	static
../Core/Src/main.c:592:6:VolumenAbrir	32	static
../Core/Src/main.c:611:6:VolumenCerrar	32	static
../Core/Src/main.c:629:6:ArmarIzquierda	32	static
../Core/Src/main.c:658:6:EncenderAleatorio	56	static
../Core/Src/main.c:727:6:Blink	32	static
../Core/Src/main.c:745:6:Error_Handler	8	static,ignoring_inline_asm
