../Core/Src/main.c:110:5:main	8	static
../Core/Src/main.c:248:6:SystemClock_Config	88	static
../Core/Src/main.c:289:13:MX_ADC1_Init	24	static
../Core/Src/main.c:348:13:MX_GPIO_Init	48	static
../Core/Src/main.c:409:6:HAL_ADC_ConvCpltCallback	16	static
../Core/Src/main.c:415:7:Refresh_ADC_Value	8	static
../Core/Src/main.c:422:6:ControlLeds	16	static
../Core/Src/main.c:453:6:Barrido1	32	static
../Core/Src/main.c:461:6:Encender_1_Led	24	static
../Core/Src/main.c:471:6:Encender_1_Led_2	24	static
../Core/Src/main.c:481:6:Encender_1_Led_3	24	static
../Core/Src/main.c:491:6:Encender_1_Led_4	24	static
../Core/Src/main.c:501:6:AbrirApagar	32	static
../Core/Src/main.c:546:6:CerrarApagar	32	static
../Core/Src/main.c:589:6:Girar	32	static
../Core/Src/main.c:596:6:VolumenAbrir	32	static
../Core/Src/main.c:615:6:VolumenCerrar	32	static
../Core/Src/main.c:633:6:ArmarIzquierda	32	static
../Core/Src/main.c:662:6:EncenderAleatorio	48	static
../Core/Src/main.c:751:6:Blink	32	static
../Core/Src/main.c:769:6:Error_Handler	8	static,ignoring_inline_asm
