../Core/Src/main.c:110:5:main	8	static
../Core/Src/main.c:247:6:SystemClock_Config	88	static
../Core/Src/main.c:288:13:MX_ADC1_Init	24	static
../Core/Src/main.c:347:13:MX_GPIO_Init	48	static
../Core/Src/main.c:408:6:HAL_ADC_ConvCpltCallback	16	static
../Core/Src/main.c:414:7:Refresh_ADC_Value	8	static
../Core/Src/main.c:421:6:ControlLeds	16	static
../Core/Src/main.c:452:6:Barrido1	32	static
../Core/Src/main.c:460:6:Encender_1_Led	24	static
../Core/Src/main.c:470:6:Encender_1_Led_2	24	static
../Core/Src/main.c:480:6:Encender_1_Led_3	24	static
../Core/Src/main.c:490:6:Encender_1_Led_4	24	static
../Core/Src/main.c:500:6:AbrirApagar	32	static
../Core/Src/main.c:545:6:CerrarApagar	32	static
../Core/Src/main.c:588:6:Girar	32	static
../Core/Src/main.c:595:6:VolumenAbrir	32	static
../Core/Src/main.c:614:6:VolumenCerrar	32	static
../Core/Src/main.c:632:6:ArmarIzquierda	32	static
../Core/Src/main.c:661:6:EncenderAleatorio	72	static
../Core/Src/main.c:746:6:Blink	32	static
../Core/Src/main.c:764:6:Error_Handler	8	static,ignoring_inline_asm
