../Core/Src/main.c:110:5:main	8	static
../Core/Src/main.c:243:6:SystemClock_Config	88	static
../Core/Src/main.c:284:13:MX_ADC1_Init	24	static
../Core/Src/main.c:343:13:MX_GPIO_Init	48	static
../Core/Src/main.c:404:6:HAL_ADC_ConvCpltCallback	16	static
../Core/Src/main.c:410:7:Refresh_ADC_Value	8	static
../Core/Src/main.c:417:6:ControlLeds	16	static
../Core/Src/main.c:448:6:Barrido1	32	static
../Core/Src/main.c:456:6:Encender_1_Led	24	static
../Core/Src/main.c:466:6:Encender_1_Led_2	24	static
../Core/Src/main.c:476:6:Encender_1_Led_3	24	static
../Core/Src/main.c:486:6:Encender_1_Led_4	24	static
../Core/Src/main.c:496:6:AbrirApagar	32	static
../Core/Src/main.c:541:6:CerrarApagar	32	static
../Core/Src/main.c:584:6:Girar	32	static
../Core/Src/main.c:591:6:VolumenAbrir	32	static
../Core/Src/main.c:610:6:VolumenCerrar	32	static
../Core/Src/main.c:628:6:ArmarIzquierda	32	static
../Core/Src/main.c:657:6:EncenderAleatorio	56	static
../Core/Src/main.c:746:6:Blink	32	static
../Core/Src/main.c:764:6:Error_Handler	8	static,ignoring_inline_asm
