20:13:01 **** Incremental Build of configuration Debug for project BRAZO ROBOTICO PWM ****
make -j4 all 
arm-none-eabi-gcc "../Core/Src/main.c" -mcpu=cortex-m3 -std=gnu11 -g3 -DUSE_HAL_DRIVER -DSTM32F103xB -DDEBUG -c -I../Drivers/CMSIS/Device/ST/STM32F1xx/Include -I../Drivers/CMSIS/Include -I../Core/Inc -I../Drivers/STM32F1xx_HAL_Driver/Inc/Legacy -I../Drivers/STM32F1xx_HAL_Driver/Inc -O0 -ffunction-sections -fdata-sections -Wall -fstack-usage -MMD -MP -MF"Core/Src/main.d" -MT"Core/Src/main.o" --specs=nano.specs -mfloat-abi=soft -mthumb -o "Core/Src/main.o"
arm-none-eabi-gcc -o "BRAZO ROBOTICO PWM.elf" @"objects.list"   -mcpu=cortex-m3 -T"E:\GIOVANNY TODO\SKETCHS\STM32\PROYECTOS\BRAZO ROBOTICO\BRAZO ROBOTICO PWM\STM32F103C8TX_FLASH.ld" --specs=nosys.specs -Wl,-Map="BRAZO ROBOTICO PWM.map" -Wl,--gc-sections -static --specs=nano.specs -mfloat-abi=soft -mthumb -Wl,--start-group -lc -lm -Wl,--end-group
Finished building target: BRAZO ROBOTICO PWM.elf
 
arm-none-eabi-objdump -h -S  BRAZO\ ROBOTICO\ PWM.elf  > "BRAZO ROBOTICO PWM.list"
arm-none-eabi-objcopy  -O binary  BRAZO\ ROBOTICO\ PWM.elf  "BRAZO ROBOTICO PWM.bin"
arm-none-eabi-size   BRAZO\ ROBOTICO\ PWM.elf 
   text	   data	    bss	    dec	    hex	filename
   7520	     20	   1636	   9176	   23d8	BRAZO ROBOTICO PWM.elf
Finished building: default.size.stdout
 
Finished building: BRAZO ROBOTICO PWM.bin
Finished building: BRAZO ROBOTICO PWM.list
 
 

20:13:03 Build Finished. 0 errors, 0 warnings. (took 2s.16ms)

