22:22:12 **** Build of configuration Debug for project OLED_SSD1306 ****
make -j4 all 
arm-none-eabi-size   OLED_SSD1306.elf 
   text	   data	    bss	    dec	    hex	filename
  36808	    484	   1692	  38984	   9848	OLED_SSD1306.elf
Finished building: default.size.stdout
 
22:22:18 **** Incremental Build of configuration Debug for project OLED_SSD1306 ****
make -j4 all 
arm-none-eabi-size   OLED_SSD1306.elf 
   text	   data	    bss	    dec	    hex	filename
  36808	    484	   1692	  38984	   9848	OLED_SSD1306.elf
Finished building: default.size.stdout
 
