10:55:08 **** Incremental Build of configuration Debug for project OLED_SSD1306 ****
make -j4 all 
arm-none-eabi-gcc "../Core/Src/main.c" -mcpu=cortex-m3 -std=gnu11 -g3 -DDEBUG -DUSE_HAL_DRIVER -DSTM32F103xB -c -I../Core/Inc -I../Drivers/STM32F1xx_HAL_Driver/Inc/Legacy -I../Drivers/STM32F1xx_HAL_Driver/Inc -I../Drivers/CMSIS/Device/ST/STM32F1xx/Include -I../Drivers/CMSIS/Include -O0 -ffunction-sections -fdata-sections -Wall -fstack-usage -MMD -MP -MF"Core/Src/main.d" -MT"Core/Src/main.o" --specs=nano.specs -mfloat-abi=soft -mthumb -o "Core/Src/main.o"
arm-none-eabi-gcc -o "OLED_SSD1306.elf" @"objects.list"   -mcpu=cortex-m3 -T"E:\GIOVANNY_TODO\SKETCHS\STM32\STM32F103C8T6\LIBRERIAS CON HAL\OLED_SSD1306\STM32F103C8TX_FLASH.ld" --specs=nosys.specs -Wl,-Map="OLED_SSD1306.map" -Wl,--gc-sections -static --specs=nano.specs -mfloat-abi=soft -mthumb -u _printf_float -Wl,--start-group -lc -lm -Wl,--end-group
Finished building target: OLED_SSD1306.elf
 
arm-none-eabi-size   OLED_SSD1306.elf 
arm-none-eabi-objdump -h -S  OLED_SSD1306.elf  > "OLED_SSD1306.list"
   text	   data	    bss	    dec	    hex	filename
  36808	    484	   1692	  38984	   9848	OLED_SSD1306.elf
Finished building: default.size.stdout
 
Finished building: OLED_SSD1306.list
 

10:55:09 Build Finished. 0 errors, 0 warnings. (took 1s.95ms)

