../Core/Src/main.c:118:5:main	16	static
../Core/Src/main.c:193:6:SystemClock_Config	88	static
../Core/Src/main.c:234:13:MX_ADC1_Init	24	static
../Core/Src/main.c:293:13:MX_GPIO_Init	48	static
../Core/Src/main.c:355:6:HAL_ADC_ConvCpltCallback	16	static
../Core/Src/main.c:361:7:Refresh_ADC_Value	8	static
../Core/Src/main.c:368:6:ControlLeds	16	static
../Core/Src/main.c:381:6:ControlLeds2	16	static
../Core/Src/main.c:391:6:Barrido1	32	static
../Core/Src/main.c:399:6:Encender_1_Led	24	static
../Core/Src/main.c:409:6:Encender_1_Led_2	24	static
../Core/Src/main.c:419:6:Encender_1_Led_2_1	24	static
../Core/Src/main.c:429:6:Encender_1_Led_3	24	static
../Core/Src/main.c:439:6:Encender_1_Led_4	24	static
../Core/Src/main.c:449:6:Encender_1_Led_4_1	24	static
../Core/Src/main.c:459:6:Interlude	32	static
../Core/Src/main.c:472:6:AbrirApagar	48	static
../Core/Src/main.c:580:6:CerrarApagar	48	static
../Core/Src/main.c:693:6:Girar	32	static
../Core/Src/main.c:700:6:VolumenAbrir	32	static
../Core/Src/main.c:719:6:VolumenAbrir2	32	static
../Core/Src/main.c:738:6:VolumenCerrar	32	static
../Core/Src/main.c:756:6:ArmarIzquierda	32	static
../Core/Src/main.c:785:6:ArmarIzquierda2	32	static
../Core/Src/main.c:814:6:Blink	32	static
../Core/Src/main.c:832:6:Error_Handler	8	static,ignoring_inline_asm
