../Core/Src/main.c:117:5:main	16	static
../Core/Src/main.c:189:6:SystemClock_Config	88	static
../Core/Src/main.c:230:13:MX_ADC1_Init	24	static
../Core/Src/main.c:289:13:MX_GPIO_Init	48	static
../Core/Src/main.c:351:6:HAL_ADC_ConvCpltCallback	16	static
../Core/Src/main.c:357:7:Refresh_ADC_Value	8	static
../Core/Src/main.c:364:6:ControlLeds	16	static
../Core/Src/main.c:380:6:ControlLeds2	16	static
../Core/Src/main.c:400:6:Barrido1	32	static
../Core/Src/main.c:408:6:Encender_1_Led	24	static
../Core/Src/main.c:418:6:Encender_1_Led_2	24	static
../Core/Src/main.c:428:6:Encender_1_Led_2_1	24	static
../Core/Src/main.c:438:6:Encender_1_Led_3	24	static
../Core/Src/main.c:448:6:Encender_1_Led_4	24	static
../Core/Src/main.c:458:6:Encender_1_Led_4_1	24	static
../Core/Src/main.c:468:6:Interlude	32	static
../Core/Src/main.c:481:6:AbrirApagar	48	static
../Core/Src/main.c:527:6:CerrarApagar	40	static
../Core/Src/main.c:570:6:Girar	32	static
../Core/Src/main.c:577:6:VolumenAbrir	32	static
../Core/Src/main.c:596:6:VolumenAbrir2	32	static
../Core/Src/main.c:615:6:VolumenCerrar	32	static
../Core/Src/main.c:633:6:ArmarIzquierda	32	static
../Core/Src/main.c:662:6:ArmarIzquierda2	32	static
../Core/Src/main.c:691:6:Blink	32	static
../Core/Src/main.c:709:6:Error_Handler	8	static,ignoring_inline_asm
