../Core/Src/main.c:118:5:main	16	static
../Core/Src/main.c:192:6:SystemClock_Config	88	static
../Core/Src/main.c:233:13:MX_ADC1_Init	24	static
../Core/Src/main.c:292:13:MX_GPIO_Init	48	static
../Core/Src/main.c:354:6:HAL_ADC_ConvCpltCallback	16	static
../Core/Src/main.c:360:7:Refresh_ADC_Value	8	static
../Core/Src/main.c:367:6:ControlLeds	16	static
../Core/Src/main.c:384:6:ControlLeds2	16	static
../Core/Src/main.c:395:6:Barrido1	32	static
../Core/Src/main.c:403:6:Encender_1_Led	24	static
../Core/Src/main.c:413:6:Encender_1_Led_2	24	static
../Core/Src/main.c:423:6:Encender_1_Led_2_1	24	static
../Core/Src/main.c:433:6:Encender_1_Led_3	24	static
../Core/Src/main.c:443:6:Encender_1_Led_4	24	static
../Core/Src/main.c:453:6:Encender_1_Led_4_1	24	static
../Core/Src/main.c:463:6:Interlude	32	static
../Core/Src/main.c:476:6:AbrirApagar	48	static
../Core/Src/main.c:526:6:CerrarApagar	40	static
../Core/Src/main.c:569:6:Girar	32	static
../Core/Src/main.c:576:6:VolumenAbrir	32	static
../Core/Src/main.c:595:6:VolumenAbrir2	32	static
../Core/Src/main.c:614:6:VolumenCerrar	32	static
../Core/Src/main.c:632:6:ArmarIzquierda	32	static
../Core/Src/main.c:661:6:ArmarIzquierda2	32	static
../Core/Src/main.c:690:6:Blink	32	static
../Core/Src/main.c:708:6:Error_Handler	8	static,ignoring_inline_asm
