main.c:83:8:map	32	static
main.c:86:6:control_base	24	static
main.c:96:6:control_wrist	24	static
main.c:106:6:control_gripper	24	static
main.c:116:6:todosServos	24	static
main.c:148:5:main	24	static
main.c:317:6:SystemClock_Config	88	static
main.c:362:13:MX_ADC1_Init	24	static
main.c:455:13:MX_TIM3_Init	64	static
main.c:526:13:MX_TIM4_Init	64	static
main.c:593:13:MX_USART1_UART_Init	8	static
main.c:624:13:MX_DMA_Init	16	static
main.c:642:13:MX_GPIO_Init	40	static
main.c:678:6:Error_Handler	4	static
