../ST7789/st7789.c:21:13:ST7789_WriteCommand	16	static
../ST7789/st7789.c:67:13:ST7789_WriteSmallData	16	static
../ST7789/st7789.c:35:13:ST7789_WriteData	32	static
../ST7789/st7789.c:106:13:ST7789_SetAddressWindow	32	static
../ST7789/st7789.c:419:6:ST7789_DrawImage.part.0	32	static
../ST7789/st7789.c:80:6:ST7789_SetRotation	8	static
../ST7789/st7789.c:202:6:ST7789_Fill_Color	24	static
../ST7789/st7789.c:135:6:ST7789_Init	32	static
../ST7789/st7789.c:241:6:ST7789_DrawPixel	24	static
../ST7789/st7789.c:260:6:ST7789_Fill	40	static
../ST7789/st7789.c:281:6:ST7789_DrawPixel_4px	32	static
../ST7789/st7789.c:297:6:ST7789_DrawLine	48	static
../ST7789/st7789.c:358:6:ST7789_DrawRectangle	40	static
../ST7789/st7789.c:375:6:ST7789_DrawCircle	56	static
../ST7789/st7789.c:419:6:ST7789_DrawImage	16	static
../ST7789/st7789.c:439:6:ST7789_InvertColors	8	static
../ST7789/st7789.c:455:6:ST7789_WriteChar	48	static
../ST7789/st7789.c:489:6:ST7789_Print	48	static
../ST7789/st7789.c:519:6:ST7789_DrawFilledRectangle	40	static
../ST7789/st7789.c:553:6:ST7789_DrawTriangle	48	static
../ST7789/st7789.c:569:6:ST7789_DrawFilledTriangle	80	static
../ST7789/st7789.c:638:6:ST7789_DrawFilledCircle	64	static
../ST7789/st7789.c:678:6:ST7789_TearEffect	8	static
../ST7789/st7789.c:692:6:ST7789_Test	40	static
../ST7789/st7789.c:764:6:Measure_FPS_Time	96	static
