../Core/Src/stm32g4xx_hal_msp.c:66:6:HAL_MspInit	8	static
../Core/Src/stm32g4xx_hal_msp.c:93:6:HAL_I2S_MspInit	120	static
../Core/Src/stm32g4xx_hal_msp.c:150:6:HAL_I2S_MspDeInit	8	static
../Core/Src/stm32g4xx_hal_msp.c:182:6:HAL_SPI_MspInit	48	static
../Core/Src/stm32g4xx_hal_msp.c:237:6:HAL_SPI_MspDeInit	8	static
../Core/Src/stm32g4xx_hal_msp.c:268:6:HAL_TIM_Base_MspInit	8	static
../Core/Src/stm32g4xx_hal_msp.c:285:6:HAL_TIM_MspPostInit	32	static
../Core/Src/stm32g4xx_hal_msp.c:317:6:HAL_TIM_Base_MspDeInit	0	static
