../Core/Src/main.c:342:6:SystemClock_Config	104	static,ignoring_inline_asm
../Core/Src/main.c:768:6:HAL_GPIO_EXTI_Callback	0	static
../Core/Src/main.c:773:6:HAL_TIM_PeriodElapsedCallback	8	static
../Core/Src/main.c:779:6:medirVoltage	32	static
../Core/Src/main.c:798:6:medirCorriente	8	static
../Core/Src/main.c:808:6:medirPotencia	8	static
../Core/Src/main.c:818:6:Control_Estabilizar	48	static
../Core/Src/main.c:883:6:PWM_set_Freq_DutyCycle	32	static
../Core/Src/main.c:899:6:medirCargaBateria	32	static
../Core/Src/main.c:913:10:cut_CurrenteLimit_ON	40	static
../Core/Src/main.c:921:10:cut_CurrenteLimit_ON_Set	16	static
../Core/Src/main.c:929:6:show_Exceed_CurrentLimit	16	static
../Core/Src/main.c:961:6:update_Data_on_Display	16	static
../Core/Src/main.c:979:10:Read_ADC	24	static
../Core/Src/main.c:1014:6:medirVoltageBattery	8	static
../Core/Src/main.c:1020:6:medirTemperatura	16	static
../Core/Src/main.c:1035:6:calculate_value_dac_12bits	8	static
../Core/Src/main.c:1062:6:control_ButtonEncoder	24	static,ignoring_inline_asm
../Core/Src/main.c:1087:6:control_SW1	32	static
../Core/Src/main.c:1144:6:control_SW2	16	static
../Core/Src/main.c:1194:6:delay_us	8	static,ignoring_inline_asm
../Core/Src/main.c:992:6:leerPromedioADC	32	static
../Core/Src/main.c:138:5:main	152	static,ignoring_inline_asm
../Core/Src/main.c:1206:6:Error_Handler	0	static,ignoring_inline_asm
