../Core/Src/main.c:356:6:SystemClock_Config	104	static,ignoring_inline_asm
../Core/Src/main.c:838:6:HAL_GPIO_EXTI_Callback	0	static
../Core/Src/main.c:842:6:HAL_TIM_PeriodElapsedCallback	8	static
../Core/Src/main.c:856:6:medirVoltage	32	static
../Core/Src/main.c:868:6:medirCorriente	8	static
../Core/Src/main.c:878:6:medirPotencia	8	static
../Core/Src/main.c:888:6:Control_Estabilizar	40	static
../Core/Src/main.c:939:6:PWM_set_Freq_DutyCycle	32	static
../Core/Src/main.c:955:6:medirCargaBateria	24	static
../Core/Src/main.c:969:6:cutCurrenteLimit	32	static
../Core/Src/main.c:117:5:main	168	static,ignoring_inline_asm
../Core/Src/main.c:981:6:Error_Handler	0	static,ignoring_inline_asm
