../Core/Src/main.c:320:6:SystemClock_Config	104	static,ignoring_inline_asm
../Core/Src/main.c:703:6:HAL_TIM_PeriodElapsedCallback	8	static
../Core/Src/main.c:711:6:medirVoltage	8	static
../Core/Src/main.c:718:6:medirCorriente	8	static
../Core/Src/main.c:728:6:medirPotencia	8	static
../Core/Src/main.c:739:6:Control_Estabilizar	40	static
../Core/Src/main.c:793:6:PWM_set_Freq_DutyCycle	32	static
../Core/Src/main.c:113:5:main	160	static,ignoring_inline_asm
../Core/Src/main.c:815:6:Error_Handler	0	static,ignoring_inline_asm
