../Core/Src/main.c:336:6:SystemClock_Config	104	static,ignoring_inline_asm
../Core/Src/main.c:818:6:HAL_GPIO_EXTI_Callback	0	static
../Core/Src/main.c:823:6:HAL_TIM_PeriodElapsedCallback	8	static
../Core/Src/main.c:837:6:medirVoltage	32	static
../Core/Src/main.c:849:6:medirCorriente	8	static
../Core/Src/main.c:859:6:medirPotencia	8	static
../Core/Src/main.c:869:6:Control_Estabilizar	40	static
../Core/Src/main.c:920:6:PWM_set_Freq_DutyCycle	32	static
../Core/Src/main.c:936:6:medirCargaBateria	24	static
../Core/Src/main.c:950:10:cut_CurrenteLimit_ON	40	static
../Core/Src/main.c:958:10:cut_CurrenteLimit_ON_Set	16	static
../Core/Src/main.c:966:6:show_Exceed_CurrentLimit	24	static
../Core/Src/main.c:1002:6:update_Data_on_Display	16	static
../Core/Src/main.c:1020:6:medirVoltageBattery	24	static
../Core/Src/main.c:1028:6:calculate_value_dac_12bits	32	static
../Core/Src/main.c:1050:6:control_SW	16	static
../Core/Src/main.c:1058:6:control_SW1	32	static
../Core/Src/main.c:1115:6:control_SW2	16	static
../Core/Src/main.c:140:5:main	160	static,ignoring_inline_asm
../Core/Src/main.c:1169:6:Error_Handler	0	static,ignoring_inline_asm
