../Core/Src/main.c:259:6:SystemClock_Config	104	static,ignoring_inline_asm
../Core/Src/main.c:741:6:HAL_GPIO_EXTI_Callback	0	static
../Core/Src/main.c:747:6:HAL_TIM_PeriodElapsedCallback	8	static
../Core/Src/main.c:761:6:medirVoltage	32	static
../Core/Src/main.c:773:6:medirCorriente	8	static
../Core/Src/main.c:783:6:medirPotencia	8	static
../Core/Src/main.c:793:6:Control_Estabilizar	40	static
../Core/Src/main.c:844:6:PWM_set_Freq_DutyCycle	32	static
../Core/Src/main.c:860:6:medirCargaBateria	24	static
../Core/Src/main.c:874:6:cut_CurrenteLimit_ON	40	static
../Core/Src/main.c:881:6:cut_CurrenteLimit_ON_Set	8	static
../Core/Src/main.c:887:6:show_Exceed_CurrentLimit	8	static
../Core/Src/main.c:915:6:update_Data_on_Display	16	static
../Core/Src/main.c:933:6:medirVoltageBattery	24	static
../Core/Src/main.c:941:6:calculate_value_dac_12bits	32	static
../Core/Src/main.c:963:6:control_SW	16	static
../Core/Src/main.c:971:6:control_SW1	32	static
../Core/Src/main.c:1027:6:control_SW2	16	static
../Core/Src/main.c:127:5:main	152	static,ignoring_inline_asm
../Core/Src/main.c:1080:6:Error_Handler	0	static,ignoring_inline_asm
