../Core/Src/main.c:353:6:SystemClock_Config	104	static,ignoring_inline_asm
../Core/Src/main.c:835:6:HAL_GPIO_EXTI_Callback	0	static
../Core/Src/main.c:838:6:HAL_TIM_PeriodElapsedCallback	8	static
../Core/Src/main.c:854:6:medirVoltage	32	static
../Core/Src/main.c:866:6:medirCorriente	8	static
../Core/Src/main.c:876:6:medirPotencia	8	static
../Core/Src/main.c:887:6:Control_Estabilizar	40	static
../Core/Src/main.c:940:6:PWM_set_Freq_DutyCycle	32	static
../Core/Src/main.c:956:6:medirCargaBateria	24	static
../Core/Src/main.c:115:5:main	160	static,ignoring_inline_asm
../Core/Src/main.c:975:6:Error_Handler	0	static,ignoring_inline_asm
