../Core/Src/main.c:364:6:SystemClock_Config	104	static,ignoring_inline_asm
../Core/Src/main.c:846:6:HAL_GPIO_EXTI_Callback	0	static
../Core/Src/main.c:850:6:HAL_TIM_PeriodElapsedCallback	8	static
../Core/Src/main.c:864:6:medirVoltage	32	static
../Core/Src/main.c:876:6:medirCorriente	8	static
../Core/Src/main.c:886:6:medirPotencia	8	static
../Core/Src/main.c:896:6:Control_Estabilizar	40	static
../Core/Src/main.c:947:6:PWM_set_Freq_DutyCycle	32	static
../Core/Src/main.c:963:6:medirCargaBateria	24	static
../Core/Src/main.c:977:6:cutCurrenteLimit	40	static
../Core/Src/main.c:118:5:main	168	static,ignoring_inline_asm
../Core/Src/main.c:989:6:Error_Handler	0	static,ignoring_inline_asm
