../Core/Src/main.c:350:6:SystemClock_Config	104	static,ignoring_inline_asm
../Core/Src/main.c:832:6:HAL_GPIO_EXTI_Callback	0	static
../Core/Src/main.c:837:6:HAL_TIM_PeriodElapsedCallback	8	static
../Core/Src/main.c:851:6:medirVoltage	32	static
../Core/Src/main.c:870:6:medirCorriente	8	static
../Core/Src/main.c:880:6:medirPotencia	8	static
../Core/Src/main.c:891:6:Control_Estabilizar	56	static
../Core/Src/main.c:959:6:PWM_set_Freq_DutyCycle	32	static
../Core/Src/main.c:975:6:medirCargaBateria	32	static
../Core/Src/main.c:989:10:cut_CurrenteLimit_ON	40	static
../Core/Src/main.c:997:10:cut_CurrenteLimit_ON_Set	16	static
../Core/Src/main.c:1005:10:cut_CurrenteLimit_OFF_Set	8	static
../Core/Src/main.c:1011:6:show_Exceed_CurrentLimit	24	static
../Core/Src/main.c:1047:6:update_Data_on_Display	16	static
../Core/Src/main.c:1065:6:medirVoltageBattery	24	static
../Core/Src/main.c:1073:6:calculate_value_dac_12bits	8	static
../Core/Src/main.c:1100:6:control_SW	24	static,ignoring_inline_asm
../Core/Src/main.c:1125:6:control_SW1	32	static
../Core/Src/main.c:1182:6:control_SW2	16	static
../Core/Src/main.c:141:5:main	152	static,ignoring_inline_asm
../Core/Src/main.c:1236:6:Error_Handler	0	static,ignoring_inline_asm
