../Core/Src/main.c:329:6:SystemClock_Config	104	static,ignoring_inline_asm
../Core/Src/main.c:807:6:HAL_TIM_PeriodElapsedCallback	8	static
../Core/Src/main.c:823:6:medirVoltage	32	static
../Core/Src/main.c:836:6:medirCorriente	8	static
../Core/Src/main.c:846:6:medirPotencia	8	static
../Core/Src/main.c:857:6:Control_Estabilizar	40	static
../Core/Src/main.c:910:6:PWM_set_Freq_DutyCycle	32	static
../Core/Src/main.c:926:6:medirCargaBateria	24	static
../Core/Src/main.c:123:5:main	152	static,ignoring_inline_asm
../Core/Src/main.c:945:6:Error_Handler	0	static,ignoring_inline_asm
