../Core/Src/main.c:325:6:SystemClock_Config	104	static,ignoring_inline_asm
../Core/Src/main.c:803:6:HAL_TIM_PeriodElapsedCallback	8	static
../Core/Src/main.c:819:6:medirVoltage	32	static
../Core/Src/main.c:832:6:medirCorriente	8	static
../Core/Src/main.c:842:6:medirPotencia	8	static
../Core/Src/main.c:853:6:Control_Estabilizar	40	static
../Core/Src/main.c:906:6:PWM_set_Freq_DutyCycle	32	static
../Core/Src/main.c:922:6:medirCargaBateria	24	static
../Core/Src/main.c:123:5:main	152	static,ignoring_inline_asm
../Core/Src/main.c:941:6:Error_Handler	0	static,ignoring_inline_asm
