../Core/Src/main.c:344:6:SystemClock_Config	104	static,ignoring_inline_asm
../Core/Src/main.c:826:6:HAL_GPIO_EXTI_Callback	0	static
../Core/Src/main.c:831:6:HAL_TIM_PeriodElapsedCallback	8	static
../Core/Src/main.c:845:6:medirVoltage	32	static
../Core/Src/main.c:857:6:medirCorriente	8	static
../Core/Src/main.c:867:6:medirPotencia	8	static
../Core/Src/main.c:877:6:Control_Estabilizar	40	static
../Core/Src/main.c:928:6:PWM_set_Freq_DutyCycle	32	static
../Core/Src/main.c:944:6:medirCargaBateria	24	static
../Core/Src/main.c:958:10:cut_CurrenteLimit_ON	40	static
../Core/Src/main.c:966:10:cut_CurrenteLimit_ON_Set	16	static
../Core/Src/main.c:974:6:show_Exceed_CurrentLimit	24	static
../Core/Src/main.c:1010:6:update_Data_on_Display	16	static
../Core/Src/main.c:1028:6:medirVoltageBattery	24	static
../Core/Src/main.c:1036:6:calculate_value_dac_12bits	32	static
../Core/Src/main.c:1058:6:control_SW	16	static
../Core/Src/main.c:1066:6:control_SW1	32	static
../Core/Src/main.c:1123:6:control_SW2	16	static
../Core/Src/main.c:140:5:main	152	static,ignoring_inline_asm
../Core/Src/main.c:1177:6:Error_Handler	0	static,ignoring_inline_asm
