../Core/Src/main.c:367:6:SystemClock_Config	104	static,ignoring_inline_asm
../Core/Src/main.c:849:6:HAL_GPIO_EXTI_Callback	0	static
../Core/Src/main.c:852:6:HAL_TIM_PeriodElapsedCallback	8	static
../Core/Src/main.c:868:6:medirVoltage	32	static
../Core/Src/main.c:880:6:medirCorriente	8	static
../Core/Src/main.c:890:6:medirPotencia	8	static
../Core/Src/main.c:901:6:Control_Estabilizar	40	static
../Core/Src/main.c:954:6:PWM_set_Freq_DutyCycle	32	static
../Core/Src/main.c:970:6:medirCargaBateria	24	static
../Core/Src/main.c:115:5:main	168	static,ignoring_inline_asm
../Core/Src/main.c:989:6:Error_Handler	0	static,ignoring_inline_asm
