../Core/Src/main.c:310:6:SystemClock_Config	104	static,ignoring_inline_asm
../Core/Src/main.c:792:6:HAL_GPIO_EXTI_Callback	0	static
../Core/Src/main.c:795:6:HAL_TIM_PeriodElapsedCallback	8	static
../Core/Src/main.c:811:6:medirVoltage	32	static
../Core/Src/main.c:823:6:medirCorriente	8	static
../Core/Src/main.c:833:6:medirPotencia	8	static
../Core/Src/main.c:844:6:Control_Estabilizar	40	static
../Core/Src/main.c:897:6:PWM_set_Freq_DutyCycle	32	static
../Core/Src/main.c:913:6:medirCargaBateria	24	static
../Core/Src/main.c:115:5:main	160	static,ignoring_inline_asm
../Core/Src/main.c:932:6:Error_Handler	0	static,ignoring_inline_asm
