../Core/Src/stm32f0xx_it.c:76:6:NMI_Handler	0	static
../Core/Src/stm32f0xx_it.c:91:6:HardFault_Handler	0	static
../Core/Src/stm32f0xx_it.c:106:6:SVC_Handler	0	static
../Core/Src/stm32f0xx_it.c:119:6:PendSV_Handler	0	static
../Core/Src/stm32f0xx_it.c:132:6:SysTick_Handler	8	static
../Core/Src/stm32f0xx_it.c:153:6:EXTI4_15_IRQHandler	8	static
../Core/Src/stm32f0xx_it.c:167:6:DMA1_Channel2_3_IRQHandler	8	static
../Core/Src/stm32f0xx_it.c:182:6:TIM6_DAC_IRQHandler	8	static
../Core/Src/stm32f0xx_it.c:197:6:TIM14_IRQHandler	8	static
../Core/Src/stm32f0xx_it.c:211:6:TIM16_IRQHandler	8	static
../Core/Src/stm32f0xx_it.c:225:6:TIM17_IRQHandler	8	static
../Core/Src/stm32f0xx_it.c:239:6:I2C1_IRQHandler	8	static
