../Core/Src/stm32f0xx_hal_msp.c:69:6:HAL_MspInit	8	static
../Core/Src/stm32f0xx_hal_msp.c:91:6:HAL_ADC_MspInit	40	static
../Core/Src/stm32f0xx_hal_msp.c:124:6:HAL_ADC_MspDeInit	8	static
../Core/Src/stm32f0xx_hal_msp.c:152:6:HAL_DAC_MspInit	40	static
../Core/Src/stm32f0xx_hal_msp.c:188:6:HAL_DAC_MspDeInit	8	static
../Core/Src/stm32f0xx_hal_msp.c:225:6:HAL_I2C_MspInit	48	static
../Core/Src/stm32f0xx_hal_msp.c:298:6:HAL_I2C_MspDeInit	8	static
../Core/Src/stm32f0xx_hal_msp.c:335:6:HAL_TIM_Base_MspInit	16	static
../Core/Src/stm32f0xx_hal_msp.c:365:6:HAL_TIM_MspPostInit	32	static
../Core/Src/stm32f0xx_hal_msp.c:397:6:HAL_TIM_Base_MspDeInit	0	static
