22:39:27 **** Incremental Build of configuration Debug for project OSC_EXT_VS_INT ****
make -j4 all 
arm-none-eabi-gcc "../Core/Src/main.c" -mcpu=cortex-m0 -std=gnu11 -g3 -DDEBUG -DUSE_HAL_DRIVER -DSTM32F051x8 -c -I../Core/Inc -I../Drivers/STM32F0xx_HAL_Driver/Inc -I../Drivers/STM32F0xx_HAL_Driver/Inc/Legacy -I../Drivers/CMSIS/Device/ST/STM32F0xx/Include -I../Drivers/CMSIS/Include -O0 -ffunction-sections -fdata-sections -Wall -fstack-usage -MMD -MP -MF"Core/Src/main.d" -MT"Core/Src/main.o" --specs=nano.specs -mfloat-abi=soft -mthumb -o "Core/Src/main.o"
arm-none-eabi-gcc -o "OSC_EXT_VS_INT.elf" @"objects.list"   -mcpu=cortex-m0 -T"E:\GIOVANNY_TODO\SKETCHS\STM32\STM32F051C8T6\MIS PROYECTOS\OSC_EXT_VS_INT\STM32F051C8TX_FLASH.ld" --specs=nosys.specs -Wl,-Map="OSC_EXT_VS_INT.map" -Wl,--gc-sections -static --specs=nano.specs -mfloat-abi=soft -mthumb -Wl,--start-group -lc -lm -Wl,--end-group
Finished building target: OSC_EXT_VS_INT.elf
 
arm-none-eabi-size   OSC_EXT_VS_INT.elf 
arm-none-eabi-objdump -h -S  OSC_EXT_VS_INT.elf  > "OSC_EXT_VS_INT.list"
   text	   data	    bss	    dec	    hex	filename
   6644	     20	   1644	   8308	   2074	OSC_EXT_VS_INT.elf
Finished building: default.size.stdout
 
Finished building: OSC_EXT_VS_INT.list
 

22:39:28 Build Finished. 0 errors, 0 warnings. (took 844ms)

