09:53:37 **** Incremental Build of configuration Debug for project PRUEBA_GITHUB ****
make -j4 all 
arm-none-eabi-gcc "../Core/Src/main.c" -mcpu=cortex-m0 -std=gnu11 -g3 -DDEBUG -DUSE_HAL_DRIVER -DSTM32F051x8 -c -I../Core/Inc -I../Drivers/STM32F0xx_HAL_Driver/Inc -I../Drivers/STM32F0xx_HAL_Driver/Inc/Legacy -I../Drivers/CMSIS/Device/ST/STM32F0xx/Include -I../Drivers/CMSIS/Include -O0 -ffunction-sections -fdata-sections -Wall -fstack-usage -MMD -MP -MF"Core/Src/main.d" -MT"Core/Src/main.o" --specs=nano.specs -mfloat-abi=soft -mthumb -o "Core/Src/main.o"
arm-none-eabi-gcc -o "PRUEBA_GITHUB.elf" @"objects.list"   -mcpu=cortex-m0 -T"E:\GIOVANNY_TODO\SKETCHS\STM32\STM32F051C8T6\MIS PROYECTOS\PRUEBA_GITHUB\STM32F051C8TX_FLASH.ld" --specs=nosys.specs -Wl,-Map="PRUEBA_GITHUB.map" -Wl,--gc-sections -static --specs=nano.specs -mfloat-abi=soft -mthumb -Wl,--start-group -lc -lm -Wl,--end-group
Finished building target: PRUEBA_GITHUB.elf
 
arm-none-eabi-size   PRUEBA_GITHUB.elf 
arm-none-eabi-objdump -h -S  PRUEBA_GITHUB.elf  > "PRUEBA_GITHUB.list"
   text	   data	    bss	    dec	    hex	filename
   3800	     20	   1572	   5392	   1510	PRUEBA_GITHUB.elf
Finished building: default.size.stdout
 
Finished building: PRUEBA_GITHUB.list
 

09:53:38 Build Finished. 0 errors, 0 warnings. (took 1s.102ms)

