../Drivers/STM32F4xx_HAL_Driver/Inc/stm32f4xx_ll_rcc.h:4206:26:LL_RCC_PLL_IsReady	0	static
../Drivers/STM32F4xx_HAL_Driver/Src/stm32f4xx_ll_rcc.c:184:13:LL_RCC_DeInit	16	static
../Drivers/STM32F4xx_HAL_Driver/Src/stm32f4xx_ll_rcc.c:810:10:LL_RCC_GetCECClockFreq	0	static
../Drivers/STM32F4xx_HAL_Driver/Src/stm32f4xx_ll_rcc.c:1157:10:RCC_GetHCLKClockFreq	0	static
../Drivers/STM32F4xx_HAL_Driver/Src/stm32f4xx_ll_rcc.c:1168:10:RCC_GetPCLK1ClockFreq	0	static
../Drivers/STM32F4xx_HAL_Driver/Src/stm32f4xx_ll_rcc.c:1179:10:RCC_GetPCLK2ClockFreq	0	static
../Drivers/STM32F4xx_HAL_Driver/Src/stm32f4xx_ll_rcc.c:1190:10:RCC_PLL_GetFreqDomain_SYS	0	static
../Drivers/STM32F4xx_HAL_Driver/Src/stm32f4xx_ll_rcc.c:1119:10:RCC_GetSystemClockFreq	0	static
../Drivers/STM32F4xx_HAL_Driver/Src/stm32f4xx_ll_rcc.c:303:6:LL_RCC_GetSystemClocksFreq	8	static
../Drivers/STM32F4xx_HAL_Driver/Src/stm32f4xx_ll_rcc.c:326:10:LL_RCC_GetFMPI2CClockFreq	8	static
../Drivers/STM32F4xx_HAL_Driver/Src/stm32f4xx_ll_rcc.c:1236:10:RCC_PLL_GetFreqDomain_48M	8	static
../Drivers/STM32F4xx_HAL_Driver/Src/stm32f4xx_ll_rcc.c:1300:10:RCC_PLL_GetFreqDomain_I2S	8	static
../Drivers/STM32F4xx_HAL_Driver/Src/stm32f4xx_ll_rcc.c:1331:10:RCC_PLL_GetFreqDomain_SPDIFRX	0	static
../Drivers/STM32F4xx_HAL_Driver/Src/stm32f4xx_ll_rcc.c:1363:10:RCC_PLL_GetFreqDomain_SAI	0	static
../Drivers/STM32F4xx_HAL_Driver/Src/stm32f4xx_ll_rcc.c:1406:10:RCC_PLLSAI_GetFreqDomain_SAI	8	static
../Drivers/STM32F4xx_HAL_Driver/Src/stm32f4xx_ll_rcc.c:1439:10:RCC_PLLSAI_GetFreqDomain_48M	0	static
../Drivers/STM32F4xx_HAL_Driver/Src/stm32f4xx_ll_rcc.c:682:10:LL_RCC_GetSDIOClockFreq	8	static
../Drivers/STM32F4xx_HAL_Driver/Src/stm32f4xx_ll_rcc.c:848:10:LL_RCC_GetUSBClockFreq	8	static
../Drivers/STM32F4xx_HAL_Driver/Src/stm32f4xx_ll_rcc.c:1509:10:RCC_PLLI2S_GetFreqDomain_SAI	8	static
../Drivers/STM32F4xx_HAL_Driver/Src/stm32f4xx_ll_rcc.c:542:10:LL_RCC_GetSAIClockFreq	8	static
../Drivers/STM32F4xx_HAL_Driver/Src/stm32f4xx_ll_rcc.c:1557:10:RCC_PLLI2S_GetFreqDomain_SPDIFRX	0	static
../Drivers/STM32F4xx_HAL_Driver/Src/stm32f4xx_ll_rcc.c:1073:10:LL_RCC_GetSPDIFRXClockFreq	8	static
../Drivers/STM32F4xx_HAL_Driver/Src/stm32f4xx_ll_rcc.c:1588:10:RCC_PLLI2S_GetFreqDomain_I2S	8	static
../Drivers/STM32F4xx_HAL_Driver/Src/stm32f4xx_ll_rcc.c:370:10:LL_RCC_GetI2SClockFreq	8	static
