2026-02-11 17:02:56,739 [INFO] Activator:176 - 


2026-02-11 17:02:56,752 [INFO] Activator:177 - !SESSION log4j initialized
2026-02-11 17:03:10,048 [INFO] LogOutputStream:77 - [STDOUT_REDIRECT] 
2026-02-11 17:03:14,628 [INFO] ApplicationProperties:184 - Using Application install path: F:\Program Files\ST\STM32CubeIDE_1.19.0\STM32CubeIDE\plugins\com.st.stm32cube.common.mx_6.15.0.202507011659
2026-02-11 17:03:14,673 [INFO] DbMcusXml:78 - Set database path to: F:\Program Files\ST\STM32CubeIDE_1.19.0\STM32CubeIDE\plugins\com.st.stm32cube.common.mx_6.15.0.202507011659\\db\/mcu/
2026-02-11 17:03:14,674 [INFO] ApiDb:274 - Set plugin database path to: F:\Program Files\ST\STM32CubeIDE_1.19.0\STM32CubeIDE\plugins\com.st.stm32cube.common.mx_6.15.0.202507011659\\db\/plugins/boardmanager/
2026-02-11 17:03:14,674 [WARN] ApiDb:259 - Overriding images path with different value:  => F:\Program Files\ST\STM32CubeIDE_1.19.0\STM32CubeIDE\plugins\com.st.stm32cube.common.mx_6.15.0.202507011659\\db\/plugins/mcufinder/images/
2026-02-11 17:03:14,697 [INFO] ApiDb:250 - Set database path to: C:\Users\PC\.stmcufinder\plugins\mcufinder//mcu/
2026-02-11 17:03:14,699 [INFO] DbMcusAds:125 - Set database path to: C:\Users\PC\.stmcufinder\plugins\mcufinder//mcu/
2026-02-11 17:03:14,704 [INFO] CrossReferenceDbSqlite:203 - Set database path to: C:\Users\PC\.stmcufinder\plugins\mcufinder//mcu/cs/
2026-02-11 17:03:14,917 [INFO] RulesReader:64 - Compatibility file has been processed (317 Rules)
2026-02-11 17:03:15,118 [INFO] DbMcusXml:78 - Set database path to: F:\Program Files\ST\STM32CubeIDE_1.19.0\STM32CubeIDE\plugins\com.st.stm32cube.common.mx_6.15.0.202507011659\\db\/mcu/
2026-02-11 17:03:15,118 [INFO] ApiDb:274 - Set plugin database path to: F:\Program Files\ST\STM32CubeIDE_1.19.0\STM32CubeIDE\plugins\com.st.stm32cube.common.mx_6.15.0.202507011659\\db\/plugins/boardmanager/
2026-02-11 17:03:15,118 [INFO] ApiDb:261 - Set plugin images path to: F:\Program Files\ST\STM32CubeIDE_1.19.0\STM32CubeIDE\plugins\com.st.stm32cube.common.mx_6.15.0.202507011659\\db\/plugins/mcufinder/images/
2026-02-11 17:03:15,119 [WARN] DbFile:41 - Overriding database path with different value: C:\Users\PC\.stmcufinder\plugins\mcufinder/ => C:\Users\PC\.stmcufinder\plugins\mcufinder
2026-02-11 17:03:15,119 [INFO] ApiDb:250 - Set database path to: C:\Users\PC\.stmcufinder\plugins\mcufinder//mcu/
2026-02-11 17:03:15,119 [WARN] DbFile:41 - Overriding database path with different value: C:\Users\PC\.stmcufinder\plugins\mcufinder/ => C:\Users\PC\.stmcufinder\plugins\mcufinder
2026-02-11 17:03:15,119 [INFO] DbMcusAds:125 - Set database path to: C:\Users\PC\.stmcufinder\plugins\mcufinder//mcu/
2026-02-11 17:03:15,119 [WARN] DbFile:41 - Overriding database path with different value: C:\Users\PC\.stmcufinder\plugins\mcufinder/ => C:\Users\PC\.stmcufinder\plugins\mcufinder
2026-02-11 17:03:15,119 [WARN] DbFile:41 - Overriding database path with different value: C:\Users\PC\.stmcufinder\plugins\mcufinder/ => C:\Users\PC\.stmcufinder\plugins\mcufinder
2026-02-11 17:03:15,120 [INFO] CrossReferenceDbSqlite:203 - Set database path to: C:\Users\PC\.stmcufinder\plugins\mcufinder//mcu/cs/
2026-02-11 17:03:15,304 [INFO] MainPanel:274 - HeapMemory: 279969792
2026-02-11 17:03:15,586 [INFO] DbMcusXml:78 - Set database path to: F:\Program Files\ST\STM32CubeIDE_1.19.0\STM32CubeIDE\plugins\com.st.stm32cube.common.mx_6.15.0.202507011659\\db\/mcu/
2026-02-11 17:03:15,586 [INFO] ApiDb:274 - Set plugin database path to: F:\Program Files\ST\STM32CubeIDE_1.19.0\STM32CubeIDE\plugins\com.st.stm32cube.common.mx_6.15.0.202507011659\\db\/plugins/boardmanager/
2026-02-11 17:03:15,586 [INFO] ApiDb:261 - Set plugin images path to: F:\Program Files\ST\STM32CubeIDE_1.19.0\STM32CubeIDE\plugins\com.st.stm32cube.common.mx_6.15.0.202507011659\\db\/plugins/mcufinder/images/
2026-02-11 17:03:15,587 [WARN] DbFile:41 - Overriding database path with different value: C:\Users\PC\.stmcufinder\plugins\mcufinder/ => C:\Users\PC\.stmcufinder\plugins\mcufinder
2026-02-11 17:03:15,587 [INFO] ApiDb:250 - Set database path to: C:\Users\PC\.stmcufinder\plugins\mcufinder//mcu/
2026-02-11 17:03:15,587 [WARN] DbFile:41 - Overriding database path with different value: C:\Users\PC\.stmcufinder\plugins\mcufinder/ => C:\Users\PC\.stmcufinder\plugins\mcufinder
2026-02-11 17:03:15,587 [INFO] DbMcusAds:125 - Set database path to: C:\Users\PC\.stmcufinder\plugins\mcufinder//mcu/
2026-02-11 17:03:15,587 [WARN] DbFile:41 - Overriding database path with different value: C:\Users\PC\.stmcufinder\plugins\mcufinder/ => C:\Users\PC\.stmcufinder\plugins\mcufinder
2026-02-11 17:03:15,588 [WARN] DbFile:41 - Overriding database path with different value: C:\Users\PC\.stmcufinder\plugins\mcufinder/ => C:\Users\PC\.stmcufinder\plugins\mcufinder
2026-02-11 17:03:15,588 [INFO] CrossReferenceDbSqlite:203 - Set database path to: C:\Users\PC\.stmcufinder\plugins\mcufinder//mcu/cs/
2026-02-11 17:03:15,629 [INFO] ApplicationProperties:184 - Using Application install path: F:\Program Files\ST\STM32CubeIDE_1.19.0\STM32CubeIDE\plugins\com.st.stm32cube.common.mx_6.15.0.202507011659
2026-02-11 17:03:15,632 [INFO] PluginManage:196 - Search for loadable plugins [exclusion list=, ]
2026-02-11 17:03:15,634 [INFO] PluginManage:310 - Check plugin analytics
2026-02-11 17:03:16,016 [INFO] AnalyticsPlugin:253 - Accepted Software Licenses: 
2026-02-11 17:03:16,016 [INFO] AnalyticsPlugin:255 - Accepted CMSIS Pack Licenses: 
2026-02-11 17:03:16,016 [INFO] AnalyticsPlugin:257 - Accepted Firmware Licenses: FW.G4.1.6.0,FW.F4.1.28.0
2026-02-11 17:03:16,022 [INFO] PluginManage:359 - Loaded plugin analytics (category:tool,tabindex:-1)
2026-02-11 17:03:16,022 [INFO] PluginManage:310 - Check plugin cadmodel
2026-02-11 17:03:16,034 [INFO] CADModel:105 - Init CAD model plugin
2026-02-11 17:03:16,034 [INFO] PluginManage:359 - Loaded plugin cadmodel (category:power,tabindex:5)
2026-02-11 17:03:16,034 [INFO] PluginManage:310 - Check plugin clock
2026-02-11 17:03:16,053 [INFO] PluginManage:359 - Loaded plugin clock (category:base,tabindex:2)
2026-02-11 17:03:16,054 [INFO] PluginManage:310 - Check plugin ddr
2026-02-11 17:03:16,058 [INFO] PluginManage:359 - Loaded plugin ddr (category:tool,tabindex:6)
2026-02-11 17:03:16,059 [INFO] PluginManage:310 - Check plugin filemanager
2026-02-11 17:03:16,361 [INFO] PluginManage:359 - Loaded plugin filemanager (category:base,tabindex:10)
2026-02-11 17:03:16,362 [INFO] PluginManage:310 - Check plugin ipmanager
2026-02-11 17:03:16,387 [INFO] PluginManage:359 - Loaded plugin ipmanager (category:base,tabindex:5)
2026-02-11 17:03:16,387 [INFO] PluginManage:310 - Check plugin lpbam
2026-02-11 17:03:16,402 [INFO] PluginManage:359 - Loaded plugin lpbam (category:base,tabindex:0)
2026-02-11 17:03:16,403 [INFO] PluginManage:310 - Check plugin memorymap
2026-02-11 17:03:16,429 [INFO] PluginManage:359 - Loaded plugin memorymap (category:base,tabindex:4)
2026-02-11 17:03:16,430 [INFO] PluginManage:310 - Check plugin pinoutandconfiguration
2026-02-11 17:03:16,452 [INFO] PluginManage:359 - Loaded plugin pinoutandconfiguration (category:base,tabindex:1)
2026-02-11 17:03:16,453 [INFO] PluginManage:310 - Check plugin pinoutconfig
2026-02-11 17:03:16,616 [WARN] SupportedApi:132 - Cannot load RTOS API schema: s4s-elt-must-match.1: The content of 'definitions' must match (annotation?, (simpleType | complexType)?, (unique | key | keyref)*)). A problem was found starting at: attribute.
2026-02-11 17:03:16,873 [INFO] PluginManage:359 - Loaded plugin pinoutconfig (category:base,tabindex:0)
2026-02-11 17:03:16,874 [INFO] PluginManage:310 - Check plugin power
2026-02-11 17:03:16,896 [INFO] PluginManage:359 - Loaded plugin power (category:power,tabindex:4)
2026-02-11 17:03:16,896 [INFO] PluginManage:310 - Check plugin projectmanager
2026-02-11 17:03:16,944 [INFO] PluginManage:359 - Loaded plugin projectmanager (category:projectmanager,tabindex:4)
2026-02-11 17:03:16,944 [INFO] PluginManage:310 - Check plugin rif
2026-02-11 17:03:16,962 [INFO] PluginManage:359 - Loaded plugin rif (category:base,tabindex:3)
2026-02-11 17:03:16,962 [INFO] PluginManage:310 - Check plugin thirdparty
2026-02-11 17:03:17,219 [INFO] PluginManage:359 - Loaded plugin thirdparty (category:base,tabindex:-1)
2026-02-11 17:03:17,219 [INFO] PluginManage:310 - Check plugin tools
2026-02-11 17:03:17,225 [WARN] IntegrityCheckThread:84 - waiting for thirdparty lock release [integrity check]
2026-02-11 17:03:17,227 [INFO] IntegrityCheckThread:86 - entering critical section [integrity check]
2026-02-11 17:03:17,228 [INFO] ThirdPartyUpdaterWithRetryManager:70 - Updater plugin not ready yet. [1/15]
2026-02-11 17:03:17,233 [INFO] PluginManage:359 - Loaded plugin tools (category:base,tabindex:7)
2026-02-11 17:03:17,233 [INFO] PluginManage:310 - Check plugin tutovideos
2026-02-11 17:03:17,628 [INFO] PluginManage:359 - Loaded plugin tutovideos (category:base,tabindex:-1)
2026-02-11 17:03:17,628 [INFO] PluginManage:310 - Check plugin updater
2026-02-11 17:03:17,706 [INFO] PluginManage:359 - Loaded plugin updater (category:base,tabindex:12)
2026-02-11 17:03:17,707 [INFO] PluginManage:310 - Check plugin userauth
2026-02-11 17:03:17,714 [INFO] UserAuth:118 - Init User Auth plugin
2026-02-11 17:03:17,715 [INFO] PluginManage:359 - Loaded plugin userauth (category:base,tabindex:14)
2026-02-11 17:03:17,716 [INFO] PluginManage:283 - PluginManage : Loaded plugins [18]
2026-02-11 17:03:18,292 [INFO] PinOutPanel:1589 - setPackage(No Configuration,No Configuration)
2026-02-11 17:03:18,456 [INFO] CADModel:165 - CPN selected for project level
2026-02-11 17:03:18,456 [INFO] CADModel:114 - Register for checkConnection events
2026-02-11 17:03:18,485 [INFO] IPUIPlugin:80 - create IPUIPlugin
2026-02-11 17:03:18,486 [INFO] PluginManager:220 - loadIPPluginJar : add adc
2026-02-11 17:03:18,490 [INFO] IPUIPlugin:80 - create IPUIPlugin
2026-02-11 17:03:18,490 [INFO] PluginManager:220 - loadIPPluginJar : add aes
2026-02-11 17:03:18,495 [INFO] IPUIPlugin:80 - create IPUIPlugin
2026-02-11 17:03:18,495 [INFO] PluginManager:220 - loadIPPluginJar : add can
2026-02-11 17:03:18,498 [INFO] IPUIPlugin:80 - create IPUIPlugin
2026-02-11 17:03:18,499 [INFO] PluginManager:220 - loadIPPluginJar : add comp
2026-02-11 17:03:18,502 [INFO] IPUIPlugin:80 - create IPUIPlugin
2026-02-11 17:03:18,502 [INFO] PluginManager:220 - loadIPPluginJar : add cryp
2026-02-11 17:03:18,509 [INFO] IPUIPlugin:80 - create IPUIPlugin
2026-02-11 17:03:18,509 [INFO] PluginManager:220 - loadIPPluginJar : add ddr_ctrl_phy
2026-02-11 17:03:18,513 [INFO] IPUIPlugin:80 - create IPUIPlugin
2026-02-11 17:03:18,513 [INFO] PluginManager:220 - loadIPPluginJar : add dfsdm
2026-02-11 17:03:18,521 [INFO] IPUIPlugin:80 - create IPUIPlugin
2026-02-11 17:03:18,522 [INFO] PluginManager:220 - loadIPPluginJar : add dma
2026-02-11 17:03:18,528 [INFO] IPUIPlugin:80 - create IPUIPlugin
2026-02-11 17:03:18,528 [INFO] PluginManager:220 - loadIPPluginJar : add dma3
2026-02-11 17:03:18,533 [INFO] IPUIPlugin:80 - create IPUIPlugin
2026-02-11 17:03:18,534 [INFO] PluginManager:220 - loadIPPluginJar : add extmemmanager
2026-02-11 17:03:18,537 [INFO] IPUIPlugin:80 - create IPUIPlugin
2026-02-11 17:03:18,537 [INFO] PluginManager:220 - loadIPPluginJar : add fatfs
2026-02-11 17:03:18,545 [INFO] IPUIPlugin:80 - create IPUIPlugin
2026-02-11 17:03:18,546 [INFO] PluginManager:220 - loadIPPluginJar : add fmc
2026-02-11 17:03:18,556 [INFO] IPUIPlugin:80 - create IPUIPlugin
2026-02-11 17:03:18,557 [INFO] PluginManager:220 - loadIPPluginJar : add freertos
2026-02-11 17:03:18,560 [INFO] IPUIPlugin:80 - create IPUIPlugin
2026-02-11 17:03:18,560 [INFO] PluginManager:220 - loadIPPluginJar : add genericplugin
2026-02-11 17:03:18,565 [INFO] IPUIPlugin:80 - create IPUIPlugin
2026-02-11 17:03:18,566 [INFO] PluginManager:220 - loadIPPluginJar : add gfxmmu
2026-02-11 17:03:18,577 [INFO] IPUIPlugin:80 - create IPUIPlugin
2026-02-11 17:03:18,577 [INFO] PluginManager:220 - loadIPPluginJar : add gic
2026-02-11 17:03:18,584 [INFO] IPUIPlugin:80 - create IPUIPlugin
2026-02-11 17:03:18,585 [INFO] PluginManager:220 - loadIPPluginJar : add gpio
2026-02-11 17:03:18,589 [INFO] IPUIPlugin:80 - create IPUIPlugin
2026-02-11 17:03:18,590 [INFO] PluginManager:220 - loadIPPluginJar : add gtzc
2026-02-11 17:03:18,594 [INFO] IPUIPlugin:80 - create IPUIPlugin
2026-02-11 17:03:18,595 [INFO] PluginManager:220 - loadIPPluginJar : add hash
2026-02-11 17:03:18,600 [INFO] IPUIPlugin:80 - create IPUIPlugin
2026-02-11 17:03:18,600 [INFO] PluginManager:220 - loadIPPluginJar : add i2c
2026-02-11 17:03:18,605 [INFO] IPUIPlugin:80 - create IPUIPlugin
2026-02-11 17:03:18,606 [INFO] PluginManager:220 - loadIPPluginJar : add i2s
2026-02-11 17:03:18,610 [INFO] IPUIPlugin:80 - create IPUIPlugin
2026-02-11 17:03:18,611 [INFO] PluginManager:220 - loadIPPluginJar : add i3c
2026-02-11 17:03:18,616 [INFO] IPUIPlugin:80 - create IPUIPlugin
2026-02-11 17:03:18,616 [INFO] PluginManager:220 - loadIPPluginJar : add ipddr
2026-02-11 17:03:18,627 [INFO] IPUIPlugin:80 - create IPUIPlugin
2026-02-11 17:03:18,628 [INFO] PluginManager:220 - loadIPPluginJar : add linkedlist
2026-02-11 17:03:18,635 [INFO] IPUIPlugin:80 - create IPUIPlugin
2026-02-11 17:03:18,635 [INFO] PluginManager:220 - loadIPPluginJar : add lorawan
2026-02-11 17:03:18,638 [INFO] IPUIPlugin:80 - create IPUIPlugin
2026-02-11 17:03:18,638 [INFO] PluginManager:220 - loadIPPluginJar : add ltdc
2026-02-11 17:03:18,647 [INFO] IPUIPlugin:80 - create IPUIPlugin
2026-02-11 17:03:18,647 [INFO] PluginManager:220 - loadIPPluginJar : add mdma
2026-02-11 17:03:18,654 [INFO] IPUIPlugin:80 - create IPUIPlugin
2026-02-11 17:03:18,654 [INFO] PluginManager:220 - loadIPPluginJar : add nvic
2026-02-11 17:03:18,661 [INFO] IPUIPlugin:80 - create IPUIPlugin
2026-02-11 17:03:18,661 [INFO] PluginManager:220 - loadIPPluginJar : add opamp
2026-02-11 17:03:18,667 [INFO] IPUIPlugin:80 - create IPUIPlugin
2026-02-11 17:03:18,668 [INFO] PluginManager:220 - loadIPPluginJar : add openamp
2026-02-11 17:03:18,674 [INFO] IPUIPlugin:80 - create IPUIPlugin
2026-02-11 17:03:18,674 [INFO] PluginManager:220 - loadIPPluginJar : add pdm2pcm
2026-02-11 17:03:18,686 [INFO] IPUIPlugin:80 - create IPUIPlugin
2026-02-11 17:03:18,692 [INFO] PluginManager:220 - loadIPPluginJar : add plateformsettings
2026-02-11 17:03:18,696 [INFO] IPUIPlugin:80 - create IPUIPlugin
2026-02-11 17:03:18,698 [INFO] PluginManager:220 - loadIPPluginJar : add quadspi
2026-02-11 17:03:18,702 [INFO] IPUIPlugin:80 - create IPUIPlugin
2026-02-11 17:03:18,703 [INFO] PluginManager:220 - loadIPPluginJar : add radio
2026-02-11 17:03:18,711 [INFO] IPUIPlugin:80 - create IPUIPlugin
2026-02-11 17:03:18,712 [INFO] PluginManager:220 - loadIPPluginJar : add resmgrutility
2026-02-11 17:03:18,717 [INFO] IPUIPlugin:80 - create IPUIPlugin
2026-02-11 17:03:18,717 [INFO] PluginManager:220 - loadIPPluginJar : add sai
2026-02-11 17:03:18,724 [INFO] IPUIPlugin:80 - create IPUIPlugin
2026-02-11 17:03:18,738 [INFO] PluginManager:220 - loadIPPluginJar : add spi
2026-02-11 17:03:18,752 [INFO] IPUIPlugin:80 - create IPUIPlugin
2026-02-11 17:03:18,753 [INFO] PluginManager:220 - loadIPPluginJar : add stm32_wpan
2026-02-11 17:03:18,756 [INFO] IPUIPlugin:80 - create IPUIPlugin
2026-02-11 17:03:18,756 [INFO] PluginManager:220 - loadIPPluginJar : add tim
2026-02-11 17:03:18,763 [INFO] IPUIPlugin:80 - create IPUIPlugin
2026-02-11 17:03:18,764 [INFO] PluginManager:220 - loadIPPluginJar : add touchsensing
2026-02-11 17:03:18,767 [INFO] IPUIPlugin:80 - create IPUIPlugin
2026-02-11 17:03:18,768 [INFO] PluginManager:220 - loadIPPluginJar : add tracer_emb
2026-02-11 17:03:18,773 [INFO] IPUIPlugin:80 - create IPUIPlugin
2026-02-11 17:03:18,773 [INFO] PluginManager:220 - loadIPPluginJar : add ts
2026-02-11 17:03:18,776 [INFO] IPUIPlugin:80 - create IPUIPlugin
2026-02-11 17:03:18,777 [INFO] PluginManager:220 - loadIPPluginJar : add tsc
2026-02-11 17:03:18,781 [INFO] IPUIPlugin:80 - create IPUIPlugin
2026-02-11 17:03:18,781 [INFO] PluginManager:220 - loadIPPluginJar : add ucpd
2026-02-11 17:03:18,788 [INFO] IPUIPlugin:80 - create IPUIPlugin
2026-02-11 17:03:18,788 [INFO] PluginManager:220 - loadIPPluginJar : add usart
2026-02-11 17:03:18,794 [INFO] IPUIPlugin:80 - create IPUIPlugin
2026-02-11 17:03:18,794 [INFO] PluginManager:220 - loadIPPluginJar : add usbx
2026-02-11 17:03:19,207 [FATAL] Updater:351 - Updater called before beeing initialized
2026-02-11 17:03:19,261 [INFO] RulesReader:64 - Compatibility file has been processed (317 Rules)
2026-02-11 17:03:19,307 [INFO] RulesReader:64 - Compatibility file has been processed (317 Rules)
2026-02-11 17:03:19,320 [INFO] CADModel:165 - CPN selected for project level
2026-02-11 17:03:19,321 [INFO] CADModel:114 - Register for checkConnection events
2026-02-11 17:03:19,321 [FATAL] Updater:351 - Updater called before beeing initialized
2026-02-11 17:03:19,321 [ERROR] CADModel:125 - Updater not yet initialized, retry later 
2026-02-11 17:03:19,612 [FATAL] Updater:351 - Updater called before beeing initialized
2026-02-11 17:03:19,616 [INFO] CADModel:165 - CPN selected for project level
2026-02-11 17:03:19,616 [INFO] CADModel:114 - Register for checkConnection events
2026-02-11 17:03:19,616 [FATAL] Updater:351 - Updater called before beeing initialized
2026-02-11 17:03:19,616 [ERROR] CADModel:125 - Updater not yet initialized, retry later 
2026-02-11 17:03:19,621 [FATAL] Updater:351 - Updater called before beeing initialized
2026-02-11 17:03:19,875 [FATAL] Updater:351 - Updater called before beeing initialized
2026-02-11 17:03:19,881 [INFO] DbMcusAds:53 - JSON generation date=Mon Dec 15 18:11:46 PET 2025 (1765840306209)
2026-02-11 17:03:19,881 [FATAL] Updater:351 - Updater called before beeing initialized
2026-02-11 17:03:19,984 [WARN] DetailPanel:346 - Failed to get advertising image, set to default
2026-02-11 17:03:20,147 [FATAL] Updater:351 - Updater called before beeing initialized
2026-02-11 17:03:20,150 [FATAL] Updater:351 - Updater called before beeing initialized
2026-02-11 17:03:20,150 [FATAL] Updater:351 - Updater called before beeing initialized
2026-02-11 17:03:20,150 [WARN] DetailPanel:346 - Failed to get advertising image, set to default
2026-02-11 17:03:20,152 [FATAL] Updater:351 - Updater called before beeing initialized
2026-02-11 17:03:20,229 [INFO] ThirdPartyUpdaterWithRetryManager:70 - Updater plugin not ready yet. [2/15]
2026-02-11 17:03:20,236 [ERROR] Updater:1198 - MainUpdater not yet initialized. External WinMGr cannot be set.
2026-02-11 17:03:20,239 [INFO] Updater:1134 - Updater Version found : 6.15.0
2026-02-11 17:03:20,270 [INFO] ApplicationProperties:184 - Using Application install path: F:\Program Files\ST\STM32CubeIDE_1.19.0\STM32CubeIDE\plugins\com.st.stm32cube.common.mx_6.15.0.202507011659
2026-02-11 17:03:21,854 [ERROR] LogOutputStream:75 - [STDERR_REDIRECT] Feb 11, 2026 5:03:21 PM java.util.prefs.WindowsPreferences <init>
2026-02-11 17:03:21,858 [ERROR] LogOutputStream:75 - [STDERR_REDIRECT] WARNING: Could not open/create prefs root node Software\JavaSoft\Prefs at root 0xffffffff80000002. Windows RegCreateKeyEx(...) returned error code 5.
2026-02-11 17:03:21,858 [ERROR] LogOutputStream:75 - [STDERR_REDIRECT] 
2026-02-11 17:03:22,585 [INFO] MainUpdater:2872 - connection check result : 10
2026-02-11 17:03:22,587 [INFO] MainUpdater:289 - Updater Check For Update Now.
2026-02-11 17:03:22,587 [INFO] MicroXplorer:498 - Change Database Version : DB.6.0.150
2026-02-11 17:03:22,599 [INFO] McuFinderGlobals:63 - Set McuFinder mode to 2 (CubeIDE integrated)
2026-02-11 17:03:22,602 [INFO] UserAuth:487 - Internet connection configuration mode: 1
2026-02-11 17:03:22,685 [INFO] JxBrowserEngine:152 - Initiate JxBrowser Engine with user profile folder
2026-02-11 17:03:22,932 [INFO] CheckServerUpdateThread:120 - End of CheckServer Thread
2026-02-11 17:03:23,980 [WARN] PackLoader:240 - Cannot read IP mode file for STMicroelectronics.FP-SNS-MOTENVWB1.1.4.0
2026-02-11 17:03:24,026 [WARN] PackLoader:240 - Cannot read IP mode file for STMicroelectronics.FP-ATR-ASTRA1.2.0.2
2026-02-11 17:03:24,033 [WARN] PackLoader:240 - Cannot read IP mode file for STMicroelectronics.FP-ATR-ASTRA1.2.0.1
2026-02-11 17:03:24,045 [WARN] PackLoader:240 - Cannot read IP mode file for STMicroelectronics.X-CUBE-SMBUS.2.1.0
2026-02-11 17:03:24,060 [WARN] PackLoader:240 - Cannot read IP mode file for STMicroelectronics.X-CUBE-WB05N.1.1.0
2026-02-11 17:03:24,073 [WARN] PackLoader:240 - Cannot read IP mode file for STMicroelectronics.X-CUBE-ST60.1.0.0
2026-02-11 17:03:24,081 [WARN] PackLoader:240 - Cannot read IP mode file for STMicroelectronics.X-CUBE-TOUCHGFX.4.23.0
2026-02-11 17:03:24,086 [WARN] PackLoader:240 - Cannot read IP mode file for STMicroelectronics.X-CUBE-TOUCHGFX.4.23.2
2026-02-11 17:03:24,157 [WARN] PackLoader:240 - Cannot read IP mode file for STMicroelectronics.X-CUBE-AZRTOS-F7.1.1.0
2026-02-11 17:03:24,175 [ERROR] RealEvaluatedCondition:428 - Found unsupported composite condition: CLASS='Data Exchange' GROUP='STM32_MetaDataManager'
2026-02-11 17:03:24,175 [ERROR] RealEvaluatedCondition:428 - Found unsupported composite condition: CLASS='Data Exchange' GROUP='STM32_MetaDataManager'
2026-02-11 17:03:24,179 [WARN] PackLoader:240 - Cannot read IP mode file for STMicroelectronics.FP-SNS-MOTENV1.4.3.0
2026-02-11 17:03:24,189 [WARN] PackLoader:240 - Cannot read IP mode file for STMicroelectronics.FP-SNS-MOTENV1.4.3.2
2026-02-11 17:03:24,198 [WARN] PackLoader:240 - Cannot read IP mode file for STMicroelectronics.FP-SNS-FLIGHT1.5.0.0
2026-02-11 17:03:24,205 [ERROR] RealEvaluatedCondition:428 - Found unsupported composite condition: CLASS='Data Exchange' GROUP='STM32_MetaDataManager'
2026-02-11 17:03:24,205 [ERROR] RealEvaluatedCondition:428 - Found unsupported composite condition: GROUP='STM32_MetaDataManager' CLASS='Data Exchange'
2026-02-11 17:03:24,206 [WARN] PackLoader:240 - Cannot read IP mode file for STMicroelectronics.FP-SNS-MOTENV1.4.3.1
2026-02-11 17:03:24,215 [WARN] PackLoader:240 - Cannot read IP mode file for STMicroelectronics.FP-SNS-FLIGHT1.5.0.1
2026-02-11 17:03:24,327 [WARN] PackLoader:240 - Cannot read IP mode file for STMicroelectronics.X-CUBE-MEMS1.11.0.0
2026-02-11 17:03:24,566 [WARN] PackLoader:240 - Cannot read IP mode file for STMicroelectronics.X-CUBE-BLE1.6.2.4
2026-02-11 17:03:24,572 [WARN] PackLoader:240 - Cannot read IP mode file for STMicroelectronics.FP-SNS-MOTENV1.5.1.0
2026-02-11 17:03:24,606 [WARN] PackLoader:240 - Cannot read IP mode file for STMicroelectronics.FP-SNS-FLIGHT1.5.0.2
2026-02-11 17:03:24,649 [WARN] PackLoader:240 - Cannot read IP mode file for STMicroelectronics.X-CUBE-AZRTOS-H7.3.4.0
2026-02-11 17:03:24,666 [WARN] PackLoader:240 - Cannot read IP mode file for STMicroelectronics.X-CUBE-DISPLAY.3.0.0
2026-02-11 17:03:24,710 [WARN] PackLoader:240 - Cannot read IP mode file for STMicroelectronics.X-CUBE-BLE1.7.0.0
2026-02-11 17:03:24,721 [WARN] PackLoader:240 - Cannot read IP mode file for STMicroelectronics.X-CUBE-NFC10.1.0.0
2026-02-11 17:03:24,740 [WARN] PackLoader:240 - Cannot read IP mode file for STMicroelectronics.X-CUBE-BLEMGR.4.0.0
2026-02-11 17:03:24,751 [WARN] PackLoader:240 - Cannot read IP mode file for STMicroelectronics.X-CUBE-ST60.1.1.0
2026-02-11 17:03:24,758 [WARN] PackLoader:240 - Cannot read IP mode file for STMicroelectronics.X-CUBE-TOUCHGFX.4.22.0
2026-02-11 17:03:24,766 [WARN] PackLoader:240 - Cannot read IP mode file for STMicroelectronics.X-CUBE-GNSS1.7.1.0
2026-02-11 17:03:24,772 [WARN] PackLoader:240 - Cannot read IP mode file for STMicroelectronics.X-CUBE-TOUCHGFX.4.22.1
2026-02-11 17:03:24,785 [WARN] PackLoader:240 - Cannot read IP mode file for STMicroelectronics.X-CUBE-BLEMGR.3.1.0
2026-02-11 17:03:24,795 [WARN] PackLoader:240 - Cannot read IP mode file for STMicroelectronics.X-CUBE-AI.10.0.0
2026-02-11 17:03:24,808 [WARN] PackLoader:240 - Cannot read IP mode file for STMicroelectronics.FP-SNS-STBOX1.2.1.0
2026-02-11 17:03:24,817 [WARN] PackLoader:240 - Cannot read IP mode file for STMicroelectronics.FP-SNS-SMARTAG2.1.2.0
2026-02-11 17:03:24,884 [WARN] PackLoader:240 - Cannot read IP mode file for STMicroelectronics.FP-SNS-FLIGHT1.5.1.0
2026-02-11 17:03:24,977 [WARN] PackLoader:240 - Cannot read IP mode file for STMicroelectronics.X-CUBE-MEMS1.11.1.0
2026-02-11 17:03:25,264 [INFO] LogOutputStream:77 - [STDOUT_REDIRECT] 1 : Invalid condition id : UX_CORESTACK_Condition cause : null
2026-02-11 17:03:25,265 [INFO] LogOutputStream:77 - [STDOUT_REDIRECT] 1 : Invalid condition id : UX_CORESTACK_Condition cause : null
2026-02-11 17:03:25,267 [INFO] LogOutputStream:77 - [STDOUT_REDIRECT] 1 : Invalid condition id : UX_CORESTACK_Condition cause : null
2026-02-11 17:03:25,269 [INFO] LogOutputStream:77 - [STDOUT_REDIRECT] 1 : Invalid condition id : UX_CORESTACK_Condition cause : null
2026-02-11 17:03:25,271 [INFO] LogOutputStream:77 - [STDOUT_REDIRECT] 1 : Invalid condition id : UX_CORESTACK_Condition cause : null
2026-02-11 17:03:25,306 [WARN] PackLoader:240 - Cannot read IP mode file for STMicroelectronics.X-CUBE-AZRTOS-WL.2.0.0
2026-02-11 17:03:25,313 [WARN] PackLoader:240 - Cannot read IP mode file for STMicroelectronics.FP-SNS-MOTENV1.5.0.0
2026-02-11 17:03:25,338 [WARN] PackLoader:240 - Cannot read IP mode file for STMicroelectronics.X-CUBE-AZRTOS-H7RS.1.2.0
2026-02-11 17:03:25,348 [WARN] PackLoader:240 - Cannot read IP mode file for wolfSSL.I-CUBE-wolfMQTT.1.19.0
2026-02-11 17:03:25,358 [WARN] PackLoader:240 - Cannot read IP mode file for WES.I-CUBE-Cesium.1.3.0
2026-02-11 17:03:25,371 [WARN] PackLoader:240 - Cannot read IP mode file for STMicroelectronics.X-CUBE-BLE2.3.3.0
2026-02-11 17:03:25,406 [WARN] PackLoader:240 - Cannot read IP mode file for STMicroelectronics.X-CUBE-DISPLAY.2.2.0
2026-02-11 17:03:25,439 [WARN] PackLoader:240 - Cannot read IP mode file for STMicroelectronics.X-CUBE-TOF1.3.2.0
2026-02-11 17:03:25,455 [WARN] PackLoader:240 - Cannot read IP mode file for STMicroelectronics.X-CUBE-NFC9.1.0.0
2026-02-11 17:03:25,462 [WARN] PackLoader:240 - Cannot read IP mode file for STMicroelectronics.X-CUBE-BLE1.7.1.0
2026-02-11 17:03:25,472 [WARN] PackLoader:240 - Cannot read IP mode file for STMicroelectronics.X-CUBE-TCPP.4.1.0
2026-02-11 17:03:25,481 [WARN] PackLoader:240 - Cannot read IP mode file for STMicroelectronics.X-CUBE-FREERTOS.1.4.0
2026-02-11 17:03:25,491 [WARN] PackLoader:240 - Cannot read IP mode file for STMicroelectronics.X-CUBE-EEPRMA1.5.2.0
2026-02-11 17:03:25,498 [WARN] PackLoader:240 - Cannot read IP mode file for STMicroelectronics.X-CUBE-TOUCHGFX.4.21.1
2026-02-11 17:03:25,502 [WARN] PackLoader:240 - Cannot read IP mode file for STMicroelectronics.X-CUBE-TOUCHGFX.4.21.0
2026-02-11 17:03:25,506 [WARN] PackLoader:240 - Cannot read IP mode file for STMicroelectronics.X-CUBE-TOUCHGFX.4.21.3
2026-02-11 17:03:25,510 [WARN] PackLoader:240 - Cannot read IP mode file for STMicroelectronics.X-CUBE-TOUCHGFX.4.21.4
2026-02-11 17:03:25,595 [WARN] PackLoader:240 - Cannot read IP mode file for STMicroelectronics.X-CUBE-MEMS1.9.4.0
2026-02-11 17:03:25,819 [WARN] PackLoader:240 - Cannot read IP mode file for STMicroelectronics.X-CUBE-AI.7.3.0
2026-02-11 17:03:25,829 [WARN] PackLoader:240 - Cannot read IP mode file for STMicroelectronics.X-CUBE-ST67W61.1.1.0
2026-02-11 17:03:25,855 [WARN] PackLoader:240 - Cannot read IP mode file for STMicroelectronics.X-CUBE-AI.10.1.0
2026-02-11 17:03:25,913 [WARN] PackLoader:240 - Cannot read IP mode file for STMicroelectronics.X-CUBE-MEMS1.12.0.0
2026-02-11 17:03:29,913 [WARN] PackLoader:240 - Cannot read IP mode file for STMicroelectronics.X-CUBE-ALGOBUILD.1.3.0
2026-02-11 17:03:29,988 [WARN] PackLoader:240 - Cannot read IP mode file for STMicroelectronics.X-CUBE-MEMS1.11.2.0
2026-02-11 17:03:30,382 [WARN] PackLoader:240 - Cannot read IP mode file for STMicroelectronics.X-CUBE-AZRTOS-G0.1.1.0
2026-02-11 17:03:30,408 [WARN] PackLoader:240 - Cannot read IP mode file for STMicroelectronics.X-CUBE-SAFEA1.1.2.2
2026-02-11 17:03:30,418 [WARN] PackLoader:240 - Cannot read IP mode file for STMicroelectronics.X-CUBE-NFC4.3.0.0
2026-02-11 17:03:30,446 [WARN] PackLoader:240 - Cannot read IP mode file for EmbeddedOffice.I-CUBE-FS-RTOS.1.0.1
2026-02-11 17:03:30,457 [WARN] PackLoader:240 - Cannot read IP mode file for STMicroelectronics.X-CUBE-WB05N.2.0.0
2026-02-11 17:03:30,473 [WARN] PackLoader:240 - Cannot read IP mode file for STMicroelectronics.X-CUBE-BLEMGR.3.0.0
2026-02-11 17:03:30,489 [WARN] PackLoader:240 - Cannot read IP mode file for STMicroelectronics.X-CUBE-BLEMGR.1.3.0
2026-02-11 17:03:30,513 [WARN] PackLoader:240 - Cannot read IP mode file for STMicroelectronics.X-CUBE-TCPP.4.2.0
2026-02-11 17:03:30,524 [WARN] PackLoader:240 - Cannot read IP mode file for RealThread.X-CUBE-RT-Thread_Nano.4.1.1
2026-02-11 17:03:30,531 [WARN] PackLoader:240 - Cannot read IP mode file for STMicroelectronics.FP-ATR-SIGFOX1.3.2.0
2026-02-11 17:03:30,538 [WARN] ConditionMgr:438 - getConditionDescription Invalid condition id : Cortex-A Device cause : null
2026-02-11 17:03:30,549 [WARN] ConditionMgr:1044 - genDependencies : Invalid condition id : Cortex-A Device cause : null
2026-02-11 17:03:30,549 [WARN] ConditionMgr:1044 - genDependencies : Invalid condition id : Cortex-A Device cause : null
2026-02-11 17:03:30,549 [WARN] ConditionMgr:1044 - genDependencies : Invalid condition id : Cortex-A Device cause : null
2026-02-11 17:03:30,556 [WARN] PackLoader:240 - Cannot read IP mode file for STMicroelectronics.X-CUBE-EEPRMA1.5.1.0
2026-02-11 17:03:30,575 [WARN] PackLoader:240 - Cannot read IP mode file for STMicroelectronics.X-CUBE-NFC6.3.2.0
2026-02-11 17:03:30,633 [WARN] PackLoader:240 - Cannot read IP mode file for STMicroelectronics.X-CUBE-MEMS1.9.5.0
2026-02-11 17:03:30,920 [WARN] PackLoader:240 - Cannot read IP mode file for STMicroelectronics.X-CUBE-ST67W61.1.0.0
2026-02-11 17:03:30,952 [WARN] PackLoader:240 - Cannot read IP mode file for STMicroelectronics.X-CUBE-AI.10.2.0
2026-02-11 17:03:30,999 [WARN] PackLoader:240 - Cannot read IP mode file for SEGGER.I-CUBE-embOS.1.3.1
2026-02-11 17:03:31,059 [WARN] PackLoader:240 - Cannot read IP mode file for STMicroelectronics.X-CUBE-ALGOBUILD.1.4.0
2026-02-11 17:03:31,152 [WARN] PackLoader:240 - Cannot read IP mode file for STMicroelectronics.X-CUBE-MEMS1.11.3.0
2026-02-11 17:03:31,437 [WARN] PackLoader:240 - Cannot read IP mode file for SEGGER.I-CUBE-embOS.1.3.0
2026-02-11 17:03:31,470 [WARN] PackLoader:240 - Cannot read IP mode file for STMicroelectronics.X-CUBE-AI.9.1.0
2026-02-11 17:03:31,475 [WARN] PackLoader:240 - Cannot read IP mode file for STMicroelectronics.X-CUBE-PM33A1.1.0.0
2026-02-11 17:03:31,490 [WARN] PackLoader:240 - Cannot read IP mode file for STMicroelectronics.X-CUBE-GNSS1.6.0.0
2026-02-11 17:03:31,523 [WARN] PackLoader:240 - Cannot read IP mode file for STMicroelectronics.X-CUBE-AZRTOS-F4.1.1.0
2026-02-11 17:03:31,551 [WARN] PackLoader:240 - Cannot read IP mode file for Avnet-IotConnect.X-CUBE-IoTC-DA16k-PMOD.1.0.0
2026-02-11 17:03:31,558 [WARN] PackLoader:240 - Cannot read IP mode file for STMicroelectronics.X-CUBE-ISPU.2.1.0
2026-02-11 17:03:31,573 [WARN] PackLoader:240 - Cannot read IP mode file for STMicroelectronics.X-CUBE-IPS.3.2.0
2026-02-11 17:03:31,589 [WARN] PackLoader:240 - Cannot read IP mode file for STMicroelectronics.X-CUBE-FREERTOS.1.2.0
2026-02-11 17:03:31,599 [WARN] PackLoader:240 - Cannot read IP mode file for STMicroelectronics.X-CUBE-NFC12.1.0.0
2026-02-11 17:03:31,640 [WARN] PackLoader:240 - Cannot read IP mode file for STMicroelectronics.X-CUBE-AZRTOS-L5.2.0.0
2026-02-11 17:03:31,757 [WARN] PackLoader:240 - Cannot read IP mode file for STMicroelectronics.X-CUBE-MEMS1.9.6.0
2026-02-11 17:03:32,027 [INFO] WebApp:169 - Instantiating new browser for Auth
2026-02-11 17:03:32,032 [WARN] PackLoader:240 - Cannot read IP mode file for STMicroelectronics.X-CUBE-EEPRMA1.4.2.0
2026-02-11 17:03:32,065 [WARN] PackLoader:240 - Cannot read IP mode file for STMicroelectronics.X-CUBE-NFC6.3.1.0
2026-02-11 17:03:32,078 [WARN] PackLoader:240 - Cannot read IP mode file for ITTIA_DB.I-CUBE-ITTIADB.8.8.0
2026-02-11 17:03:32,087 [WARN] PackLoader:240 - Cannot read IP mode file for emotas.I-CUBE-CANOPEN.1.1.3
2026-02-11 17:03:32,097 [WARN] PackLoader:240 - Cannot read IP mode file for STMicroelectronics.X-CUBE-BLEMGR.2.0.0
2026-02-11 17:03:32,107 [WARN] PackLoader:240 - Cannot read IP mode file for STMicroelectronics.X-CUBE-DPower.1.2.0
2026-02-11 17:03:32,113 [WARN] PackLoader:240 - Cannot read IP mode file for STMicroelectronics.X-CUBE-NFC4.2.0.5
2026-02-11 17:03:32,119 [WARN] PackLoader:240 - Cannot read IP mode file for STMicroelectronics.X-CUBE-AI.9.0.0
2026-02-11 17:03:32,160 [WARN] ConditionMgr:438 - getConditionDescription Invalid condition id : UX DEVICE CLASS RTOS Condition cause : null
2026-02-11 17:03:32,160 [WARN] ConditionMgr:438 - getConditionDescription Invalid condition id : UX DEVICE CLASS RTOS Condition cause : null
2026-02-11 17:03:32,164 [WARN] PackLoader:240 - Cannot read IP mode file for STMicroelectronics.X-CUBE-AZRTOS-H7.3.1.0
2026-02-11 17:03:32,165 [WARN] ConditionMgr:1044 - genDependencies : Invalid condition id : UX DEVICE CLASS RTOS Condition cause : null
2026-02-11 17:03:32,165 [WARN] ConditionMgr:1044 - genDependencies : Invalid condition id : UX DEVICE CLASS RTOS Condition cause : null
2026-02-11 17:03:32,166 [WARN] ConditionMgr:1044 - genDependencies : Invalid condition id : UX DEVICE CLASS RTOS Condition cause : null
2026-02-11 17:03:32,166 [WARN] ConditionMgr:1044 - genDependencies : Invalid condition id : UX DEVICE CLASS RTOS Condition cause : null
2026-02-11 17:03:32,166 [WARN] ConditionMgr:1044 - genDependencies : Invalid condition id : UX DEVICE CLASS RTOS Condition cause : null
2026-02-11 17:03:32,173 [WARN] PackLoader:240 - Cannot read IP mode file for wolfSSL.I-CUBE-wolfSSL.5.5.3
2026-02-11 17:03:32,181 [WARN] PackLoader:240 - Cannot read IP mode file for STMicroelectronics.X-CUBE-FREERTOS.1.3.1
2026-02-11 17:03:32,190 [WARN] PackLoader:240 - Cannot read IP mode file for STMicroelectronics.X-CUBE-FREERTOS.1.3.0
2026-02-11 17:03:32,223 [WARN] PackLoader:240 - Cannot read IP mode file for STMicroelectronics.X-CUBE-NFC7.1.0.1
2026-02-11 17:03:32,230 [WARN] PackLoader:240 - Cannot read IP mode file for STMicroelectronics.X-CUBE-NFC7.1.0.0
2026-02-11 17:03:32,239 [WARN] PackLoader:240 - Cannot read IP mode file for wolfSSL.I-CUBE-wolfTPM.3.2.0
2026-02-11 17:03:32,243 [WARN] PackLoader:240 - Cannot read IP mode file for STMicroelectronics.X-CUBE-TOUCHGFX.4.26.0
2026-02-11 17:03:32,251 [WARN] PackLoader:240 - Cannot read IP mode file for STMicroelectronics.X-CUBE-NFC6.3.0.0
2026-02-11 17:03:32,261 [WARN] PackLoader:240 - Cannot read IP mode file for STMicroelectronics.X-CUBE-EEPRMA1.4.1.0
2026-02-11 17:03:32,270 [WARN] PackLoader:240 - Cannot read IP mode file for STMicroelectronics.FP-SNS-STAIOTCFT.1.0.0
2026-02-11 17:03:32,277 [WARN] PackLoader:240 - Cannot read IP mode file for STMicroelectronics.X-CUBE-DPower.1.3.0
2026-02-11 17:03:32,282 [WARN] PackLoader:240 - Cannot read IP mode file for STMicroelectronics.X-CUBE-AI.8.1.0
2026-02-11 17:03:32,306 [WARN] ConditionMgr:438 - getConditionDescription Invalid condition id : LAN8742 Phy interface Condition cause : null
2026-02-11 17:03:32,307 [WARN] PackLoader:240 - Cannot read IP mode file for STMicroelectronics.X-CUBE-AZRTOS-L4.2.0.0
2026-02-11 17:03:32,309 [WARN] ConditionMgr:1044 - genDependencies : Invalid condition id : LAN8742 Phy interface Condition cause : null
2026-02-11 17:03:32,309 [WARN] ConditionMgr:1044 - genDependencies : Invalid condition id : LAN8742 Phy interface Condition cause : null
2026-02-11 17:03:32,310 [WARN] ConditionMgr:1044 - genDependencies : Invalid condition id : LAN8742 Phy interface Condition cause : null
2026-02-11 17:03:32,323 [WARN] PackLoader:240 - Cannot read IP mode file for STMicroelectronics.X-CUBE-SFXS2LP1.4.0.0
2026-02-11 17:03:32,369 [WARN] PackLoader:240 - Cannot read IP mode file for STMicroelectronics.X-CUBE-AZRTOS-H7.3.0.0
2026-02-11 17:03:32,381 [WARN] PackLoader:240 - Cannot read IP mode file for STMicroelectronics.X-CUBE-ST67W61.1.2.0
2026-02-11 17:03:32,387 [WARN] PackLoader:240 - Cannot read IP mode file for STMicroelectronics.X-CUBE-ISPU.1.1.0
2026-02-11 17:03:32,412 [WARN] PackLoader:240 - Cannot read IP mode file for STMicroelectronics.X-CUBE-AZRTOS-H7.3.3.0
2026-02-11 17:03:32,490 [WARN] PackLoader:240 - Cannot read IP mode file for RoweBots.I-CUBE-UNISONRTOS.5.5.0-4
2026-02-11 17:03:32,506 [WARN] PackLoader:240 - Cannot read IP mode file for STMicroelectronics.X-CUBE-BLEMGR.4.1.0
2026-02-11 17:03:32,520 [WARN] PackLoader:240 - Cannot read IP mode file for STMicroelectronics.X-CUBE-AI.8.0.0
2026-02-11 17:03:32,536 [WARN] PackLoader:240 - Cannot read IP mode file for STMicroelectronics.X-CUBE-IPS.3.0.0
2026-02-11 17:03:32,576 [WARN] ConditionMgr:438 - getConditionDescription Invalid condition id : UX DEVICE CLASS RTOS Condition cause : null
2026-02-11 17:03:32,576 [WARN] ConditionMgr:438 - getConditionDescription Invalid condition id : UX DEVICE CLASS RTOS Condition cause : null
2026-02-11 17:03:32,578 [WARN] PackLoader:240 - Cannot read IP mode file for STMicroelectronics.X-CUBE-AZRTOS-WB.2.0.0
2026-02-11 17:03:32,580 [WARN] ConditionMgr:1044 - genDependencies : Invalid condition id : UX DEVICE CLASS RTOS Condition cause : null
2026-02-11 17:03:32,580 [WARN] ConditionMgr:1044 - genDependencies : Invalid condition id : UX DEVICE CLASS RTOS Condition cause : null
2026-02-11 17:03:32,580 [WARN] ConditionMgr:1044 - genDependencies : Invalid condition id : UX DEVICE CLASS RTOS Condition cause : null
2026-02-11 17:03:32,581 [WARN] ConditionMgr:1044 - genDependencies : Invalid condition id : UX DEVICE CLASS RTOS Condition cause : null
2026-02-11 17:03:32,581 [WARN] ConditionMgr:1044 - genDependencies : Invalid condition id : UX DEVICE CLASS RTOS Condition cause : null
2026-02-11 17:03:32,588 [WARN] PackLoader:240 - Cannot read IP mode file for STMicroelectronics.X-CUBE-FREERTOS.1.0.0
2026-02-11 17:03:32,593 [WARN] PackLoader:240 - Cannot read IP mode file for STMicroelectronics.X-CUBE-FREERTOS.1.0.1
2026-02-11 17:03:32,599 [WARN] PackLoader:240 - Cannot read IP mode file for STMicroelectronics.X-CUBE-GNSS1.7.0.0
2026-02-11 17:03:32,606 [WARN] PackLoader:240 - Cannot read IP mode file for STMicroelectronics.X-CUBE-GNSS1.7.0.1
2026-02-11 17:03:32,610 [WARN] PackLoader:240 - Cannot read IP mode file for STMicroelectronics.X-CUBE-TOUCHGFX.4.25.0
2026-02-11 17:03:32,617 [WARN] PackLoader:240 - Cannot read IP mode file for STMicroelectronics.FP-SNS-STBOX1.2.0.0
2026-02-11 17:03:32,636 [WARN] PackLoader:240 - Cannot read IP mode file for STMicroelectronics.X-CUBE-STSE01.2.0.0
2026-02-11 17:03:32,694 [WARN] PackLoader:240 - Cannot read IP mode file for STMicroelectronics.X-CUBE-AZRTOS-L5.1.1.0
2026-02-11 17:03:32,704 [WARN] PackLoader:240 - Cannot read IP mode file for STMicroelectronics.X-CUBE-AI.8.0.1
2026-02-11 17:03:32,720 [WARN] PackLoader:240 - Cannot read IP mode file for STMicroelectronics.X-CUBE-SUBG2.5.0.0
2026-02-11 17:03:32,773 [WARN] PackLoader:240 - Cannot read IP mode file for STMicroelectronics.X-CUBE-AZRTOS-H7RS.1.1.0
2026-02-11 17:03:32,784 [WARN] PackLoader:240 - Cannot read IP mode file for Cesanta.I-CUBE-Mongoose.7.13.0
2026-02-11 17:03:32,796 [WARN] PackLoader:240 - Cannot read IP mode file for STMicroelectronics.X-CUBE-TOF1.3.3.1
2026-02-11 17:03:32,824 [WARN] PackLoader:240 - Cannot read IP mode file for STMicroelectronics.X-CUBE-AZRTOS-G4.2.0.0
2026-02-11 17:03:32,839 [WARN] PackLoader:240 - Cannot read IP mode file for STMicroelectronics.X-CUBE-TOF1.3.3.0
2026-02-11 17:03:32,852 [WARN] PackLoader:240 - Cannot read IP mode file for STMicroelectronics.FP-ATR-ASTRA1.1.1.1
2026-02-11 17:03:32,890 [WARN] PackLoader:240 - Cannot read IP mode file for Infineon.AIROC-Wi-Fi-Bluetooth-STM32.1.5.1
2026-02-11 17:03:32,898 [WARN] PackLoader:240 - Cannot read IP mode file for STMicroelectronics.FP-SNS-MOTENVWB1.1.3.0
2026-02-11 17:03:32,904 [WARN] PackLoader:240 - Cannot read IP mode file for STMicroelectronics.X-CUBE-NFC7.2.0.0
2026-02-11 17:03:32,909 [WARN] PackLoader:240 - Cannot read IP mode file for STMicroelectronics.FP-SNS-MOTENVWB1.1.3.1
2026-02-11 17:03:32,927 [WARN] PackLoader:240 - Cannot read IP mode file for STMicroelectronics.X-CUBE-AZRTOS-G4.1.0.0
2026-02-11 17:03:32,955 [WARN] PackLoader:240 - Cannot read IP mode file for STMicroelectronics.X-CUBE-AZRTOS-L4.1.0.0
2026-02-11 17:03:32,980 [WARN] PackLoader:240 - Cannot read IP mode file for STMicroelectronics.X-CUBE-ISPU.2.0.0
2026-02-11 17:03:32,998 [WARN] PackLoader:240 - Cannot read IP mode file for STMicroelectronics.X-CUBE-IPS.3.1.0
2026-02-11 17:03:33,036 [WARN] PackLoader:240 - Cannot read IP mode file for STMicroelectronics.X-CUBE-ALS.1.0.2
2026-02-11 17:03:33,100 [WARN] PackLoader:240 - Cannot read IP mode file for STMicroelectronics.X-CUBE-MEMS1.10.0.0
2026-02-11 17:03:33,463 [WARN] PackLoader:240 - Cannot read IP mode file for STMicroelectronics.X-CUBE-FREERTOS.1.1.0
2026-02-11 17:03:33,468 [WARN] PackLoader:240 - Cannot read IP mode file for STMicroelectronics.X-CUBE-TOUCHGFX.4.24.0
2026-02-11 17:03:33,474 [WARN] PackLoader:240 - Cannot read IP mode file for STMicroelectronics.X-CUBE-TOUCHGFX.4.24.2
2026-02-11 17:03:33,487 [WARN] PackLoader:240 - Cannot read IP mode file for STMicroelectronics.X-CUBE-AZRTOS-WL.1.0.0
2026-02-11 17:03:33,493 [WARN] PackLoader:240 - Cannot read IP mode file for STMicroelectronics.X-CUBE-TOUCHGFX.4.24.1
2026-02-11 17:03:33,500 [WARN] PackLoader:240 - Cannot read IP mode file for STMicroelectronics.X-CUBE-STSE01.1.0.0
2026-02-11 17:03:33,527 [WARN] PackLoader:240 - Cannot read IP mode file for portGmbH.I-Cube-SoM-uGOAL.1.1.0
2026-02-11 17:03:33,533 [WARN] PackLoader:240 - Cannot read IP mode file for STMicroelectronics.X-CUBE-ALS.1.0.1
2026-02-11 17:03:33,552 [WARN] PackLoader:240 - Cannot read IP mode file for STMicroelectronics.X-CUBE-AZRTOS-WB.1.1.0
2026-02-11 17:03:33,575 [WARN] PackLoader:240 - Cannot read IP mode file for STMicroelectronics.X-CUBE-AZRTOS-H7RS.1.0.0
2026-02-11 17:03:33,584 [WARN] PackLoader:240 - Cannot read IP mode file for STMicroelectronics.FP-ATR-ASTRA1.2.0.0
2026-02-11 17:03:33,622 [WARN] PackLoader:240 - Cannot read IP mode file for STMicroelectronics.X-CUBE-TOF1.3.4.2
2026-02-11 17:03:33,662 [WARN] PackLoader:240 - Cannot read IP mode file for STMicroelectronics.X-CUBE-TOF1.3.4.3
2026-02-11 17:03:33,692 [WARN] PackLoader:240 - Cannot read IP mode file for STMicroelectronics.X-CUBE-TOF1.3.4.0
2026-02-11 17:03:33,715 [WARN] PackLoader:240 - Cannot read IP mode file for STMicroelectronics.X-CUBE-TOF1.3.4.1
2026-02-11 17:03:33,771 [WARN] PackLoader:240 - Cannot read IP mode file for STMicroelectronics.X-CUBE-AZRTOS-H7.3.2.0
2026-02-11 17:03:33,780 [WARN] PackLoader:240 - Cannot read IP mode file for wolfSSL.I-CUBE-wolfSSH.1.4.17
2026-02-11 17:03:33,781 [INFO] ThirdParty:978 - Integrity check success = true
2026-02-11 17:03:33,782 [INFO] IntegrityCheckThread:100 - exiting critical section [integrity check]
2026-02-11 17:03:33,782 [INFO] IntegrityCheckThread:103 - End integrity checks thread
2026-02-11 17:03:34,907 [INFO] WebApp:463 - Apply proxy settings
2026-02-11 17:03:34,908 [INFO] WebApp:548 - Chromium requires no authentication
2026-02-11 17:03:34,928 [INFO] WebApp:491 - Direct internet connection detected
2026-02-11 17:03:34,971 [INFO] WebApp:900 - Register for checkConnection events
2026-02-11 17:03:34,972 [INFO] WebApp:463 - Apply proxy settings
2026-02-11 17:03:34,972 [INFO] WebApp:548 - Chromium requires no authentication
2026-02-11 17:03:34,972 [INFO] WebApp:491 - Direct internet connection detected
2026-02-11 17:03:35,189 [INFO] WebApp:191 - Connection restablished
2026-02-11 17:03:35,321 [INFO] WebApp:225 - Starting web application
2026-02-11 17:03:35,321 [INFO] WebApp:593 - Web application path used F:\Program Files\ST\STM32CubeIDE_1.19.0\STM32CubeIDE\plugins\com.st.stm32cube.common.mx_6.15.0.202507011659\db\plugins\mcufinder\reactClient1\index.html
2026-02-11 17:03:35,762 [INFO] UserAuth:487 - Internet connection configuration mode: 1
2026-02-11 17:04:05,084 [ERROR] LogOutputStream:75 - [STDERR_REDIRECT] 
2026-02-11 17:04:05,093 [ERROR] LogOutputStream:75 - [STDERR_REDIRECT] 
