13:09:40 **** Incremental Build of configuration Debug for project LETRERO_26LED_DUAL ****
make -j4 all 
arm-none-eabi-gcc "../Core/Src/main.c" -mcpu=cortex-m0plus -std=gnu11 -g3 -DDEBUG -DUSE_HAL_DRIVER -DSTM32G030xx -c -I../Core/Inc -I../Drivers/STM32G0xx_HAL_Driver/Inc -I../Drivers/STM32G0xx_HAL_Driver/Inc/Legacy -I../Drivers/CMSIS/Device/ST/STM32G0xx/Include -I../Drivers/CMSIS/Include -O0 -ffunction-sections -fdata-sections -Wall -fstack-usage -fcyclomatic-complexity -MMD -MP -MF"Core/Src/main.d" -MT"Core/Src/main.o" --specs=nano.specs -mfloat-abi=soft -mthumb -o "Core/Src/main.o"
arm-none-eabi-gcc -o "LETRERO_26LED_DUAL.elf" @"objects.list"   -mcpu=cortex-m0plus -T"E:\GIOVANNY_TODO\SKETCHS\STM32\STM32G030K6T6\LETRERO_26LED_DUAL\STM32G030K6TX_FLASH.ld" --specs=nosys.specs -Wl,-Map="LETRERO_26LED_DUAL.map" -Wl,--gc-sections -static --specs=nano.specs -mfloat-abi=soft -mthumb -Wl,--start-group -lc -lm -Wl,--end-group
Finished building target: LETRERO_26LED_DUAL.elf
 
arm-none-eabi-size   LETRERO_26LED_DUAL.elf 
arm-none-eabi-objdump -h -S  LETRERO_26LED_DUAL.elf  > "LETRERO_26LED_DUAL.list"
arm-none-eabi-objcopy  -O ihex  LETRERO_26LED_DUAL.elf  "LETRERO_26LED_DUAL.hex"
   text	   data	    bss	    dec	    hex	filename
  22904	     24	   1680	  24608	   6020	LETRERO_26LED_DUAL.elf
Finished building: default.size.stdout
 
Finished building: LETRERO_26LED_DUAL.hex
 
Finished building: LETRERO_26LED_DUAL.list
 

13:09:46 Build Finished. 0 errors, 0 warnings. (took 5s.990ms)

