../Display/display.c:46:13:LCD_SetCS	0	static
../Display/display.c:51:13:LCD_ResCS	0	static
../Display/display.c:56:13:LCD_SetDC	0	static
../Display/display.c:61:13:LCD_ResDC	0	static
../Display/display.c:85:6:LCD_HardWareReset	8	static
../Display/display.c:96:6:LCD_String_Interpretator	24	static,ignoring_inline_asm
../Display/display.c:147:14:LCD_DisplayAdd	48	static,ignoring_inline_asm
../Display/display.c:268:6:LCD_Delete	0	static
../Display/display.c:284:6:LCD_Init	8	static
../Display/display.c:292:16:LCD_GetBackLight	0	static
../Display/display.c:298:17:LCD_GetWidth	0	static
../Display/display.c:304:17:LCD_GetHeight	0	static
../Display/display.c:311:18:LCD_GetState	0	static
../Display/display.c:320:6:LCD_SetBackLight	4	static
../Display/display.c:367:6:LCD_SleepIn	8	static
../Display/display.c:399:6:LCD_SleepOut	8	static
../Display/display.c:778:6:LCD_Fill	16	static
../Display/display.c:784:6:LCD_DrawPixel	32	static
../Display/display.c:796:6:LCD_DrawLine	64	static
../Display/display.c:859:6:LCD_DrawRectangle	40	static
../Display/display.c:868:6:LCD_DrawFilledRectangle	8	static
../Display/display.c:881:6:LCD_DrawTriangle	48	static
../Display/display.c:929:6:LCD_DrawFilledTriangle	120	static
../Display/display.c:980:6:LCD_DrawCircle	96	static
../Display/display.c:1016:6:LCD_DrawFilledCircle	64	static
../Display/display.c:1062:6:LCD_ReadImage	64	static,ignoring_inline_asm
../Display/display.c:1190:6:LCD_WriteChar	80	static,ignoring_inline_asm
../Display/display.c:1266:6:LCD_WriteString	56	static
../Display/display.c:1284:17:LCD_Color	4	static
../Display/display.c:1293:17:LCD_Color_24b_to_16b	0	static
