../Drivers/STM32F4xx_HAL_Driver/Src/stm32f4xx_hal_flash.c:712:13:FLASH_SetErrorCode	0	static
../Drivers/STM32F4xx_HAL_Driver/Src/stm32f4xx_hal_flash.c:161:19:HAL_FLASH_Program	40	static,ignoring_inline_asm
../Drivers/STM32F4xx_HAL_Driver/Src/stm32f4xx_hal_flash.c:219:19:HAL_FLASH_Program_IT	8	static,ignoring_inline_asm
../Drivers/STM32F4xx_HAL_Driver/Src/stm32f4xx_hal_flash.c:383:13:HAL_FLASH_EndOfOperationCallback	0	static
../Drivers/STM32F4xx_HAL_Driver/Src/stm32f4xx_hal_flash.c:400:13:HAL_FLASH_OperationErrorCallback	0	static
../Drivers/STM32F4xx_HAL_Driver/Src/stm32f4xx_hal_flash.c:263:6:HAL_FLASH_IRQHandler	16	static
../Drivers/STM32F4xx_HAL_Driver/Src/stm32f4xx_hal_flash.c:432:19:HAL_FLASH_Unlock	0	static
../Drivers/STM32F4xx_HAL_Driver/Src/stm32f4xx_hal_flash.c:456:19:HAL_FLASH_Lock	0	static
../Drivers/STM32F4xx_HAL_Driver/Src/stm32f4xx_hal_flash.c:468:19:HAL_FLASH_OB_Unlock	0	static
../Drivers/STM32F4xx_HAL_Driver/Src/stm32f4xx_hal_flash.c:488:19:HAL_FLASH_OB_Lock	0	static
../Drivers/STM32F4xx_HAL_Driver/Src/stm32f4xx_hal_flash.c:500:19:HAL_FLASH_OB_Launch	16	static
../Drivers/STM32F4xx_HAL_Driver/Src/stm32f4xx_hal_flash.c:537:10:HAL_FLASH_GetError	0	static
../Drivers/STM32F4xx_HAL_Driver/Src/stm32f4xx_hal_flash.c:551:19:FLASH_WaitForLastOperation	16	static
