../Drivers/STM32F4xx_HAL_Driver/Src/stm32f4xx_hal_uart.c:715:13:HAL_UART_MspInit	0	static
../Drivers/STM32F4xx_HAL_Driver/Src/stm32f4xx_hal_uart.c:357:19:HAL_UART_Init	16	static
../Drivers/STM32F4xx_HAL_Driver/Src/stm32f4xx_hal_uart.c:435:19:HAL_HalfDuplex_Init	16	static
../Drivers/STM32F4xx_HAL_Driver/Src/stm32f4xx_hal_uart.c:509:19:HAL_LIN_Init	16	static
../Drivers/STM32F4xx_HAL_Driver/Src/stm32f4xx_hal_uart.c:591:19:HAL_MultiProcessor_Init	24	static
../Drivers/STM32F4xx_HAL_Driver/Src/stm32f4xx_hal_uart.c:730:13:HAL_UART_MspDeInit	0	static
../Drivers/STM32F4xx_HAL_Driver/Src/stm32f4xx_hal_uart.c:669:19:HAL_UART_DeInit	8	static
../Drivers/STM32F4xx_HAL_Driver/Src/stm32f4xx_hal_uart.c:1135:19:HAL_UART_Transmit	32	static
../Drivers/STM32F4xx_HAL_Driver/Src/stm32f4xx_hal_uart.c:1221:19:HAL_UART_Receive	40	static,ignoring_inline_asm
../Drivers/STM32F4xx_HAL_Driver/Src/stm32f4xx_hal_uart.c:1308:19:HAL_UART_Transmit_IT	4	static
../Drivers/STM32F4xx_HAL_Driver/Src/stm32f4xx_hal_uart.c:1347:19:HAL_UART_Receive_IT	4	static
../Drivers/STM32F4xx_HAL_Driver/Src/stm32f4xx_hal_uart.c:1379:19:HAL_UART_Transmit_DMA	24	static,ignoring_inline_asm
../Drivers/STM32F4xx_HAL_Driver/Src/stm32f4xx_hal_uart.c:1476:19:HAL_UART_DMAPause	0	static,ignoring_inline_asm
../Drivers/STM32F4xx_HAL_Driver/Src/stm32f4xx_hal_uart.c:1507:19:HAL_UART_DMAResume	8	static,ignoring_inline_asm
../Drivers/STM32F4xx_HAL_Driver/Src/stm32f4xx_hal_uart.c:1541:19:HAL_UART_DMAStop	8	static,ignoring_inline_asm
../Drivers/STM32F4xx_HAL_Driver/Src/stm32f4xx_hal_uart.c:1596:19:HAL_UARTEx_ReceiveToIdle	40	static
../Drivers/STM32F4xx_HAL_Driver/Src/stm32f4xx_hal_uart.c:1721:19:HAL_UARTEx_ReceiveToIdle_IT	16	static,ignoring_inline_asm
../Drivers/STM32F4xx_HAL_Driver/Src/stm32f4xx_hal_uart.c:1846:29:HAL_UARTEx_GetRxEventType	0	static
../Drivers/STM32F4xx_HAL_Driver/Src/stm32f4xx_hal_uart.c:1864:19:HAL_UART_Abort	8	static,ignoring_inline_asm
../Drivers/STM32F4xx_HAL_Driver/Src/stm32f4xx_hal_uart.c:1953:19:HAL_UART_AbortTransmit	8	static,ignoring_inline_asm
../Drivers/STM32F4xx_HAL_Driver/Src/stm32f4xx_hal_uart.c:2004:19:HAL_UART_AbortReceive	8	static,ignoring_inline_asm
../Drivers/STM32F4xx_HAL_Driver/Src/stm32f4xx_hal_uart.c:2619:13:HAL_UART_TxCpltCallback	0	static
../Drivers/STM32F4xx_HAL_Driver/Src/stm32f4xx_hal_uart.c:3015:13:UART_DMATransmitCplt	8	static,ignoring_inline_asm
../Drivers/STM32F4xx_HAL_Driver/Src/stm32f4xx_hal_uart.c:2634:13:HAL_UART_TxHalfCpltCallback	0	static
../Drivers/STM32F4xx_HAL_Driver/Src/stm32f4xx_hal_uart.c:3050:13:UART_DMATxHalfCplt	8	static
../Drivers/STM32F4xx_HAL_Driver/Src/stm32f4xx_hal_uart.c:2649:13:HAL_UART_RxCpltCallback	0	static
../Drivers/STM32F4xx_HAL_Driver/Src/stm32f4xx_hal_uart.c:2664:13:HAL_UART_RxHalfCpltCallback	0	static
../Drivers/STM32F4xx_HAL_Driver/Src/stm32f4xx_hal_uart.c:2679:13:HAL_UART_ErrorCallback	0	static
../Drivers/STM32F4xx_HAL_Driver/Src/stm32f4xx_hal_uart.c:3170:13:UART_DMAError	8	static,ignoring_inline_asm
../Drivers/STM32F4xx_HAL_Driver/Src/stm32f4xx_hal_uart.c:3394:13:UART_DMAAbortOnError	8	static
../Drivers/STM32F4xx_HAL_Driver/Src/stm32f4xx_hal_uart.c:2693:13:HAL_UART_AbortCpltCallback	0	static
../Drivers/STM32F4xx_HAL_Driver/Src/stm32f4xx_hal_uart.c:2065:19:HAL_UART_Abort_IT	16	static,ignoring_inline_asm
../Drivers/STM32F4xx_HAL_Driver/Src/stm32f4xx_hal_uart.c:3463:13:UART_DMARxAbortCallback	8	static
../Drivers/STM32F4xx_HAL_Driver/Src/stm32f4xx_hal_uart.c:3417:13:UART_DMATxAbortCallback	8	static
../Drivers/STM32F4xx_HAL_Driver/Src/stm32f4xx_hal_uart.c:2708:13:HAL_UART_AbortTransmitCpltCallback	0	static
../Drivers/STM32F4xx_HAL_Driver/Src/stm32f4xx_hal_uart.c:2200:19:HAL_UART_AbortTransmit_IT	8	static,ignoring_inline_asm
../Drivers/STM32F4xx_HAL_Driver/Src/stm32f4xx_hal_uart.c:3509:13:UART_DMATxOnlyAbortCallback	8	static
../Drivers/STM32F4xx_HAL_Driver/Src/stm32f4xx_hal_uart.c:2723:13:HAL_UART_AbortReceiveCpltCallback	0	static
../Drivers/STM32F4xx_HAL_Driver/Src/stm32f4xx_hal_uart.c:2277:19:HAL_UART_AbortReceive_IT	8	static,ignoring_inline_asm
../Drivers/STM32F4xx_HAL_Driver/Src/stm32f4xx_hal_uart.c:3537:13:UART_DMARxOnlyAbortCallback	8	static
../Drivers/STM32F4xx_HAL_Driver/Src/stm32f4xx_hal_uart.c:2740:13:HAL_UARTEx_RxEventCallback	0	static
../Drivers/STM32F4xx_HAL_Driver/Src/stm32f4xx_hal_uart.c:3131:13:UART_DMARxHalfCplt	8	static
../Drivers/STM32F4xx_HAL_Driver/Src/stm32f4xx_hal_uart.c:3069:13:UART_DMAReceiveCplt	8	static,ignoring_inline_asm
../Drivers/STM32F4xx_HAL_Driver/Src/stm32f4xx_hal_uart.c:3628:26:UART_Receive_IT.part.0.isra	16	static,ignoring_inline_asm
../Drivers/STM32F4xx_HAL_Driver/Src/stm32f4xx_hal_uart.c:2355:6:HAL_UART_IRQHandler	24	static,ignoring_inline_asm
../Drivers/STM32F4xx_HAL_Driver/Src/stm32f4xx_hal_uart.c:2780:19:HAL_LIN_SendBreak	0	static,ignoring_inline_asm
../Drivers/STM32F4xx_HAL_Driver/Src/stm32f4xx_hal_uart.c:2807:19:HAL_MultiProcessor_EnterMuteMode	0	static,ignoring_inline_asm
../Drivers/STM32F4xx_HAL_Driver/Src/stm32f4xx_hal_uart.c:2835:19:HAL_MultiProcessor_ExitMuteMode	0	static,ignoring_inline_asm
../Drivers/STM32F4xx_HAL_Driver/Src/stm32f4xx_hal_uart.c:2863:19:HAL_HalfDuplex_EnableTransmitter	0	static
../Drivers/STM32F4xx_HAL_Driver/Src/stm32f4xx_hal_uart.c:2898:19:HAL_HalfDuplex_EnableReceiver	0	static
../Drivers/STM32F4xx_HAL_Driver/Src/stm32f4xx_hal_uart.c:2955:23:HAL_UART_GetState	0	static
../Drivers/STM32F4xx_HAL_Driver/Src/stm32f4xx_hal_uart.c:2970:10:HAL_UART_GetError	0	static
../Drivers/STM32F4xx_HAL_Driver/Src/stm32f4xx_hal_uart.c:3263:19:UART_Start_Receive_IT	8	static
../Drivers/STM32F4xx_HAL_Driver/Src/stm32f4xx_hal_uart.c:3298:19:UART_Start_Receive_DMA	24	static,ignoring_inline_asm
../Drivers/STM32F4xx_HAL_Driver/Src/stm32f4xx_hal_uart.c:1449:19:HAL_UART_Receive_DMA	8	static
../Drivers/STM32F4xx_HAL_Driver/Src/stm32f4xx_hal_uart.c:1781:19:HAL_UARTEx_ReceiveToIdle_DMA	24	static,ignoring_inline_asm
