../Core/Src/main.c:102:5:main	8	static
../Core/Src/main.c:283:6:SystemClock_Config	88	static
../Core/Src/main.c:331:13:MX_ADC1_Init	24	static
../Core/Src/main.c:383:13:MX_I2C1_Init	8	static
../Core/Src/main.c:417:13:MX_TIM6_Init	16	static
../Core/Src/main.c:455:13:MX_GPIO_Init	40	static
../Core/Src/main.c:499:6:HAL_TIM_PeriodElapsedCallback	16	static
../Core/Src/main.c:506:6:medirCorriente	8	static
../Core/Src/main.c:516:6:medirPotencia	8	static
../Core/Src/main.c:526:6:medirVoltBateria	8	static
../Core/Src/main.c:537:6:Error_Handler	4	static,ignoring_inline_asm
