17:33:52 **** Incremental Build of configuration Debug for project PCM5102_I2S_DMA ****
make -j4 all 
arm-none-eabi-size  PCM5102_I2S_DMA.elf 
   text	   data	    bss	    dec	    hex	filename
   6652	      4	   1564	   8220	   201c	PCM5102_I2S_DMA.elf
Finished building: default.size.stdout
 
17:34:07 **** Incremental Build of configuration Debug for project PCM5102_I2S_DMA ****
make -j4 all 
arm-none-eabi-size  PCM5102_I2S_DMA.elf 
   text	   data	    bss	    dec	    hex	filename
   6652	      4	   1564	   8220	   201c	PCM5102_I2S_DMA.elf
Finished building: default.size.stdout
 
17:34:38 **** Incremental Build of configuration Debug for project PCM5102_I2S_DMA ****
make -j4 all 
arm-none-eabi-gcc "../Core/Src/main.c" -mcpu=cortex-m4 -std=gnu11 -g3 -DDEBUG -DSTM32F446xx -DUSE_FULL_LL_DRIVER -DHSE_VALUE=20000000 -DHSE_STARTUP_TIMEOUT=100 -DLSE_STARTUP_TIMEOUT=5000 -DLSE_VALUE=32768 -DEXTERNAL_CLOCK_VALUE=12288000 -DHSI_VALUE=16000000 -DLSI_VALUE=32000 -DVDD_VALUE=3300 -DPREFETCH_ENABLE=1 -DINSTRUCTION_CACHE_ENABLE=1 -DDATA_CACHE_ENABLE=1 -c -I../Core/Inc -I../Drivers/STM32F4xx_HAL_Driver/Inc -I../Drivers/CMSIS/Device/ST/STM32F4xx/Include -I../Drivers/CMSIS/Include -O0 -ffunction-sections -fdata-sections -Wall -fstack-usage -fcyclomatic-complexity -MMD -MP -MF"Core/Src/main.d" -MT"Core/Src/main.o" --specs=nano.specs -mfpu=fpv4-sp-d16 -mfloat-abi=hard -mthumb -o "Core/Src/main.o"
arm-none-eabi-gcc -o "PCM5102_I2S_DMA.elf" @"objects.list"   -mcpu=cortex-m4 -T"E:\GIOVANNY_TODO\SKETCHS\STM32\STM32F446RET\LIBRERIA SIN HAL\PCM5102_I2S_DMA\STM32F446RETX_FLASH.ld" --specs=nosys.specs -Wl,-Map="PCM5102_I2S_DMA.map" -Wl,--gc-sections -static --specs=nano.specs -mfpu=fpv4-sp-d16 -mfloat-abi=hard -mthumb -Wl,--start-group -lc -lm -Wl,--end-group
Finished building target: PCM5102_I2S_DMA.elf
 
arm-none-eabi-size  PCM5102_I2S_DMA.elf 
arm-none-eabi-objdump -h -S PCM5102_I2S_DMA.elf  > "PCM5102_I2S_DMA.list"
   text	   data	    bss	    dec	    hex	filename
   6652	      4	   1564	   8220	   201c	PCM5102_I2S_DMA.elf
Finished building: default.size.stdout
 
Finished building: PCM5102_I2S_DMA.list
 
