../ST7789/st7789.c:20:13:ST7789_WriteCommand	16	static
../ST7789/st7789.c:66:13:ST7789_WriteSmallData	16	static
../ST7789/st7789.c:34:13:ST7789_WriteData	32	static
../ST7789/st7789.c:105:13:ST7789_SetAddressWindow	32	static
../ST7789/st7789.c:411:6:ST7789_DrawImage.part.0	32	static
../ST7789/st7789.c:79:6:ST7789_SetRotation	8	static
../ST7789/st7789.c:201:6:ST7789_Fill_Color	16	static
../ST7789/st7789.c:134:6:ST7789_Init	32	static
../ST7789/st7789.c:233:6:ST7789_DrawPixel	24	static
../ST7789/st7789.c:252:6:ST7789_Fill	40	static
../ST7789/st7789.c:273:6:ST7789_DrawPixel_4px	32	static
../ST7789/st7789.c:289:6:ST7789_DrawLine	48	static
../ST7789/st7789.c:350:6:ST7789_DrawRectangle	40	static
../ST7789/st7789.c:367:6:ST7789_DrawCircle	56	static
../ST7789/st7789.c:411:6:ST7789_DrawImage	16	static
../ST7789/st7789.c:431:6:ST7789_InvertColors	8	static
../ST7789/st7789.c:447:6:ST7789_WriteChar	48	static
../ST7789/st7789.c:478:6:ST7789_WriteString	48	static
../ST7789/st7789.c:509:6:ST7789_DrawFilledRectangle	40	static
../ST7789/st7789.c:543:6:ST7789_DrawTriangle	48	static
../ST7789/st7789.c:559:6:ST7789_DrawFilledTriangle	80	static
../ST7789/st7789.c:628:6:ST7789_DrawFilledCircle	64	static
../ST7789/st7789.c:668:6:ST7789_TearEffect	8	static
../ST7789/st7789.c:681:6:ST7789_Test	48	static
