11:09:25 **** Incremental Build of configuration Debug for project PWM_LASER_RED ****
make -j4 all 
arm-none-eabi-gcc "../Core/Src/main.c" -mcpu=cortex-m4 -std=gnu11 -g3 -DDEBUG -DUSE_HAL_DRIVER -DSTM32F446xx -c -I../Core/Inc -I../Drivers/STM32F4xx_HAL_Driver/Inc -I../Drivers/STM32F4xx_HAL_Driver/Inc/Legacy -I../Drivers/CMSIS/Device/ST/STM32F4xx/Include -I../Drivers/CMSIS/Include -O0 -ffunction-sections -fdata-sections -Wall -fstack-usage -fcyclomatic-complexity -MMD -MP -MF"Core/Src/main.d" -MT"Core/Src/main.o" --specs=nano.specs -mfpu=fpv4-sp-d16 -mfloat-abi=hard -mthumb -o "Core/Src/main.o"
arm-none-eabi-gcc -o "PWM_LASER_RED.elf" @"objects.list"   -mcpu=cortex-m4 -T"E:\GIOVANNY_TODO\SKETCHS\STM32\STM32F446RET\MIS PROYECTOS\PWM_LASER_RED\STM32F446RETX_FLASH.ld" --specs=nosys.specs -Wl,-Map="PWM_LASER_RED.map" -Wl,--gc-sections -static --specs=nano.specs -mfpu=fpv4-sp-d16 -mfloat-abi=hard -mthumb -Wl,--start-group -lc -lm -Wl,--end-group
Finished building target: PWM_LASER_RED.elf
 
arm-none-eabi-size  PWM_LASER_RED.elf 
arm-none-eabi-objdump -h -S PWM_LASER_RED.elf  > "PWM_LASER_RED.list"
   text	   data	    bss	    dec	    hex	filename
   9456	     12	   1644	  11112	   2b68	PWM_LASER_RED.elf
Finished building: default.size.stdout
 
Finished building: PWM_LASER_RED.list
 
11:09:31 **** Incremental Build of configuration Debug for project PWM_LASER_RED ****
make -j4 all 
arm-none-eabi-size  PWM_LASER_RED.elf 
   text	   data	    bss	    dec	    hex	filename
   9456	     12	   1644	  11112	   2b68	PWM_LASER_RED.elf
Finished building: default.size.stdout
 
11:10:38 **** Incremental Build of configuration Debug for project PWM_LASER_RED ****
make -j4 all 
arm-none-eabi-gcc "../Core/Src/main.c" -mcpu=cortex-m4 -std=gnu11 -g3 -DDEBUG -DUSE_HAL_DRIVER -DSTM32F446xx -c -I../Core/Inc -I../Drivers/STM32F4xx_HAL_Driver/Inc -I../Drivers/STM32F4xx_HAL_Driver/Inc/Legacy -I../Drivers/CMSIS/Device/ST/STM32F4xx/Include -I../Drivers/CMSIS/Include -O0 -ffunction-sections -fdata-sections -Wall -fstack-usage -fcyclomatic-complexity -MMD -MP -MF"Core/Src/main.d" -MT"Core/Src/main.o" --specs=nano.specs -mfpu=fpv4-sp-d16 -mfloat-abi=hard -mthumb -o "Core/Src/main.o"
arm-none-eabi-gcc -o "PWM_LASER_RED.elf" @"objects.list"   -mcpu=cortex-m4 -T"E:\GIOVANNY_TODO\SKETCHS\STM32\STM32F446RET\MIS PROYECTOS\PWM_LASER_RED\STM32F446RETX_FLASH.ld" --specs=nosys.specs -Wl,-Map="PWM_LASER_RED.map" -Wl,--gc-sections -static --specs=nano.specs -mfpu=fpv4-sp-d16 -mfloat-abi=hard -mthumb -Wl,--start-group -lc -lm -Wl,--end-group
Finished building target: PWM_LASER_RED.elf
 
arm-none-eabi-size  PWM_LASER_RED.elf 
arm-none-eabi-objdump -h -S PWM_LASER_RED.elf  > "PWM_LASER_RED.list"
   text	   data	    bss	    dec	    hex	filename
   9456	     12	   1644	  11112	   2b68	PWM_LASER_RED.elf
Finished building: default.size.stdout
 
Finished building: PWM_LASER_RED.list
 
11:12:24 **** Incremental Build of configuration Debug for project PWM_LASER_RED ****
make -j4 all 
arm-none-eabi-gcc "../Core/Src/main.c" -mcpu=cortex-m4 -std=gnu11 -g3 -DDEBUG -DUSE_HAL_DRIVER -DSTM32F446xx -c -I../Core/Inc -I../Drivers/STM32F4xx_HAL_Driver/Inc -I../Drivers/STM32F4xx_HAL_Driver/Inc/Legacy -I../Drivers/CMSIS/Device/ST/STM32F4xx/Include -I../Drivers/CMSIS/Include -O0 -ffunction-sections -fdata-sections -Wall -fstack-usage -fcyclomatic-complexity -MMD -MP -MF"Core/Src/main.d" -MT"Core/Src/main.o" --specs=nano.specs -mfpu=fpv4-sp-d16 -mfloat-abi=hard -mthumb -o "Core/Src/main.o"
arm-none-eabi-gcc -o "PWM_LASER_RED.elf" @"objects.list"   -mcpu=cortex-m4 -T"E:\GIOVANNY_TODO\SKETCHS\STM32\STM32F446RET\MIS PROYECTOS\PWM_LASER_RED\STM32F446RETX_FLASH.ld" --specs=nosys.specs -Wl,-Map="PWM_LASER_RED.map" -Wl,--gc-sections -static --specs=nano.specs -mfpu=fpv4-sp-d16 -mfloat-abi=hard -mthumb -Wl,--start-group -lc -lm -Wl,--end-group
Finished building target: PWM_LASER_RED.elf
 
arm-none-eabi-size  PWM_LASER_RED.elf 
arm-none-eabi-objdump -h -S PWM_LASER_RED.elf  > "PWM_LASER_RED.list"
   text	   data	    bss	    dec	    hex	filename
   9456	     12	   1644	  11112	   2b68	PWM_LASER_RED.elf
Finished building: default.size.stdout
 
Finished building: PWM_LASER_RED.list
 
11:14:59 **** Incremental Build of configuration Debug for project PWM_LASER_RED ****
make -j4 all 
arm-none-eabi-gcc "../Core/Src/main.c" -mcpu=cortex-m4 -std=gnu11 -g3 -DDEBUG -DUSE_HAL_DRIVER -DSTM32F446xx -c -I../Core/Inc -I../Drivers/STM32F4xx_HAL_Driver/Inc -I../Drivers/STM32F4xx_HAL_Driver/Inc/Legacy -I../Drivers/CMSIS/Device/ST/STM32F4xx/Include -I../Drivers/CMSIS/Include -O0 -ffunction-sections -fdata-sections -Wall -fstack-usage -fcyclomatic-complexity -MMD -MP -MF"Core/Src/main.d" -MT"Core/Src/main.o" --specs=nano.specs -mfpu=fpv4-sp-d16 -mfloat-abi=hard -mthumb -o "Core/Src/main.o"
arm-none-eabi-gcc -o "PWM_LASER_RED.elf" @"objects.list"   -mcpu=cortex-m4 -T"E:\GIOVANNY_TODO\SKETCHS\STM32\STM32F446RET\MIS PROYECTOS\PWM_LASER_RED\STM32F446RETX_FLASH.ld" --specs=nosys.specs -Wl,-Map="PWM_LASER_RED.map" -Wl,--gc-sections -static --specs=nano.specs -mfpu=fpv4-sp-d16 -mfloat-abi=hard -mthumb -Wl,--start-group -lc -lm -Wl,--end-group
Finished building target: PWM_LASER_RED.elf
 
arm-none-eabi-size  PWM_LASER_RED.elf 
arm-none-eabi-objdump -h -S PWM_LASER_RED.elf  > "PWM_LASER_RED.list"
   text	   data	    bss	    dec	    hex	filename
   9456	     12	   1644	  11112	   2b68	PWM_LASER_RED.elf
Finished building: default.size.stdout
 
Finished building: PWM_LASER_RED.list
 
11:15:26 **** Incremental Build of configuration Debug for project PWM_LASER_RED ****
make -j4 all 
arm-none-eabi-gcc "../Core/Src/main.c" -mcpu=cortex-m4 -std=gnu11 -g3 -DDEBUG -DUSE_HAL_DRIVER -DSTM32F446xx -c -I../Core/Inc -I../Drivers/STM32F4xx_HAL_Driver/Inc -I../Drivers/STM32F4xx_HAL_Driver/Inc/Legacy -I../Drivers/CMSIS/Device/ST/STM32F4xx/Include -I../Drivers/CMSIS/Include -O0 -ffunction-sections -fdata-sections -Wall -fstack-usage -fcyclomatic-complexity -MMD -MP -MF"Core/Src/main.d" -MT"Core/Src/main.o" --specs=nano.specs -mfpu=fpv4-sp-d16 -mfloat-abi=hard -mthumb -o "Core/Src/main.o"
arm-none-eabi-gcc -o "PWM_LASER_RED.elf" @"objects.list"   -mcpu=cortex-m4 -T"E:\GIOVANNY_TODO\SKETCHS\STM32\STM32F446RET\MIS PROYECTOS\PWM_LASER_RED\STM32F446RETX_FLASH.ld" --specs=nosys.specs -Wl,-Map="PWM_LASER_RED.map" -Wl,--gc-sections -static --specs=nano.specs -mfpu=fpv4-sp-d16 -mfloat-abi=hard -mthumb -Wl,--start-group -lc -lm -Wl,--end-group
Finished building target: PWM_LASER_RED.elf
 
arm-none-eabi-size  PWM_LASER_RED.elf 
arm-none-eabi-objdump -h -S PWM_LASER_RED.elf  > "PWM_LASER_RED.list"
   text	   data	    bss	    dec	    hex	filename
   9456	     12	   1644	  11112	   2b68	PWM_LASER_RED.elf
Finished building: default.size.stdout
 
Finished building: PWM_LASER_RED.list
 
11:16:19 **** Incremental Build of configuration Debug for project PWM_LASER_RED ****
make -j4 all 
arm-none-eabi-gcc "../Core/Src/main.c" -mcpu=cortex-m4 -std=gnu11 -g3 -DDEBUG -DUSE_HAL_DRIVER -DSTM32F446xx -c -I../Core/Inc -I../Drivers/STM32F4xx_HAL_Driver/Inc -I../Drivers/STM32F4xx_HAL_Driver/Inc/Legacy -I../Drivers/CMSIS/Device/ST/STM32F4xx/Include -I../Drivers/CMSIS/Include -O0 -ffunction-sections -fdata-sections -Wall -fstack-usage -fcyclomatic-complexity -MMD -MP -MF"Core/Src/main.d" -MT"Core/Src/main.o" --specs=nano.specs -mfpu=fpv4-sp-d16 -mfloat-abi=hard -mthumb -o "Core/Src/main.o"
arm-none-eabi-gcc -o "PWM_LASER_RED.elf" @"objects.list"   -mcpu=cortex-m4 -T"E:\GIOVANNY_TODO\SKETCHS\STM32\STM32F446RET\MIS PROYECTOS\PWM_LASER_RED\STM32F446RETX_FLASH.ld" --specs=nosys.specs -Wl,-Map="PWM_LASER_RED.map" -Wl,--gc-sections -static --specs=nano.specs -mfpu=fpv4-sp-d16 -mfloat-abi=hard -mthumb -Wl,--start-group -lc -lm -Wl,--end-group
Finished building target: PWM_LASER_RED.elf
 
arm-none-eabi-size  PWM_LASER_RED.elf 
arm-none-eabi-objdump -h -S PWM_LASER_RED.elf  > "PWM_LASER_RED.list"
   text	   data	    bss	    dec	    hex	filename
   9456	     12	   1644	  11112	   2b68	PWM_LASER_RED.elf
Finished building: default.size.stdout
 
Finished building: PWM_LASER_RED.list
 
11:16:39 **** Incremental Build of configuration Debug for project PWM_LASER_RED ****
make -j4 all 
arm-none-eabi-gcc "../Core/Src/main.c" -mcpu=cortex-m4 -std=gnu11 -g3 -DDEBUG -DUSE_HAL_DRIVER -DSTM32F446xx -c -I../Core/Inc -I../Drivers/STM32F4xx_HAL_Driver/Inc -I../Drivers/STM32F4xx_HAL_Driver/Inc/Legacy -I../Drivers/CMSIS/Device/ST/STM32F4xx/Include -I../Drivers/CMSIS/Include -O0 -ffunction-sections -fdata-sections -Wall -fstack-usage -fcyclomatic-complexity -MMD -MP -MF"Core/Src/main.d" -MT"Core/Src/main.o" --specs=nano.specs -mfpu=fpv4-sp-d16 -mfloat-abi=hard -mthumb -o "Core/Src/main.o"
arm-none-eabi-gcc -o "PWM_LASER_RED.elf" @"objects.list"   -mcpu=cortex-m4 -T"E:\GIOVANNY_TODO\SKETCHS\STM32\STM32F446RET\MIS PROYECTOS\PWM_LASER_RED\STM32F446RETX_FLASH.ld" --specs=nosys.specs -Wl,-Map="PWM_LASER_RED.map" -Wl,--gc-sections -static --specs=nano.specs -mfpu=fpv4-sp-d16 -mfloat-abi=hard -mthumb -Wl,--start-group -lc -lm -Wl,--end-group
Finished building target: PWM_LASER_RED.elf
 
arm-none-eabi-size  PWM_LASER_RED.elf 
arm-none-eabi-objdump -h -S PWM_LASER_RED.elf  > "PWM_LASER_RED.list"
   text	   data	    bss	    dec	    hex	filename
   9456	     12	   1644	  11112	   2b68	PWM_LASER_RED.elf
Finished building: default.size.stdout
 
Finished building: PWM_LASER_RED.list
 
11:17:41 **** Incremental Build of configuration Debug for project PWM_LASER_RED ****
make -j4 all 
arm-none-eabi-gcc "../Core/Src/main.c" -mcpu=cortex-m4 -std=gnu11 -g3 -DDEBUG -DUSE_HAL_DRIVER -DSTM32F446xx -c -I../Core/Inc -I../Drivers/STM32F4xx_HAL_Driver/Inc -I../Drivers/STM32F4xx_HAL_Driver/Inc/Legacy -I../Drivers/CMSIS/Device/ST/STM32F4xx/Include -I../Drivers/CMSIS/Include -O0 -ffunction-sections -fdata-sections -Wall -fstack-usage -fcyclomatic-complexity -MMD -MP -MF"Core/Src/main.d" -MT"Core/Src/main.o" --specs=nano.specs -mfpu=fpv4-sp-d16 -mfloat-abi=hard -mthumb -o "Core/Src/main.o"
arm-none-eabi-gcc -o "PWM_LASER_RED.elf" @"objects.list"   -mcpu=cortex-m4 -T"E:\GIOVANNY_TODO\SKETCHS\STM32\STM32F446RET\MIS PROYECTOS\PWM_LASER_RED\STM32F446RETX_FLASH.ld" --specs=nosys.specs -Wl,-Map="PWM_LASER_RED.map" -Wl,--gc-sections -static --specs=nano.specs -mfpu=fpv4-sp-d16 -mfloat-abi=hard -mthumb -Wl,--start-group -lc -lm -Wl,--end-group
Finished building target: PWM_LASER_RED.elf
 
arm-none-eabi-size  PWM_LASER_RED.elf 
arm-none-eabi-objdump -h -S PWM_LASER_RED.elf  > "PWM_LASER_RED.list"
   text	   data	    bss	    dec	    hex	filename
   9456	     12	   1644	  11112	   2b68	PWM_LASER_RED.elf
Finished building: default.size.stdout
 
Finished building: PWM_LASER_RED.list
 
11:18:03 **** Incremental Build of configuration Debug for project PWM_LASER_RED ****
make -j4 all 
arm-none-eabi-gcc "../Core/Src/main.c" -mcpu=cortex-m4 -std=gnu11 -g3 -DDEBUG -DUSE_HAL_DRIVER -DSTM32F446xx -c -I../Core/Inc -I../Drivers/STM32F4xx_HAL_Driver/Inc -I../Drivers/STM32F4xx_HAL_Driver/Inc/Legacy -I../Drivers/CMSIS/Device/ST/STM32F4xx/Include -I../Drivers/CMSIS/Include -O0 -ffunction-sections -fdata-sections -Wall -fstack-usage -fcyclomatic-complexity -MMD -MP -MF"Core/Src/main.d" -MT"Core/Src/main.o" --specs=nano.specs -mfpu=fpv4-sp-d16 -mfloat-abi=hard -mthumb -o "Core/Src/main.o"
arm-none-eabi-gcc -o "PWM_LASER_RED.elf" @"objects.list"   -mcpu=cortex-m4 -T"E:\GIOVANNY_TODO\SKETCHS\STM32\STM32F446RET\MIS PROYECTOS\PWM_LASER_RED\STM32F446RETX_FLASH.ld" --specs=nosys.specs -Wl,-Map="PWM_LASER_RED.map" -Wl,--gc-sections -static --specs=nano.specs -mfpu=fpv4-sp-d16 -mfloat-abi=hard -mthumb -Wl,--start-group -lc -lm -Wl,--end-group
Finished building target: PWM_LASER_RED.elf
 
arm-none-eabi-size  PWM_LASER_RED.elf 
arm-none-eabi-objdump -h -S PWM_LASER_RED.elf  > "PWM_LASER_RED.list"
   text	   data	    bss	    dec	    hex	filename
   9456	     12	   1644	  11112	   2b68	PWM_LASER_RED.elf
Finished building: default.size.stdout
 
Finished building: PWM_LASER_RED.list
 
11:18:27 **** Incremental Build of configuration Debug for project PWM_LASER_RED ****
make -j4 all 
arm-none-eabi-gcc "../Core/Src/main.c" -mcpu=cortex-m4 -std=gnu11 -g3 -DDEBUG -DUSE_HAL_DRIVER -DSTM32F446xx -c -I../Core/Inc -I../Drivers/STM32F4xx_HAL_Driver/Inc -I../Drivers/STM32F4xx_HAL_Driver/Inc/Legacy -I../Drivers/CMSIS/Device/ST/STM32F4xx/Include -I../Drivers/CMSIS/Include -O0 -ffunction-sections -fdata-sections -Wall -fstack-usage -fcyclomatic-complexity -MMD -MP -MF"Core/Src/main.d" -MT"Core/Src/main.o" --specs=nano.specs -mfpu=fpv4-sp-d16 -mfloat-abi=hard -mthumb -o "Core/Src/main.o"
arm-none-eabi-gcc -o "PWM_LASER_RED.elf" @"objects.list"   -mcpu=cortex-m4 -T"E:\GIOVANNY_TODO\SKETCHS\STM32\STM32F446RET\MIS PROYECTOS\PWM_LASER_RED\STM32F446RETX_FLASH.ld" --specs=nosys.specs -Wl,-Map="PWM_LASER_RED.map" -Wl,--gc-sections -static --specs=nano.specs -mfpu=fpv4-sp-d16 -mfloat-abi=hard -mthumb -Wl,--start-group -lc -lm -Wl,--end-group
Finished building target: PWM_LASER_RED.elf
 
arm-none-eabi-size  PWM_LASER_RED.elf 
arm-none-eabi-objdump -h -S PWM_LASER_RED.elf  > "PWM_LASER_RED.list"
   text	   data	    bss	    dec	    hex	filename
   9456	     12	   1644	  11112	   2b68	PWM_LASER_RED.elf
Finished building: default.size.stdout
 
Finished building: PWM_LASER_RED.list
 
11:19:09 **** Incremental Build of configuration Debug for project PWM_LASER_RED ****
make -j4 all 
arm-none-eabi-gcc "../Core/Src/main.c" -mcpu=cortex-m4 -std=gnu11 -g3 -DDEBUG -DUSE_HAL_DRIVER -DSTM32F446xx -c -I../Core/Inc -I../Drivers/STM32F4xx_HAL_Driver/Inc -I../Drivers/STM32F4xx_HAL_Driver/Inc/Legacy -I../Drivers/CMSIS/Device/ST/STM32F4xx/Include -I../Drivers/CMSIS/Include -O0 -ffunction-sections -fdata-sections -Wall -fstack-usage -fcyclomatic-complexity -MMD -MP -MF"Core/Src/main.d" -MT"Core/Src/main.o" --specs=nano.specs -mfpu=fpv4-sp-d16 -mfloat-abi=hard -mthumb -o "Core/Src/main.o"
arm-none-eabi-gcc -o "PWM_LASER_RED.elf" @"objects.list"   -mcpu=cortex-m4 -T"E:\GIOVANNY_TODO\SKETCHS\STM32\STM32F446RET\MIS PROYECTOS\PWM_LASER_RED\STM32F446RETX_FLASH.ld" --specs=nosys.specs -Wl,-Map="PWM_LASER_RED.map" -Wl,--gc-sections -static --specs=nano.specs -mfpu=fpv4-sp-d16 -mfloat-abi=hard -mthumb -Wl,--start-group -lc -lm -Wl,--end-group
Finished building target: PWM_LASER_RED.elf
 
arm-none-eabi-size  PWM_LASER_RED.elf 
arm-none-eabi-objdump -h -S PWM_LASER_RED.elf  > "PWM_LASER_RED.list"
   text	   data	    bss	    dec	    hex	filename
   9456	     12	   1644	  11112	   2b68	PWM_LASER_RED.elf
Finished building: default.size.stdout
 
Finished building: PWM_LASER_RED.list
 
11:21:38 **** Incremental Build of configuration Debug for project PWM_LASER_RED ****
make -j4 all 
arm-none-eabi-gcc "../Core/Src/main.c" -mcpu=cortex-m4 -std=gnu11 -g3 -DDEBUG -DUSE_HAL_DRIVER -DSTM32F446xx -c -I../Core/Inc -I../Drivers/STM32F4xx_HAL_Driver/Inc -I../Drivers/STM32F4xx_HAL_Driver/Inc/Legacy -I../Drivers/CMSIS/Device/ST/STM32F4xx/Include -I../Drivers/CMSIS/Include -O0 -ffunction-sections -fdata-sections -Wall -fstack-usage -fcyclomatic-complexity -MMD -MP -MF"Core/Src/main.d" -MT"Core/Src/main.o" --specs=nano.specs -mfpu=fpv4-sp-d16 -mfloat-abi=hard -mthumb -o "Core/Src/main.o"
arm-none-eabi-gcc -o "PWM_LASER_RED.elf" @"objects.list"   -mcpu=cortex-m4 -T"E:\GIOVANNY_TODO\SKETCHS\STM32\STM32F446RET\MIS PROYECTOS\PWM_LASER_RED\STM32F446RETX_FLASH.ld" --specs=nosys.specs -Wl,-Map="PWM_LASER_RED.map" -Wl,--gc-sections -static --specs=nano.specs -mfpu=fpv4-sp-d16 -mfloat-abi=hard -mthumb -Wl,--start-group -lc -lm -Wl,--end-group
Finished building target: PWM_LASER_RED.elf
 
arm-none-eabi-size  PWM_LASER_RED.elf 
arm-none-eabi-objdump -h -S PWM_LASER_RED.elf  > "PWM_LASER_RED.list"
   text	   data	    bss	    dec	    hex	filename
   9456	     12	   1644	  11112	   2b68	PWM_LASER_RED.elf
Finished building: default.size.stdout
 
Finished building: PWM_LASER_RED.list
 
11:22:50 **** Incremental Build of configuration Debug for project PWM_LASER_RED ****
make -j4 all 
arm-none-eabi-gcc "../Core/Src/main.c" -mcpu=cortex-m4 -std=gnu11 -g3 -DDEBUG -DUSE_HAL_DRIVER -DSTM32F446xx -c -I../Core/Inc -I../Drivers/STM32F4xx_HAL_Driver/Inc -I../Drivers/STM32F4xx_HAL_Driver/Inc/Legacy -I../Drivers/CMSIS/Device/ST/STM32F4xx/Include -I../Drivers/CMSIS/Include -O0 -ffunction-sections -fdata-sections -Wall -fstack-usage -fcyclomatic-complexity -MMD -MP -MF"Core/Src/main.d" -MT"Core/Src/main.o" --specs=nano.specs -mfpu=fpv4-sp-d16 -mfloat-abi=hard -mthumb -o "Core/Src/main.o"
arm-none-eabi-gcc -o "PWM_LASER_RED.elf" @"objects.list"   -mcpu=cortex-m4 -T"E:\GIOVANNY_TODO\SKETCHS\STM32\STM32F446RET\MIS PROYECTOS\PWM_LASER_RED\STM32F446RETX_FLASH.ld" --specs=nosys.specs -Wl,-Map="PWM_LASER_RED.map" -Wl,--gc-sections -static --specs=nano.specs -mfpu=fpv4-sp-d16 -mfloat-abi=hard -mthumb -Wl,--start-group -lc -lm -Wl,--end-group
Finished building target: PWM_LASER_RED.elf
 
arm-none-eabi-size  PWM_LASER_RED.elf 
arm-none-eabi-objdump -h -S PWM_LASER_RED.elf  > "PWM_LASER_RED.list"
   text	   data	    bss	    dec	    hex	filename
   9456	     12	   1644	  11112	   2b68	PWM_LASER_RED.elf
Finished building: default.size.stdout
 
Finished building: PWM_LASER_RED.list
 
11:24:16 **** Incremental Build of configuration Debug for project PWM_LASER_RED ****
make -j4 all 
arm-none-eabi-gcc "../Core/Src/main.c" -mcpu=cortex-m4 -std=gnu11 -g3 -DDEBUG -DUSE_HAL_DRIVER -DSTM32F446xx -c -I../Core/Inc -I../Drivers/STM32F4xx_HAL_Driver/Inc -I../Drivers/STM32F4xx_HAL_Driver/Inc/Legacy -I../Drivers/CMSIS/Device/ST/STM32F4xx/Include -I../Drivers/CMSIS/Include -O0 -ffunction-sections -fdata-sections -Wall -fstack-usage -fcyclomatic-complexity -MMD -MP -MF"Core/Src/main.d" -MT"Core/Src/main.o" --specs=nano.specs -mfpu=fpv4-sp-d16 -mfloat-abi=hard -mthumb -o "Core/Src/main.o"
arm-none-eabi-gcc -o "PWM_LASER_RED.elf" @"objects.list"   -mcpu=cortex-m4 -T"E:\GIOVANNY_TODO\SKETCHS\STM32\STM32F446RET\MIS PROYECTOS\PWM_LASER_RED\STM32F446RETX_FLASH.ld" --specs=nosys.specs -Wl,-Map="PWM_LASER_RED.map" -Wl,--gc-sections -static --specs=nano.specs -mfpu=fpv4-sp-d16 -mfloat-abi=hard -mthumb -Wl,--start-group -lc -lm -Wl,--end-group
Finished building target: PWM_LASER_RED.elf
 
arm-none-eabi-size  PWM_LASER_RED.elf 
arm-none-eabi-objdump -h -S PWM_LASER_RED.elf  > "PWM_LASER_RED.list"
   text	   data	    bss	    dec	    hex	filename
   9456	     12	   1644	  11112	   2b68	PWM_LASER_RED.elf
Finished building: default.size.stdout
 
Finished building: PWM_LASER_RED.list
 
11:24:41 **** Incremental Build of configuration Debug for project PWM_LASER_RED ****
make -j4 all 
arm-none-eabi-gcc "../Core/Src/main.c" -mcpu=cortex-m4 -std=gnu11 -g3 -DDEBUG -DUSE_HAL_DRIVER -DSTM32F446xx -c -I../Core/Inc -I../Drivers/STM32F4xx_HAL_Driver/Inc -I../Drivers/STM32F4xx_HAL_Driver/Inc/Legacy -I../Drivers/CMSIS/Device/ST/STM32F4xx/Include -I../Drivers/CMSIS/Include -O0 -ffunction-sections -fdata-sections -Wall -fstack-usage -fcyclomatic-complexity -MMD -MP -MF"Core/Src/main.d" -MT"Core/Src/main.o" --specs=nano.specs -mfpu=fpv4-sp-d16 -mfloat-abi=hard -mthumb -o "Core/Src/main.o"
arm-none-eabi-gcc -o "PWM_LASER_RED.elf" @"objects.list"   -mcpu=cortex-m4 -T"E:\GIOVANNY_TODO\SKETCHS\STM32\STM32F446RET\MIS PROYECTOS\PWM_LASER_RED\STM32F446RETX_FLASH.ld" --specs=nosys.specs -Wl,-Map="PWM_LASER_RED.map" -Wl,--gc-sections -static --specs=nano.specs -mfpu=fpv4-sp-d16 -mfloat-abi=hard -mthumb -Wl,--start-group -lc -lm -Wl,--end-group
Finished building target: PWM_LASER_RED.elf
 
arm-none-eabi-size  PWM_LASER_RED.elf 
arm-none-eabi-objdump -h -S PWM_LASER_RED.elf  > "PWM_LASER_RED.list"
   text	   data	    bss	    dec	    hex	filename
   9456	     12	   1644	  11112	   2b68	PWM_LASER_RED.elf
Finished building: default.size.stdout
 
Finished building: PWM_LASER_RED.list
 
11:25:25 **** Incremental Build of configuration Debug for project PWM_LASER_RED ****
make -j4 all 
arm-none-eabi-gcc "../Core/Src/main.c" -mcpu=cortex-m4 -std=gnu11 -g3 -DDEBUG -DUSE_HAL_DRIVER -DSTM32F446xx -c -I../Core/Inc -I../Drivers/STM32F4xx_HAL_Driver/Inc -I../Drivers/STM32F4xx_HAL_Driver/Inc/Legacy -I../Drivers/CMSIS/Device/ST/STM32F4xx/Include -I../Drivers/CMSIS/Include -O0 -ffunction-sections -fdata-sections -Wall -fstack-usage -fcyclomatic-complexity -MMD -MP -MF"Core/Src/main.d" -MT"Core/Src/main.o" --specs=nano.specs -mfpu=fpv4-sp-d16 -mfloat-abi=hard -mthumb -o "Core/Src/main.o"
arm-none-eabi-gcc -o "PWM_LASER_RED.elf" @"objects.list"   -mcpu=cortex-m4 -T"E:\GIOVANNY_TODO\SKETCHS\STM32\STM32F446RET\MIS PROYECTOS\PWM_LASER_RED\STM32F446RETX_FLASH.ld" --specs=nosys.specs -Wl,-Map="PWM_LASER_RED.map" -Wl,--gc-sections -static --specs=nano.specs -mfpu=fpv4-sp-d16 -mfloat-abi=hard -mthumb -Wl,--start-group -lc -lm -Wl,--end-group
Finished building target: PWM_LASER_RED.elf
 
arm-none-eabi-size  PWM_LASER_RED.elf 
arm-none-eabi-objdump -h -S PWM_LASER_RED.elf  > "PWM_LASER_RED.list"
   text	   data	    bss	    dec	    hex	filename
   9456	     12	   1644	  11112	   2b68	PWM_LASER_RED.elf
Finished building: default.size.stdout
 
Finished building: PWM_LASER_RED.list
 
11:26:07 **** Incremental Build of configuration Debug for project PWM_LASER_RED ****
make -j4 all 
arm-none-eabi-gcc "../Core/Src/main.c" -mcpu=cortex-m4 -std=gnu11 -g3 -DDEBUG -DUSE_HAL_DRIVER -DSTM32F446xx -c -I../Core/Inc -I../Drivers/STM32F4xx_HAL_Driver/Inc -I../Drivers/STM32F4xx_HAL_Driver/Inc/Legacy -I../Drivers/CMSIS/Device/ST/STM32F4xx/Include -I../Drivers/CMSIS/Include -O0 -ffunction-sections -fdata-sections -Wall -fstack-usage -fcyclomatic-complexity -MMD -MP -MF"Core/Src/main.d" -MT"Core/Src/main.o" --specs=nano.specs -mfpu=fpv4-sp-d16 -mfloat-abi=hard -mthumb -o "Core/Src/main.o"
arm-none-eabi-gcc -o "PWM_LASER_RED.elf" @"objects.list"   -mcpu=cortex-m4 -T"E:\GIOVANNY_TODO\SKETCHS\STM32\STM32F446RET\MIS PROYECTOS\PWM_LASER_RED\STM32F446RETX_FLASH.ld" --specs=nosys.specs -Wl,-Map="PWM_LASER_RED.map" -Wl,--gc-sections -static --specs=nano.specs -mfpu=fpv4-sp-d16 -mfloat-abi=hard -mthumb -Wl,--start-group -lc -lm -Wl,--end-group
Finished building target: PWM_LASER_RED.elf
 
arm-none-eabi-size  PWM_LASER_RED.elf 
arm-none-eabi-objdump -h -S PWM_LASER_RED.elf  > "PWM_LASER_RED.list"
   text	   data	    bss	    dec	    hex	filename
   9456	     12	   1644	  11112	   2b68	PWM_LASER_RED.elf
Finished building: default.size.stdout
 
Finished building: PWM_LASER_RED.list
 
11:27:14 **** Incremental Build of configuration Debug for project PWM_LASER_RED ****
make -j4 all 
arm-none-eabi-gcc "../Core/Src/main.c" -mcpu=cortex-m4 -std=gnu11 -g3 -DDEBUG -DUSE_HAL_DRIVER -DSTM32F446xx -c -I../Core/Inc -I../Drivers/STM32F4xx_HAL_Driver/Inc -I../Drivers/STM32F4xx_HAL_Driver/Inc/Legacy -I../Drivers/CMSIS/Device/ST/STM32F4xx/Include -I../Drivers/CMSIS/Include -O0 -ffunction-sections -fdata-sections -Wall -fstack-usage -fcyclomatic-complexity -MMD -MP -MF"Core/Src/main.d" -MT"Core/Src/main.o" --specs=nano.specs -mfpu=fpv4-sp-d16 -mfloat-abi=hard -mthumb -o "Core/Src/main.o"
arm-none-eabi-gcc -o "PWM_LASER_RED.elf" @"objects.list"   -mcpu=cortex-m4 -T"E:\GIOVANNY_TODO\SKETCHS\STM32\STM32F446RET\MIS PROYECTOS\PWM_LASER_RED\STM32F446RETX_FLASH.ld" --specs=nosys.specs -Wl,-Map="PWM_LASER_RED.map" -Wl,--gc-sections -static --specs=nano.specs -mfpu=fpv4-sp-d16 -mfloat-abi=hard -mthumb -Wl,--start-group -lc -lm -Wl,--end-group
Finished building target: PWM_LASER_RED.elf
 
arm-none-eabi-size  PWM_LASER_RED.elf 
arm-none-eabi-objdump -h -S PWM_LASER_RED.elf  > "PWM_LASER_RED.list"
   text	   data	    bss	    dec	    hex	filename
   9456	     12	   1644	  11112	   2b68	PWM_LASER_RED.elf
Finished building: default.size.stdout
 
Finished building: PWM_LASER_RED.list
 
11:28:08 **** Incremental Build of configuration Debug for project PWM_LASER_RED ****
make -j4 all 
arm-none-eabi-gcc "../Core/Src/main.c" -mcpu=cortex-m4 -std=gnu11 -g3 -DDEBUG -DUSE_HAL_DRIVER -DSTM32F446xx -c -I../Core/Inc -I../Drivers/STM32F4xx_HAL_Driver/Inc -I../Drivers/STM32F4xx_HAL_Driver/Inc/Legacy -I../Drivers/CMSIS/Device/ST/STM32F4xx/Include -I../Drivers/CMSIS/Include -O0 -ffunction-sections -fdata-sections -Wall -fstack-usage -fcyclomatic-complexity -MMD -MP -MF"Core/Src/main.d" -MT"Core/Src/main.o" --specs=nano.specs -mfpu=fpv4-sp-d16 -mfloat-abi=hard -mthumb -o "Core/Src/main.o"
arm-none-eabi-gcc -o "PWM_LASER_RED.elf" @"objects.list"   -mcpu=cortex-m4 -T"E:\GIOVANNY_TODO\SKETCHS\STM32\STM32F446RET\MIS PROYECTOS\PWM_LASER_RED\STM32F446RETX_FLASH.ld" --specs=nosys.specs -Wl,-Map="PWM_LASER_RED.map" -Wl,--gc-sections -static --specs=nano.specs -mfpu=fpv4-sp-d16 -mfloat-abi=hard -mthumb -Wl,--start-group -lc -lm -Wl,--end-group
Finished building target: PWM_LASER_RED.elf
 
arm-none-eabi-size  PWM_LASER_RED.elf 
arm-none-eabi-objdump -h -S PWM_LASER_RED.elf  > "PWM_LASER_RED.list"
   text	   data	    bss	    dec	    hex	filename
   9456	     12	   1644	  11112	   2b68	PWM_LASER_RED.elf
Finished building: default.size.stdout
 
Finished building: PWM_LASER_RED.list
 
11:29:14 **** Incremental Build of configuration Debug for project PWM_LASER_RED ****
make -j4 all 
arm-none-eabi-gcc "../Core/Src/main.c" -mcpu=cortex-m4 -std=gnu11 -g3 -DDEBUG -DUSE_HAL_DRIVER -DSTM32F446xx -c -I../Core/Inc -I../Drivers/STM32F4xx_HAL_Driver/Inc -I../Drivers/STM32F4xx_HAL_Driver/Inc/Legacy -I../Drivers/CMSIS/Device/ST/STM32F4xx/Include -I../Drivers/CMSIS/Include -O0 -ffunction-sections -fdata-sections -Wall -fstack-usage -fcyclomatic-complexity -MMD -MP -MF"Core/Src/main.d" -MT"Core/Src/main.o" --specs=nano.specs -mfpu=fpv4-sp-d16 -mfloat-abi=hard -mthumb -o "Core/Src/main.o"
arm-none-eabi-gcc -o "PWM_LASER_RED.elf" @"objects.list"   -mcpu=cortex-m4 -T"E:\GIOVANNY_TODO\SKETCHS\STM32\STM32F446RET\MIS PROYECTOS\PWM_LASER_RED\STM32F446RETX_FLASH.ld" --specs=nosys.specs -Wl,-Map="PWM_LASER_RED.map" -Wl,--gc-sections -static --specs=nano.specs -mfpu=fpv4-sp-d16 -mfloat-abi=hard -mthumb -Wl,--start-group -lc -lm -Wl,--end-group
Finished building target: PWM_LASER_RED.elf
 
arm-none-eabi-size  PWM_LASER_RED.elf 
arm-none-eabi-objdump -h -S PWM_LASER_RED.elf  > "PWM_LASER_RED.list"
   text	   data	    bss	    dec	    hex	filename
  11508	     12	   1644	  13164	   336c	PWM_LASER_RED.elf
Finished building: default.size.stdout
 
Finished building: PWM_LASER_RED.list
 
11:29:54 **** Incremental Build of configuration Debug for project PWM_LASER_RED ****
make -j4 all 
arm-none-eabi-gcc "../Core/Src/main.c" -mcpu=cortex-m4 -std=gnu11 -g3 -DDEBUG -DUSE_HAL_DRIVER -DSTM32F446xx -c -I../Core/Inc -I../Drivers/STM32F4xx_HAL_Driver/Inc -I../Drivers/STM32F4xx_HAL_Driver/Inc/Legacy -I../Drivers/CMSIS/Device/ST/STM32F4xx/Include -I../Drivers/CMSIS/Include -O0 -ffunction-sections -fdata-sections -Wall -fstack-usage -fcyclomatic-complexity -MMD -MP -MF"Core/Src/main.d" -MT"Core/Src/main.o" --specs=nano.specs -mfpu=fpv4-sp-d16 -mfloat-abi=hard -mthumb -o "Core/Src/main.o"
arm-none-eabi-gcc -o "PWM_LASER_RED.elf" @"objects.list"   -mcpu=cortex-m4 -T"E:\GIOVANNY_TODO\SKETCHS\STM32\STM32F446RET\MIS PROYECTOS\PWM_LASER_RED\STM32F446RETX_FLASH.ld" --specs=nosys.specs -Wl,-Map="PWM_LASER_RED.map" -Wl,--gc-sections -static --specs=nano.specs -mfpu=fpv4-sp-d16 -mfloat-abi=hard -mthumb -Wl,--start-group -lc -lm -Wl,--end-group
Finished building target: PWM_LASER_RED.elf
 
arm-none-eabi-size  PWM_LASER_RED.elf 
arm-none-eabi-objdump -h -S PWM_LASER_RED.elf  > "PWM_LASER_RED.list"
   text	   data	    bss	    dec	    hex	filename
   9456	     12	   1644	  11112	   2b68	PWM_LASER_RED.elf
Finished building: default.size.stdout
 
Finished building: PWM_LASER_RED.list
 
11:30:22 **** Incremental Build of configuration Debug for project PWM_LASER_RED ****
make -j4 all 
arm-none-eabi-gcc "../Core/Src/main.c" -mcpu=cortex-m4 -std=gnu11 -g3 -DDEBUG -DUSE_HAL_DRIVER -DSTM32F446xx -c -I../Core/Inc -I../Drivers/STM32F4xx_HAL_Driver/Inc -I../Drivers/STM32F4xx_HAL_Driver/Inc/Legacy -I../Drivers/CMSIS/Device/ST/STM32F4xx/Include -I../Drivers/CMSIS/Include -O0 -ffunction-sections -fdata-sections -Wall -fstack-usage -fcyclomatic-complexity -MMD -MP -MF"Core/Src/main.d" -MT"Core/Src/main.o" --specs=nano.specs -mfpu=fpv4-sp-d16 -mfloat-abi=hard -mthumb -o "Core/Src/main.o"
arm-none-eabi-gcc -o "PWM_LASER_RED.elf" @"objects.list"   -mcpu=cortex-m4 -T"E:\GIOVANNY_TODO\SKETCHS\STM32\STM32F446RET\MIS PROYECTOS\PWM_LASER_RED\STM32F446RETX_FLASH.ld" --specs=nosys.specs -Wl,-Map="PWM_LASER_RED.map" -Wl,--gc-sections -static --specs=nano.specs -mfpu=fpv4-sp-d16 -mfloat-abi=hard -mthumb -Wl,--start-group -lc -lm -Wl,--end-group
Finished building target: PWM_LASER_RED.elf
 
arm-none-eabi-size  PWM_LASER_RED.elf 
arm-none-eabi-objdump -h -S PWM_LASER_RED.elf  > "PWM_LASER_RED.list"
   text	   data	    bss	    dec	    hex	filename
   9456	     12	   1644	  11112	   2b68	PWM_LASER_RED.elf
Finished building: default.size.stdout
 
Finished building: PWM_LASER_RED.list
 
11:30:43 **** Incremental Build of configuration Debug for project PWM_LASER_RED ****
make -j4 all 
arm-none-eabi-gcc "../Core/Src/main.c" -mcpu=cortex-m4 -std=gnu11 -g3 -DDEBUG -DUSE_HAL_DRIVER -DSTM32F446xx -c -I../Core/Inc -I../Drivers/STM32F4xx_HAL_Driver/Inc -I../Drivers/STM32F4xx_HAL_Driver/Inc/Legacy -I../Drivers/CMSIS/Device/ST/STM32F4xx/Include -I../Drivers/CMSIS/Include -O0 -ffunction-sections -fdata-sections -Wall -fstack-usage -fcyclomatic-complexity -MMD -MP -MF"Core/Src/main.d" -MT"Core/Src/main.o" --specs=nano.specs -mfpu=fpv4-sp-d16 -mfloat-abi=hard -mthumb -o "Core/Src/main.o"
arm-none-eabi-gcc -o "PWM_LASER_RED.elf" @"objects.list"   -mcpu=cortex-m4 -T"E:\GIOVANNY_TODO\SKETCHS\STM32\STM32F446RET\MIS PROYECTOS\PWM_LASER_RED\STM32F446RETX_FLASH.ld" --specs=nosys.specs -Wl,-Map="PWM_LASER_RED.map" -Wl,--gc-sections -static --specs=nano.specs -mfpu=fpv4-sp-d16 -mfloat-abi=hard -mthumb -Wl,--start-group -lc -lm -Wl,--end-group
Finished building target: PWM_LASER_RED.elf
 
arm-none-eabi-size  PWM_LASER_RED.elf 
arm-none-eabi-objdump -h -S PWM_LASER_RED.elf  > "PWM_LASER_RED.list"
   text	   data	    bss	    dec	    hex	filename
   9456	     12	   1644	  11112	   2b68	PWM_LASER_RED.elf
Finished building: default.size.stdout
 
Finished building: PWM_LASER_RED.list
 
11:31:14 **** Incremental Build of configuration Debug for project PWM_LASER_RED ****
make -j4 all 
arm-none-eabi-gcc "../Core/Src/main.c" -mcpu=cortex-m4 -std=gnu11 -g3 -DDEBUG -DUSE_HAL_DRIVER -DSTM32F446xx -c -I../Core/Inc -I../Drivers/STM32F4xx_HAL_Driver/Inc -I../Drivers/STM32F4xx_HAL_Driver/Inc/Legacy -I../Drivers/CMSIS/Device/ST/STM32F4xx/Include -I../Drivers/CMSIS/Include -O0 -ffunction-sections -fdata-sections -Wall -fstack-usage -fcyclomatic-complexity -MMD -MP -MF"Core/Src/main.d" -MT"Core/Src/main.o" --specs=nano.specs -mfpu=fpv4-sp-d16 -mfloat-abi=hard -mthumb -o "Core/Src/main.o"
arm-none-eabi-gcc -o "PWM_LASER_RED.elf" @"objects.list"   -mcpu=cortex-m4 -T"E:\GIOVANNY_TODO\SKETCHS\STM32\STM32F446RET\MIS PROYECTOS\PWM_LASER_RED\STM32F446RETX_FLASH.ld" --specs=nosys.specs -Wl,-Map="PWM_LASER_RED.map" -Wl,--gc-sections -static --specs=nano.specs -mfpu=fpv4-sp-d16 -mfloat-abi=hard -mthumb -Wl,--start-group -lc -lm -Wl,--end-group
Finished building target: PWM_LASER_RED.elf
 
arm-none-eabi-size  PWM_LASER_RED.elf 
arm-none-eabi-objdump -h -S PWM_LASER_RED.elf  > "PWM_LASER_RED.list"
   text	   data	    bss	    dec	    hex	filename
   9456	     12	   1644	  11112	   2b68	PWM_LASER_RED.elf
Finished building: default.size.stdout
 
Finished building: PWM_LASER_RED.list
 
11:32:21 **** Incremental Build of configuration Debug for project PWM_LASER_RED ****
make -j4 all 
arm-none-eabi-gcc "../Core/Src/main.c" -mcpu=cortex-m4 -std=gnu11 -g3 -DDEBUG -DUSE_HAL_DRIVER -DSTM32F446xx -c -I../Core/Inc -I../Drivers/STM32F4xx_HAL_Driver/Inc -I../Drivers/STM32F4xx_HAL_Driver/Inc/Legacy -I../Drivers/CMSIS/Device/ST/STM32F4xx/Include -I../Drivers/CMSIS/Include -O0 -ffunction-sections -fdata-sections -Wall -fstack-usage -fcyclomatic-complexity -MMD -MP -MF"Core/Src/main.d" -MT"Core/Src/main.o" --specs=nano.specs -mfpu=fpv4-sp-d16 -mfloat-abi=hard -mthumb -o "Core/Src/main.o"
arm-none-eabi-gcc -o "PWM_LASER_RED.elf" @"objects.list"   -mcpu=cortex-m4 -T"E:\GIOVANNY_TODO\SKETCHS\STM32\STM32F446RET\MIS PROYECTOS\PWM_LASER_RED\STM32F446RETX_FLASH.ld" --specs=nosys.specs -Wl,-Map="PWM_LASER_RED.map" -Wl,--gc-sections -static --specs=nano.specs -mfpu=fpv4-sp-d16 -mfloat-abi=hard -mthumb -Wl,--start-group -lc -lm -Wl,--end-group
Finished building target: PWM_LASER_RED.elf
 
arm-none-eabi-size  PWM_LASER_RED.elf 
arm-none-eabi-objdump -h -S PWM_LASER_RED.elf  > "PWM_LASER_RED.list"
   text	   data	    bss	    dec	    hex	filename
   9476	     12	   1644	  11132	   2b7c	PWM_LASER_RED.elf
Finished building: default.size.stdout
 
Finished building: PWM_LASER_RED.list
 
11:35:29 **** Incremental Build of configuration Debug for project PWM_LASER_RED ****
make -j4 all 
arm-none-eabi-gcc "../Core/Src/main.c" -mcpu=cortex-m4 -std=gnu11 -g3 -DDEBUG -DUSE_HAL_DRIVER -DSTM32F446xx -c -I../Core/Inc -I../Drivers/STM32F4xx_HAL_Driver/Inc -I../Drivers/STM32F4xx_HAL_Driver/Inc/Legacy -I../Drivers/CMSIS/Device/ST/STM32F4xx/Include -I../Drivers/CMSIS/Include -O0 -ffunction-sections -fdata-sections -Wall -fstack-usage -fcyclomatic-complexity -MMD -MP -MF"Core/Src/main.d" -MT"Core/Src/main.o" --specs=nano.specs -mfpu=fpv4-sp-d16 -mfloat-abi=hard -mthumb -o "Core/Src/main.o"
arm-none-eabi-gcc -o "PWM_LASER_RED.elf" @"objects.list"   -mcpu=cortex-m4 -T"E:\GIOVANNY_TODO\SKETCHS\STM32\STM32F446RET\MIS PROYECTOS\PWM_LASER_RED\STM32F446RETX_FLASH.ld" --specs=nosys.specs -Wl,-Map="PWM_LASER_RED.map" -Wl,--gc-sections -static --specs=nano.specs -mfpu=fpv4-sp-d16 -mfloat-abi=hard -mthumb -Wl,--start-group -lc -lm -Wl,--end-group
Finished building target: PWM_LASER_RED.elf
 
arm-none-eabi-size  PWM_LASER_RED.elf 
arm-none-eabi-objdump -h -S PWM_LASER_RED.elf  > "PWM_LASER_RED.list"
   text	   data	    bss	    dec	    hex	filename
   9508	     12	   1644	  11164	   2b9c	PWM_LASER_RED.elf
Finished building: default.size.stdout
 
Finished building: PWM_LASER_RED.list
 
11:36:34 **** Incremental Build of configuration Debug for project PWM_LASER_RED ****
make -j4 all 
arm-none-eabi-gcc "../Core/Src/main.c" -mcpu=cortex-m4 -std=gnu11 -g3 -DDEBUG -DUSE_HAL_DRIVER -DSTM32F446xx -c -I../Core/Inc -I../Drivers/STM32F4xx_HAL_Driver/Inc -I../Drivers/STM32F4xx_HAL_Driver/Inc/Legacy -I../Drivers/CMSIS/Device/ST/STM32F4xx/Include -I../Drivers/CMSIS/Include -O0 -ffunction-sections -fdata-sections -Wall -fstack-usage -fcyclomatic-complexity -MMD -MP -MF"Core/Src/main.d" -MT"Core/Src/main.o" --specs=nano.specs -mfpu=fpv4-sp-d16 -mfloat-abi=hard -mthumb -o "Core/Src/main.o"
arm-none-eabi-gcc -o "PWM_LASER_RED.elf" @"objects.list"   -mcpu=cortex-m4 -T"E:\GIOVANNY_TODO\SKETCHS\STM32\STM32F446RET\MIS PROYECTOS\PWM_LASER_RED\STM32F446RETX_FLASH.ld" --specs=nosys.specs -Wl,-Map="PWM_LASER_RED.map" -Wl,--gc-sections -static --specs=nano.specs -mfpu=fpv4-sp-d16 -mfloat-abi=hard -mthumb -Wl,--start-group -lc -lm -Wl,--end-group
Finished building target: PWM_LASER_RED.elf
 
arm-none-eabi-size  PWM_LASER_RED.elf 
arm-none-eabi-objdump -h -S PWM_LASER_RED.elf  > "PWM_LASER_RED.list"
   text	   data	    bss	    dec	    hex	filename
   9524	     12	   1644	  11180	   2bac	PWM_LASER_RED.elf
Finished building: default.size.stdout
 
Finished building: PWM_LASER_RED.list
 
11:37:22 **** Incremental Build of configuration Debug for project PWM_LASER_RED ****
make -j4 all 
arm-none-eabi-gcc "../Core/Src/main.c" -mcpu=cortex-m4 -std=gnu11 -g3 -DDEBUG -DUSE_HAL_DRIVER -DSTM32F446xx -c -I../Core/Inc -I../Drivers/STM32F4xx_HAL_Driver/Inc -I../Drivers/STM32F4xx_HAL_Driver/Inc/Legacy -I../Drivers/CMSIS/Device/ST/STM32F4xx/Include -I../Drivers/CMSIS/Include -O0 -ffunction-sections -fdata-sections -Wall -fstack-usage -fcyclomatic-complexity -MMD -MP -MF"Core/Src/main.d" -MT"Core/Src/main.o" --specs=nano.specs -mfpu=fpv4-sp-d16 -mfloat-abi=hard -mthumb -o "Core/Src/main.o"
arm-none-eabi-gcc -o "PWM_LASER_RED.elf" @"objects.list"   -mcpu=cortex-m4 -T"E:\GIOVANNY_TODO\SKETCHS\STM32\STM32F446RET\MIS PROYECTOS\PWM_LASER_RED\STM32F446RETX_FLASH.ld" --specs=nosys.specs -Wl,-Map="PWM_LASER_RED.map" -Wl,--gc-sections -static --specs=nano.specs -mfpu=fpv4-sp-d16 -mfloat-abi=hard -mthumb -Wl,--start-group -lc -lm -Wl,--end-group
Finished building target: PWM_LASER_RED.elf
 
arm-none-eabi-size  PWM_LASER_RED.elf 
arm-none-eabi-objdump -h -S PWM_LASER_RED.elf  > "PWM_LASER_RED.list"
   text	   data	    bss	    dec	    hex	filename
   9524	     12	   1644	  11180	   2bac	PWM_LASER_RED.elf
Finished building: default.size.stdout
 
Finished building: PWM_LASER_RED.list
 
11:37:33 **** Incremental Build of configuration Debug for project PWM_LASER_RED ****
make -j4 all 
arm-none-eabi-gcc "../Core/Src/main.c" -mcpu=cortex-m4 -std=gnu11 -g3 -DDEBUG -DUSE_HAL_DRIVER -DSTM32F446xx -c -I../Core/Inc -I../Drivers/STM32F4xx_HAL_Driver/Inc -I../Drivers/STM32F4xx_HAL_Driver/Inc/Legacy -I../Drivers/CMSIS/Device/ST/STM32F4xx/Include -I../Drivers/CMSIS/Include -O0 -ffunction-sections -fdata-sections -Wall -fstack-usage -fcyclomatic-complexity -MMD -MP -MF"Core/Src/main.d" -MT"Core/Src/main.o" --specs=nano.specs -mfpu=fpv4-sp-d16 -mfloat-abi=hard -mthumb -o "Core/Src/main.o"
arm-none-eabi-gcc -o "PWM_LASER_RED.elf" @"objects.list"   -mcpu=cortex-m4 -T"E:\GIOVANNY_TODO\SKETCHS\STM32\STM32F446RET\MIS PROYECTOS\PWM_LASER_RED\STM32F446RETX_FLASH.ld" --specs=nosys.specs -Wl,-Map="PWM_LASER_RED.map" -Wl,--gc-sections -static --specs=nano.specs -mfpu=fpv4-sp-d16 -mfloat-abi=hard -mthumb -Wl,--start-group -lc -lm -Wl,--end-group
Finished building target: PWM_LASER_RED.elf
 
arm-none-eabi-size  PWM_LASER_RED.elf 
arm-none-eabi-objdump -h -S PWM_LASER_RED.elf  > "PWM_LASER_RED.list"
   text	   data	    bss	    dec	    hex	filename
   9524	     12	   1644	  11180	   2bac	PWM_LASER_RED.elf
Finished building: default.size.stdout
 
Finished building: PWM_LASER_RED.list
 
11:38:04 **** Incremental Build of configuration Debug for project PWM_LASER_RED ****
make -j4 all 
arm-none-eabi-gcc "../Core/Src/main.c" -mcpu=cortex-m4 -std=gnu11 -g3 -DDEBUG -DUSE_HAL_DRIVER -DSTM32F446xx -c -I../Core/Inc -I../Drivers/STM32F4xx_HAL_Driver/Inc -I../Drivers/STM32F4xx_HAL_Driver/Inc/Legacy -I../Drivers/CMSIS/Device/ST/STM32F4xx/Include -I../Drivers/CMSIS/Include -O0 -ffunction-sections -fdata-sections -Wall -fstack-usage -fcyclomatic-complexity -MMD -MP -MF"Core/Src/main.d" -MT"Core/Src/main.o" --specs=nano.specs -mfpu=fpv4-sp-d16 -mfloat-abi=hard -mthumb -o "Core/Src/main.o"
arm-none-eabi-gcc -o "PWM_LASER_RED.elf" @"objects.list"   -mcpu=cortex-m4 -T"E:\GIOVANNY_TODO\SKETCHS\STM32\STM32F446RET\MIS PROYECTOS\PWM_LASER_RED\STM32F446RETX_FLASH.ld" --specs=nosys.specs -Wl,-Map="PWM_LASER_RED.map" -Wl,--gc-sections -static --specs=nano.specs -mfpu=fpv4-sp-d16 -mfloat-abi=hard -mthumb -Wl,--start-group -lc -lm -Wl,--end-group
Finished building target: PWM_LASER_RED.elf
 
arm-none-eabi-size  PWM_LASER_RED.elf 
arm-none-eabi-objdump -h -S PWM_LASER_RED.elf  > "PWM_LASER_RED.list"
   text	   data	    bss	    dec	    hex	filename
   9524	     12	   1644	  11180	   2bac	PWM_LASER_RED.elf
Finished building: default.size.stdout
 
Finished building: PWM_LASER_RED.list
 
11:38:47 **** Incremental Build of configuration Debug for project PWM_LASER_RED ****
make -j4 all 
arm-none-eabi-gcc "../Core/Src/main.c" -mcpu=cortex-m4 -std=gnu11 -g3 -DDEBUG -DUSE_HAL_DRIVER -DSTM32F446xx -c -I../Core/Inc -I../Drivers/STM32F4xx_HAL_Driver/Inc -I../Drivers/STM32F4xx_HAL_Driver/Inc/Legacy -I../Drivers/CMSIS/Device/ST/STM32F4xx/Include -I../Drivers/CMSIS/Include -O0 -ffunction-sections -fdata-sections -Wall -fstack-usage -fcyclomatic-complexity -MMD -MP -MF"Core/Src/main.d" -MT"Core/Src/main.o" --specs=nano.specs -mfpu=fpv4-sp-d16 -mfloat-abi=hard -mthumb -o "Core/Src/main.o"
arm-none-eabi-gcc -o "PWM_LASER_RED.elf" @"objects.list"   -mcpu=cortex-m4 -T"E:\GIOVANNY_TODO\SKETCHS\STM32\STM32F446RET\MIS PROYECTOS\PWM_LASER_RED\STM32F446RETX_FLASH.ld" --specs=nosys.specs -Wl,-Map="PWM_LASER_RED.map" -Wl,--gc-sections -static --specs=nano.specs -mfpu=fpv4-sp-d16 -mfloat-abi=hard -mthumb -Wl,--start-group -lc -lm -Wl,--end-group
Finished building target: PWM_LASER_RED.elf
 
arm-none-eabi-size  PWM_LASER_RED.elf 
arm-none-eabi-objdump -h -S PWM_LASER_RED.elf  > "PWM_LASER_RED.list"
   text	   data	    bss	    dec	    hex	filename
   9524	     12	   1644	  11180	   2bac	PWM_LASER_RED.elf
Finished building: default.size.stdout
 
Finished building: PWM_LASER_RED.list
 
11:39:37 **** Incremental Build of configuration Debug for project PWM_LASER_RED ****
make -j4 all 
arm-none-eabi-gcc "../Core/Src/main.c" -mcpu=cortex-m4 -std=gnu11 -g3 -DDEBUG -DUSE_HAL_DRIVER -DSTM32F446xx -c -I../Core/Inc -I../Drivers/STM32F4xx_HAL_Driver/Inc -I../Drivers/STM32F4xx_HAL_Driver/Inc/Legacy -I../Drivers/CMSIS/Device/ST/STM32F4xx/Include -I../Drivers/CMSIS/Include -O0 -ffunction-sections -fdata-sections -Wall -fstack-usage -fcyclomatic-complexity -MMD -MP -MF"Core/Src/main.d" -MT"Core/Src/main.o" --specs=nano.specs -mfpu=fpv4-sp-d16 -mfloat-abi=hard -mthumb -o "Core/Src/main.o"
arm-none-eabi-gcc -o "PWM_LASER_RED.elf" @"objects.list"   -mcpu=cortex-m4 -T"E:\GIOVANNY_TODO\SKETCHS\STM32\STM32F446RET\MIS PROYECTOS\PWM_LASER_RED\STM32F446RETX_FLASH.ld" --specs=nosys.specs -Wl,-Map="PWM_LASER_RED.map" -Wl,--gc-sections -static --specs=nano.specs -mfpu=fpv4-sp-d16 -mfloat-abi=hard -mthumb -Wl,--start-group -lc -lm -Wl,--end-group
Finished building target: PWM_LASER_RED.elf
 
arm-none-eabi-size  PWM_LASER_RED.elf 
arm-none-eabi-objdump -h -S PWM_LASER_RED.elf  > "PWM_LASER_RED.list"
   text	   data	    bss	    dec	    hex	filename
   9456	     12	   1644	  11112	   2b68	PWM_LASER_RED.elf
Finished building: default.size.stdout
 
Finished building: PWM_LASER_RED.list
 
11:40:03 **** Incremental Build of configuration Debug for project PWM_LASER_RED ****
make -j4 all 
arm-none-eabi-gcc "../Core/Src/main.c" -mcpu=cortex-m4 -std=gnu11 -g3 -DDEBUG -DUSE_HAL_DRIVER -DSTM32F446xx -c -I../Core/Inc -I../Drivers/STM32F4xx_HAL_Driver/Inc -I../Drivers/STM32F4xx_HAL_Driver/Inc/Legacy -I../Drivers/CMSIS/Device/ST/STM32F4xx/Include -I../Drivers/CMSIS/Include -O0 -ffunction-sections -fdata-sections -Wall -fstack-usage -fcyclomatic-complexity -MMD -MP -MF"Core/Src/main.d" -MT"Core/Src/main.o" --specs=nano.specs -mfpu=fpv4-sp-d16 -mfloat-abi=hard -mthumb -o "Core/Src/main.o"
arm-none-eabi-gcc -o "PWM_LASER_RED.elf" @"objects.list"   -mcpu=cortex-m4 -T"E:\GIOVANNY_TODO\SKETCHS\STM32\STM32F446RET\MIS PROYECTOS\PWM_LASER_RED\STM32F446RETX_FLASH.ld" --specs=nosys.specs -Wl,-Map="PWM_LASER_RED.map" -Wl,--gc-sections -static --specs=nano.specs -mfpu=fpv4-sp-d16 -mfloat-abi=hard -mthumb -Wl,--start-group -lc -lm -Wl,--end-group
Finished building target: PWM_LASER_RED.elf
 
arm-none-eabi-size  PWM_LASER_RED.elf 
arm-none-eabi-objdump -h -S PWM_LASER_RED.elf  > "PWM_LASER_RED.list"
   text	   data	    bss	    dec	    hex	filename
   9484	     12	   1644	  11140	   2b84	PWM_LASER_RED.elf
Finished building: default.size.stdout
 
Finished building: PWM_LASER_RED.list
 
11:40:41 **** Incremental Build of configuration Debug for project PWM_LASER_RED ****
make -j4 all 
arm-none-eabi-gcc "../Core/Src/main.c" -mcpu=cortex-m4 -std=gnu11 -g3 -DDEBUG -DUSE_HAL_DRIVER -DSTM32F446xx -c -I../Core/Inc -I../Drivers/STM32F4xx_HAL_Driver/Inc -I../Drivers/STM32F4xx_HAL_Driver/Inc/Legacy -I../Drivers/CMSIS/Device/ST/STM32F4xx/Include -I../Drivers/CMSIS/Include -O0 -ffunction-sections -fdata-sections -Wall -fstack-usage -fcyclomatic-complexity -MMD -MP -MF"Core/Src/main.d" -MT"Core/Src/main.o" --specs=nano.specs -mfpu=fpv4-sp-d16 -mfloat-abi=hard -mthumb -o "Core/Src/main.o"
arm-none-eabi-gcc -o "PWM_LASER_RED.elf" @"objects.list"   -mcpu=cortex-m4 -T"E:\GIOVANNY_TODO\SKETCHS\STM32\STM32F446RET\MIS PROYECTOS\PWM_LASER_RED\STM32F446RETX_FLASH.ld" --specs=nosys.specs -Wl,-Map="PWM_LASER_RED.map" -Wl,--gc-sections -static --specs=nano.specs -mfpu=fpv4-sp-d16 -mfloat-abi=hard -mthumb -Wl,--start-group -lc -lm -Wl,--end-group
Finished building target: PWM_LASER_RED.elf
 
arm-none-eabi-size  PWM_LASER_RED.elf 
arm-none-eabi-objdump -h -S PWM_LASER_RED.elf  > "PWM_LASER_RED.list"
   text	   data	    bss	    dec	    hex	filename
   9492	     12	   1644	  11148	   2b8c	PWM_LASER_RED.elf
Finished building: default.size.stdout
 
Finished building: PWM_LASER_RED.list
 
11:41:42 **** Incremental Build of configuration Debug for project PWM_LASER_RED ****
make -j4 all 
arm-none-eabi-gcc "../Core/Src/main.c" -mcpu=cortex-m4 -std=gnu11 -g3 -DDEBUG -DUSE_HAL_DRIVER -DSTM32F446xx -c -I../Core/Inc -I../Drivers/STM32F4xx_HAL_Driver/Inc -I../Drivers/STM32F4xx_HAL_Driver/Inc/Legacy -I../Drivers/CMSIS/Device/ST/STM32F4xx/Include -I../Drivers/CMSIS/Include -O0 -ffunction-sections -fdata-sections -Wall -fstack-usage -fcyclomatic-complexity -MMD -MP -MF"Core/Src/main.d" -MT"Core/Src/main.o" --specs=nano.specs -mfpu=fpv4-sp-d16 -mfloat-abi=hard -mthumb -o "Core/Src/main.o"
arm-none-eabi-gcc -o "PWM_LASER_RED.elf" @"objects.list"   -mcpu=cortex-m4 -T"E:\GIOVANNY_TODO\SKETCHS\STM32\STM32F446RET\MIS PROYECTOS\PWM_LASER_RED\STM32F446RETX_FLASH.ld" --specs=nosys.specs -Wl,-Map="PWM_LASER_RED.map" -Wl,--gc-sections -static --specs=nano.specs -mfpu=fpv4-sp-d16 -mfloat-abi=hard -mthumb -Wl,--start-group -lc -lm -Wl,--end-group
Finished building target: PWM_LASER_RED.elf
 
arm-none-eabi-size  PWM_LASER_RED.elf 
arm-none-eabi-objdump -h -S PWM_LASER_RED.elf  > "PWM_LASER_RED.list"
   text	   data	    bss	    dec	    hex	filename
   9252	     12	   1644	  10908	   2a9c	PWM_LASER_RED.elf
Finished building: default.size.stdout
 
Finished building: PWM_LASER_RED.list
 
11:42:10 **** Incremental Build of configuration Debug for project PWM_LASER_RED ****
make -j4 all 
arm-none-eabi-gcc "../Core/Src/main.c" -mcpu=cortex-m4 -std=gnu11 -g3 -DDEBUG -DUSE_HAL_DRIVER -DSTM32F446xx -c -I../Core/Inc -I../Drivers/STM32F4xx_HAL_Driver/Inc -I../Drivers/STM32F4xx_HAL_Driver/Inc/Legacy -I../Drivers/CMSIS/Device/ST/STM32F4xx/Include -I../Drivers/CMSIS/Include -O0 -ffunction-sections -fdata-sections -Wall -fstack-usage -fcyclomatic-complexity -MMD -MP -MF"Core/Src/main.d" -MT"Core/Src/main.o" --specs=nano.specs -mfpu=fpv4-sp-d16 -mfloat-abi=hard -mthumb -o "Core/Src/main.o"
arm-none-eabi-gcc -o "PWM_LASER_RED.elf" @"objects.list"   -mcpu=cortex-m4 -T"E:\GIOVANNY_TODO\SKETCHS\STM32\STM32F446RET\MIS PROYECTOS\PWM_LASER_RED\STM32F446RETX_FLASH.ld" --specs=nosys.specs -Wl,-Map="PWM_LASER_RED.map" -Wl,--gc-sections -static --specs=nano.specs -mfpu=fpv4-sp-d16 -mfloat-abi=hard -mthumb -Wl,--start-group -lc -lm -Wl,--end-group
Finished building target: PWM_LASER_RED.elf
 
arm-none-eabi-size  PWM_LASER_RED.elf 
arm-none-eabi-objdump -h -S PWM_LASER_RED.elf  > "PWM_LASER_RED.list"
   text	   data	    bss	    dec	    hex	filename
   9292	     12	   1644	  10948	   2ac4	PWM_LASER_RED.elf
Finished building: default.size.stdout
 
Finished building: PWM_LASER_RED.list
 
11:45:21 **** Incremental Build of configuration Debug for project PWM_LASER_RED ****
make -j4 all 
arm-none-eabi-gcc "../Core/Src/main.c" -mcpu=cortex-m4 -std=gnu11 -g3 -DDEBUG -DUSE_HAL_DRIVER -DSTM32F446xx -c -I../Core/Inc -I../Drivers/STM32F4xx_HAL_Driver/Inc -I../Drivers/STM32F4xx_HAL_Driver/Inc/Legacy -I../Drivers/CMSIS/Device/ST/STM32F4xx/Include -I../Drivers/CMSIS/Include -O0 -ffunction-sections -fdata-sections -Wall -fstack-usage -fcyclomatic-complexity -MMD -MP -MF"Core/Src/main.d" -MT"Core/Src/main.o" --specs=nano.specs -mfpu=fpv4-sp-d16 -mfloat-abi=hard -mthumb -o "Core/Src/main.o"
arm-none-eabi-gcc -o "PWM_LASER_RED.elf" @"objects.list"   -mcpu=cortex-m4 -T"E:\GIOVANNY_TODO\SKETCHS\STM32\STM32F446RET\MIS PROYECTOS\PWM_LASER_RED\STM32F446RETX_FLASH.ld" --specs=nosys.specs -Wl,-Map="PWM_LASER_RED.map" -Wl,--gc-sections -static --specs=nano.specs -mfpu=fpv4-sp-d16 -mfloat-abi=hard -mthumb -Wl,--start-group -lc -lm -Wl,--end-group
Finished building target: PWM_LASER_RED.elf
 
arm-none-eabi-size  PWM_LASER_RED.elf 
arm-none-eabi-objdump -h -S PWM_LASER_RED.elf  > "PWM_LASER_RED.list"
   text	   data	    bss	    dec	    hex	filename
   9280	     12	   1644	  10936	   2ab8	PWM_LASER_RED.elf
Finished building: default.size.stdout
 
Finished building: PWM_LASER_RED.list
 
11:45:46 **** Incremental Build of configuration Debug for project PWM_LASER_RED ****
make -j4 all 
arm-none-eabi-gcc "../Core/Src/main.c" -mcpu=cortex-m4 -std=gnu11 -g3 -DDEBUG -DUSE_HAL_DRIVER -DSTM32F446xx -c -I../Core/Inc -I../Drivers/STM32F4xx_HAL_Driver/Inc -I../Drivers/STM32F4xx_HAL_Driver/Inc/Legacy -I../Drivers/CMSIS/Device/ST/STM32F4xx/Include -I../Drivers/CMSIS/Include -O0 -ffunction-sections -fdata-sections -Wall -fstack-usage -fcyclomatic-complexity -MMD -MP -MF"Core/Src/main.d" -MT"Core/Src/main.o" --specs=nano.specs -mfpu=fpv4-sp-d16 -mfloat-abi=hard -mthumb -o "Core/Src/main.o"
arm-none-eabi-gcc -o "PWM_LASER_RED.elf" @"objects.list"   -mcpu=cortex-m4 -T"E:\GIOVANNY_TODO\SKETCHS\STM32\STM32F446RET\MIS PROYECTOS\PWM_LASER_RED\STM32F446RETX_FLASH.ld" --specs=nosys.specs -Wl,-Map="PWM_LASER_RED.map" -Wl,--gc-sections -static --specs=nano.specs -mfpu=fpv4-sp-d16 -mfloat-abi=hard -mthumb -Wl,--start-group -lc -lm -Wl,--end-group
Finished building target: PWM_LASER_RED.elf
 
arm-none-eabi-size  PWM_LASER_RED.elf 
arm-none-eabi-objdump -h -S PWM_LASER_RED.elf  > "PWM_LASER_RED.list"
   text	   data	    bss	    dec	    hex	filename
   9292	     12	   1644	  10948	   2ac4	PWM_LASER_RED.elf
Finished building: default.size.stdout
 
Finished building: PWM_LASER_RED.list
 
11:46:10 **** Incremental Build of configuration Debug for project PWM_LASER_RED ****
make -j4 all 
arm-none-eabi-gcc "../Core/Src/main.c" -mcpu=cortex-m4 -std=gnu11 -g3 -DDEBUG -DUSE_HAL_DRIVER -DSTM32F446xx -c -I../Core/Inc -I../Drivers/STM32F4xx_HAL_Driver/Inc -I../Drivers/STM32F4xx_HAL_Driver/Inc/Legacy -I../Drivers/CMSIS/Device/ST/STM32F4xx/Include -I../Drivers/CMSIS/Include -O0 -ffunction-sections -fdata-sections -Wall -fstack-usage -fcyclomatic-complexity -MMD -MP -MF"Core/Src/main.d" -MT"Core/Src/main.o" --specs=nano.specs -mfpu=fpv4-sp-d16 -mfloat-abi=hard -mthumb -o "Core/Src/main.o"
arm-none-eabi-gcc -o "PWM_LASER_RED.elf" @"objects.list"   -mcpu=cortex-m4 -T"E:\GIOVANNY_TODO\SKETCHS\STM32\STM32F446RET\MIS PROYECTOS\PWM_LASER_RED\STM32F446RETX_FLASH.ld" --specs=nosys.specs -Wl,-Map="PWM_LASER_RED.map" -Wl,--gc-sections -static --specs=nano.specs -mfpu=fpv4-sp-d16 -mfloat-abi=hard -mthumb -Wl,--start-group -lc -lm -Wl,--end-group
Finished building target: PWM_LASER_RED.elf
 
arm-none-eabi-size  PWM_LASER_RED.elf 
arm-none-eabi-objdump -h -S PWM_LASER_RED.elf  > "PWM_LASER_RED.list"
   text	   data	    bss	    dec	    hex	filename
   9300	     12	   1644	  10956	   2acc	PWM_LASER_RED.elf
Finished building: default.size.stdout
 
Finished building: PWM_LASER_RED.list
 
