10:42:17 **** Incremental Build of configuration Debug for project PORTABLE DIGITAL SOURCE ****
make -j4 all 
arm-none-eabi-gcc "../Core/Src/main.c" -mcpu=cortex-m4 -std=gnu11 -g3 -DDEBUG -DUSE_HAL_DRIVER -DSTM32F446xx -c -I../Core/Inc -I../Drivers/STM32F4xx_HAL_Driver/Inc -I../Drivers/STM32F4xx_HAL_Driver/Inc/Legacy -I../Drivers/CMSIS/Device/ST/STM32F4xx/Include -I../Drivers/CMSIS/Include -O0 -ffunction-sections -fdata-sections -Wall -fstack-usage -MMD -MP -MF"Core/Src/main.d" -MT"Core/Src/main.o" --specs=nano.specs -mfpu=fpv4-sp-d16 -mfloat-abi=hard -mthumb -o "Core/Src/main.o"
arm-none-eabi-gcc -o "PORTABLE DIGITAL SOURCE.elf" @"objects.list"   -mcpu=cortex-m4 -T"E:\GIOVANNY_TODO\SKETCHS\STM32\STM32F446RET\MIS PROYECTOS\PORTABLE DIGITAL SOURCE\STM32F446RETX_FLASH.ld" --specs=nosys.specs -Wl,-Map="PORTABLE DIGITAL SOURCE.map" -Wl,--gc-sections -static --specs=nano.specs -mfpu=fpv4-sp-d16 -mfloat-abi=hard -mthumb -u _printf_float -Wl,--start-group -lc -lm -Wl,--end-group
Finished building target: PORTABLE DIGITAL SOURCE.elf
 
arm-none-eabi-size   PORTABLE\ DIGITAL\ SOURCE.elf 
arm-none-eabi-objdump -h -S  PORTABLE\ DIGITAL\ SOURCE.elf  > "PORTABLE DIGITAL SOURCE.list"
   text	   data	    bss	    dec	    hex	filename
  40456	    488	   1888	  42832	   a750	PORTABLE DIGITAL SOURCE.elf
Finished building: default.size.stdout
 
Finished building: PORTABLE DIGITAL SOURCE.list
 

10:42:21 Build Finished. 0 errors, 0 warnings. (took 3s.599ms)

